******************************************************************************
            TI ARM Clang Linker Unix v4.0.4                    
******************************************************************************
>> Linked Tue Apr 21 19:39:02 2026

OUTPUT FILE NAME:   <ECE319K_Lab9H.out>
ENTRY POINT SYMBOL: "_c_int00_noargs"  address: 0001e2a9


MEMORY CONFIGURATION

         name            origin    length      used     unused   attr    fill
----------------------  --------  ---------  --------  --------  ----  --------
  FLASH                 00000000   00020000  0001eb10  000014f0  R  X
  SRAM                  20200000   00008000  000009fb  00007605  RW X
  BCR_CONFIG            41c00000   00000080  00000000  00000080  R   
  BSL_CONFIG            41c00100   00000080  00000000  00000080  R   


SEGMENT ALLOCATION MAP

run origin  load origin   length   init length attrs members
----------  ----------- ---------- ----------- ----- -------
00000000    00000000    0001eb10   0001eb10    r-x
  00000000    00000000    000000c0   000000c0    r-- .intvecs
  000000c0    000000c0    00017f78   00017f78    r-- .rodata
  00018038    00018038    00000008   00000008    r-- .init_array
  00018040    00018040    00006a30   00006a30    r-x .text
  0001ea70    0001ea70    000000a0   000000a0    r-- .cinit
20200000    20200000    00000800   00000000    rw-
  20200000    20200000    0000038d   00000000    rw- .data
  20200390    20200390    0000026e   00000000    rw- .bss
  20200600    20200600    00000200   00000000    rw- .sysmem
20207e00    20207e00    00000200   00000000    rw-
  20207e00    20207e00    00000200   00000000    rw- .stack


SECTION ALLOCATION MAP

 output                                  attributes/
section   page    origin      length       input sections
--------  ----  ----------  ----------   ----------------
.intvecs   0    00000000    000000c0     
                  00000000    000000c0     startup_mspm0g3507_ticlang.o (.intvecs)

.binit     0    00000000    00000000     

.text      0    00018040    00006a30     
                  00018040    00000644     libc.a : k_rem_pio2.c.obj (.text.__kernel_rem_pio2)
                  00018684    000005bc     Lab9HMain.o (.text.main)
                  00018c40    00000284     libc.a : _printfi.c.obj (.text:__TI_printfi_minimal)
                  00018ec4    0000023c     Graphics.o (.text._Z10renderPuck4Puck)
                  00019100    00000208     Graphics.o (.text._Z18drawLanguageScreenh)
                  00019308    000001d4     Puck.o (.text._ZN4Puck17process_CollisionEhhf)
                  000194dc    000001d4     libc.a : s_cosf.c.obj (.text.cosf)
                  000196b0    000001c8            : s_sinf.c.obj (.text.sinf)
                  00019878    000001b4     Clock.o (.text.Clock_Init80MHz)
                  00019a2c    000001ac     Puck.o (.text._ZN4Puck16check_CollisionsEh)
                  00019bd8    000001a0     ST7735.o (.text._Z16ST7735_DrawCharSsscssh)
                  00019d78    000001a0     Graphics.o (.text._Z9drawArrowssffb)
                  00019f18    00000198     ScoreDisplay.o (.text._Z16drawWinnerBannerhhh)
                  0001a0b0    00000192     libclang_rt.builtins.a : adddf3.S.obj (.text.adddf3_subdf3)
                  0001a242    00000178     Graphics.o (.text._ZL9arrowLinessssb)
                  0001a3ba    00000002     libclang_rt.builtins.a : aeabi_div0.c.obj (.text.__aeabi_idiv0)
                  0001a3bc    00000154     libc.a : fopen.c.obj (.text._openfile)
                  0001a510    00000144            : s_floor.c.obj (.text.floor)
                  0001a654    00000128     TExaS.o (.text._Z8ADC_InitP10ADC12_Regsjj)
                  0001a77c    00000118     ST7735.o (.text._Z15ST7735_FillRectsssst)
                  0001a894    00000114     ScoreDisplay.o (.text._Z18updateScoreDisplayhh)
                  0001a9a8    00000114     Puck.o (.text._ZN4Puck16process_MovementEv)
                  0001aabc    00000114     libc.a : memory.c.obj (.text.aligned_alloc)
                  0001abd0    00000108     Lab9HMain.o (.text.__cxx_global_var_init)
                  0001acd8    000000f8     SPI.o (.text._Z8SPI_Initv)
                  0001add0    000000f8     libc.a : fputs.c.obj (.text.fputs)
                  0001aec8    000000f4     ST7735.o (.text._Z18ST7735_SetRotationh)
                  0001afbc    000000f2     Lab9HMain.o (.text._ZNSt3__112basic_stringIcNS_11char_traitsIcEENS_9allocatorIcEEE13__move_assignB8nn180100ERS5_NS_17integral_constantIbLb1EEE)
                  0001b0ae    00000002     libc.a : _lock.c.obj (.text._nop)
                  0001b0b0    000000ec     libsysbm.a : add_device.c.obj (.text.add_device)
                  0001b19c    000000e8     Lab9HMain.o (.text.TIMG12_IRQHandler)
                  0001b284    000000e8     TExaS.o (.text._Z9UART_Initv)
                  0001b36c    000000e8     libc.a : memory.c.obj (.text.free)
                  0001b454    000000e4     libclang_rt.builtins.a : muldf3.S.obj (.text.__muldf3)
                  0001b538    000000e0     libc.a : setvbuf.c.obj (.text.setvbuf)
                  0001b618    000000d8            : s_scalbn.c.obj (.text.scalbn)
                  0001b6f0    000000d8     libclang_rt.builtins.a : addsf3.S.obj (.text)
                  0001b7c8    000000d0     ST7735.o (.text._Z14ST7735_OutCharc)
                  0001b898    000000d0     Lab9HMain.o (.text._Z5ADCinPVfS0_S0_Ph)
                  0001b968    000000cc     ScoreDisplay.o (.text._Z14calculateScorePhS_P4Puck)
                  0001ba34    000000c4     libc++.a : string.cpp.obj (.text._ZNSt3__112basic_stringIcNS_11char_traitsIcEENS_9allocatorIcEEE21__grow_by_and_replaceEjjjjjjPKc)
                  0001baf8    000000b8     ScoreDisplay.o (.text._ZL10zonePointsss)
                  0001bbb0    000000ac     libc.a : s_cosf.c.obj (.text.__kernel_sindf)
                  0001bc5c    000000ac            : s_sinf.c.obj (.text.__kernel_sindf)
                  0001bd08    000000a8     DAC.o (.text.DAC_Init)
                  0001bdb0    000000a8     Timer.o (.text._Z14TimerG7_IntArmtjj)
                  0001be58    000000a8     Puck.o (.text._ZN4PuckC2EffNSt3__112basic_stringIcNS0_11char_traitsIcEENS0_9allocatorIcEEEEh)
                  0001bf00    000000a2     ST7735.o (.text._ZL11commandListPKh)
                  0001bfa2    00000002     --HOLE-- [fill = 0]
                  0001bfa4    000000a0     ST7735.o (.text._Z17ST7735_InitPrintf10initRFlags)
                  0001c044    000000a0     libsysbm.a : open.c.obj (.text.open)
                  0001c0e4    000000a0     libc.a : e_sqrtf.c.obj (.text.sqrtf)
                  0001c184    0000009c            : s_cosf.c.obj (.text.__kernel_cosdf)
                  0001c220    0000009c            : s_sinf.c.obj (.text.__kernel_cosdf)
                  0001c2bc    0000009c            : aeabi_atexit.c.obj (.text.atexit_register)
                  0001c358    0000009c            : fputc.c.obj (.text.fputc)
                  0001c3f4    00000098     ST7735.o (.text._Z12ST7735_InitR10initRFlags)
                  0001c48c    00000094     Timer.o (.text._Z15TimerG12_IntArmjj)
                  0001c520    00000090     Lab9HMain.o (.text._Z7ADCinitv)
                  0001c5b0    0000008c     libclang_rt.builtins.a : mulsf3.S.obj (.text.__mulsf3)
                  0001c63c    00000088     ST7735.o (.text._ZL13setAddrWindowhhhh)
                  0001c6c4    0000000c     Clock.o (.text.Clock_Freq)
                  0001c6d0    00000088     libc.a : strcmp-armv6m.S.obj (.text:strcmp)
                  0001c758    00000084     ST7735.o (.text._Z17ST7735_DrawStringttPcs)
                  0001c7dc    00000082     libclang_rt.builtins.a : divsf3.S.obj (.text.__divsf3)
                  0001c85e    00000002     --HOLE-- [fill = 0]
                  0001c860    00000080     Sound.o (.text.SysTick_Handler)
                  0001c8e0    0000007c     LaunchPad.o (.text._Z14LaunchPad_Initv)
                  0001c95c    0000007c     SlidePot.o (.text._ZN8SlidePot4InitEv)
                  0001c9d8    0000007c     libc.a : fclose.c.obj (.text.__TI_closefile)
                  0001ca54    0000007c            : copy_decompress_lzss.c.obj (.text:decompress:lzss)
                  0001cad0    00000074     libclang_rt.builtins.a : comparedf2.c.obj (.text.__gedf2)
                  0001cb44    0000000c     Lab9HMain.o (.text._GLOBAL__sub_I_Lab9HMain.cpp)
                  0001cb50    00000074     libclang_rt.builtins.a : truncdfsf2.S.obj (.text.__truncdfsf2)
                  0001cbc4    00000070     ST7735.o (.text._Z16ST7735_DrawPixelsst)
                  0001cc34    0000006e     Graphics.o (.text._ZL7drawStrssPKctth)
                  0001cca2    00000002     --HOLE-- [fill = 0]
                  0001cca4    0000006c     libsysbm.a : hostlseek.c.obj (.text.HOSTlseek)
                  0001cd10    0000006c                : hostrename.c.obj (.text.HOSTrename)
                  0001cd7c    0000006c     libc.a : aeabi_atexit.c.obj (.text.__cxa_finalize)
                  0001cde8    0000006c            : fseek.c.obj (.text.fseeko)
                  0001ce54    0000006c            : getdevice.c.obj (.text.getdevice)
                  0001cec0    00000068     libclang_rt.builtins.a : comparedf2.c.obj (.text.__ledf2)
                  0001cf28    00000064     libc.a : _io_perm.c.obj (.text.__TI_wrt_ok)
                  0001cf8c    00000064            : memory.c.obj (.text.split)
                  0001cff0    00000062     libclang_rt.builtins.a : aeabi_dcmp.S.obj (.text.__aeabi_dcmp)
                  0001d052    00000002     --HOLE-- [fill = 0]
                  0001d054    00000062                            : aeabi_fcmp.S.obj (.text.__aeabi_fcmp)
                  0001d0b6    00000002     --HOLE-- [fill = 0]
                  0001d0b8    00000060     libsysbm.a : hostopen.c.obj (.text.HOSTopen)
                  0001d118    00000060     ScoreDisplay.o (.text._ZL13colorToPointst)
                  0001d178    00000060     libc++.a : string.cpp.obj (.text._ZNKSt3__112basic_stringIcNS_11char_traitsIcEENS_9allocatorIcEEE7compareEjjPKcj)
                  0001d1d8    0000005c     Sound.o (.text._Z10Sound_Initv)
                  0001d234    0000005c     ScoreDisplay.o (.text._ZL13drawBigStringssPKctt)
                  0001d290    0000005c     ScoreDisplay.o (.text._ZL15drawSmallStringssPKctt)
                  0001d2ec    00000058     Button.o (.text.Button_Init)
                  0001d344    00000058     libsysbm.a : hostread.c.obj (.text.HOSTread)
                  0001d39c    00000058                : hostwrite.c.obj (.text.HOSTwrite)
                  0001d3f4    00000058     TExaS.o (.text._Z10TExaS_InitP10ADC12_RegsjPFhvE)
                  0001d44c    00000058     Graphics.o (.text._Z14drawBackgroundv)
                  0001d4a4    00000056     libclang_rt.builtins.a : aeabi_idivmod.S.obj (.text.__aeabi_idivmod)
                  0001d4fa    00000054     Puck.o (.text._ZN4Puck12set_VelocityEff)
                  0001d54e    00000002     --HOLE-- [fill = 0]
                  0001d550    00000054     libc.a : autoinit.c.obj (.text:__TI_auto_init_nobinit)
                  0001d5a4    00000052            : fflush.c.obj (.text.__TI_doflush)
                  0001d5f6    00000002     --HOLE-- [fill = 0]
                  0001d5f8    00000050     libsysbm.a : close.c.obj (.text.close)
                  0001d648    0000004e     Puck.o (.text._ZNSt3__1eqB8nn180100IcNS_11char_traitsIcEENS_9allocatorIcEEEEbRKNS_12basic_stringIT_T0_T1_EEPKS6_)
                  0001d696    00000002     --HOLE-- [fill = 0]
                  0001d698    0000004c     Lab9HMain.o (.text._ZL10allStoppedv)
                  0001d6e4    0000004c     libc.a : vfprintf.c.obj (.text.vfprintf)
                  0001d730    0000004a     libclang_rt.builtins.a : fixdfsi.S.obj (.text.__fixdfsi)
                  0001d77a    00000002     --HOLE-- [fill = 0]
                  0001d77c    00000048     Button.o (.text.GROUP1_IRQHandler)
                  0001d7c4    00000048     libsysbm.a : hostclose.c.obj (.text.HOSTclose)
                  0001d80c    00000048                : hostunlink.c.obj (.text.HOSTunlink)
                  0001d854    00000048     SPI.o (.text._Z14SPI_OutCommandc)
                  0001d89c    00000046     libc++.a : string.cpp.obj (.text._ZNSt3__112basic_stringIcNS_11char_traitsIcEENS_9allocatorIcEEE17__assign_no_aliasILb0EEERS5_PKcj)
                  0001d8e2    00000044              : string.cpp.obj (.text._ZNSt3__112basic_stringIcNS_11char_traitsIcEENS_9allocatorIcEEE6__initEPKcj)
                  0001d926    00000002     --HOLE-- [fill = 0]
                  0001d928    00000040     TExaS.o (.text.TIMG7_IRQHandler)
                  0001d968    00000040     SPI.o (.text._Z9SPI_Resetv)
                  0001d9a8    00000040     libc++.a : string.cpp.obj (.text._ZNSt3__112basic_stringIcNS_11char_traitsIcEENS_9allocatorIcEEE17__assign_no_aliasILb1EEERS5_PKcj)
                  0001d9e8    00000040     libclang_rt.builtins.a : aeabi_uidivmod.S.obj (.text.__aeabi_uidivmod)
                  0001da28    00000040                            : extendsfdf2.S.obj (.text.__extendsfdf2)
                  0001da68    00000040     libc.a : fopen.c.obj (.text._search_fp)
                  0001daa8    0000003c     ScoreDisplay.o (.text._Z17scoreDisplay_initv)
                  0001dae4    0000003c     ScoreDisplay.o (.text._ZL13spi_send_byteh)
                  0001db20    0000003c     libc++.a : string.cpp.obj (.text._ZNSt3__112basic_stringIcNS_11char_traitsIcEENS_9allocatorIcEEE25__init_copy_ctor_externalEPKcj)
                  0001db5c    0000003c              : string.cpp.obj (.text._ZNSt3__112basic_stringIcNS_11char_traitsIcEENS_9allocatorIcEEEaSERKS5_)
                  0001db98    0000003c     libclang_rt.builtins.a : floatsisf.S.obj (.text.__floatsisf)
                  0001dbd4    0000003c                            : comparesf2.S.obj (.text.__gtsf2)
                  0001dc10    0000003a     Lab9HMain.o (.text._ZN4PuckC2ERKS_)
                  0001dc4a    0000003a     Lab9HMain.o (.text._ZN4PuckaSEOS_)
                  0001dc84    0000003a     libclang_rt.builtins.a : comparesf2.S.obj (.text.__eqsf2)
                  0001dcbe    00000002     --HOLE-- [fill = 0]
                  0001dcc0    0000003a                            : muldsi3.S.obj (.text.__muldsi3)
                  0001dcfa    00000002     --HOLE-- [fill = 0]
                  0001dcfc    00000038     SPI.o (.text._Z11SPI_OutDatac)
                  0001dd34    00000038     LaunchPad.o (.text._Z15ActivatePortA_Bv)
                  0001dd6c    00000038     Lab9HMain.o (.text._ZNSt3__112basic_stringIcNS_11char_traitsIcEENS_9allocatorIcEEE16__set_short_sizeB8nn180100Ej)
                  0001dda4    00000038     libclang_rt.builtins.a : fixsfsi.S.obj (.text.__fixsfsi)
                  0001dddc    00000034     Clock.o (.text.Clock_Delay1ms)
                  0001de10    00000034     ST7735.o (.text._Z12ST7735_writeiPKcj)
                  0001de44    00000034     ST7735.o (.text._Z16ST7735_SetCursorjj)
                  0001de78    00000034     LED.o (.text._Z8LED_Initv)
                  0001deac    00000034     libc.a : fopen.c.obj (.text.__TI_cleanup)
                  0001dee0    00000034     libsysbm.a : trgmsg.c.obj (.text.__TI_readmsg)
                  0001df14    00000034                : trgmsg.c.obj (.text.__TI_writemsg)
                  0001df48    00000034     libc.a : exit.c.obj (.text.exit)
                  0001df7c    00000034            : getdevice.c.obj (.text.finddevice)
                  0001dfb0    00000034            : fopen.c.obj (.text.freopen)
                  0001dfe4    00000032     ST7735.o (.text._Z15ST7735_Color565hhh)
                  0001e016    00000002     --HOLE-- [fill = 0]
                  0001e018    00000030     Sound.o (.text._Z11Sound_StartPKtji)
                  0001e048    00000030     ST7735.o (.text._ZL10commonInitPKh)
                  0001e078    00000030     Lab9HMain.o (.text.__cxx_global_array_dtor)
                  0001e0a8    00000030     libc.a : fopen.c.obj (.text.fopen)
                  0001e0d8    0000002e     Lab9HMain.o (.text._ZNKSt3__112basic_stringIcNS_11char_traitsIcEENS_9allocatorIcEEE4sizeB8nn180100Ev)
                  0001e106    00000002     --HOLE-- [fill = 0]
                  0001e108    0000002c     ST7735.o (.text._Z17ST7735_FillScreent)
                  0001e134    0000002c     Lab9HMain.o (.text._ZNSt3__112basic_stringIcNS_11char_traitsIcEENS_9allocatorIcEEEC2B8nn180100ILi0EEEPKc)
                  0001e160    0000002c     libclang_rt.builtins.a : floatsidf.S.obj (.text.__floatsidf)
                  0001e18c    0000002c     libsysbm.a : unlink.c.obj (.text.unlink)
                  0001e1b8    00000028     Graphics.o (.text._Z18getBackgroundPixelhh)
                  0001e1e0    00000028     TExaS.o (.text._Z9ADC_StartP10ADC12_Regs)
                  0001e208    00000028     libc.a : memory.c.obj (.text.free_list_insert)
                  0001e230    00000028     libsysbm.a : lseek.c.obj (.text.lseek)
                  0001e258    00000028     libc.a : memmov.c.obj (.text.memmove)
                  0001e280    00000028     libsysbm.a : write.c.obj (.text.write)
                  0001e2a8    00000028     libc.a : boot_cortex_m.c.obj (.text:_c_int00_noargs)
                  0001e2d0    00000026     libc++abi.a : stdlib_new_delete.cpp.obj (.text._ZL17operator_new_implj)
                  0001e2f6    00000026     Lab9HMain.o (.text._ZNSt3__112basic_stringIcNS_11char_traitsIcEENS_9allocatorIcEEEaSB8nn180100EOS5_)
                  0001e31c    00000026     Puck.o (.text._ZNSt3__117__compressed_pairINS_12basic_stringIcNS_11char_traitsIcEENS_9allocatorIcEEE5__repES5_EC2B8nn180100INS_16__value_init_tagENS_18__default_init_tagEEEOT_OT0_)
                  0001e342    00000026     Lab9HMain.o (.text._ZNSt3__117__compressed_pairINS_12basic_stringIcNS_11char_traitsIcEENS_9allocatorIcEEE5__repES5_EC2B8nn180100INS_18__default_init_tagESA_EEOT_OT0_)
                  0001e368    00000024     ScoreDisplay.o (.text._ZL11push_to_595hh)
                  0001e38c    00000022     Lab9HMain.o (.text._ZNSt3__112basic_stringIcNS_11char_traitsIcEENS_9allocatorIcEEE19__move_assign_allocB8nn180100ERS5_)
                  0001e3ae    00000022     libc.a : memccpy.c.obj (.text.memccpy)
                  0001e3d0    00000020     ScoreDisplay.o (.text._ZL11latch_pulsev)
                  0001e3f0    00000020     Puck.o (.text._ZNSt3__112basic_stringIcNS_11char_traitsIcEENS_9allocatorIcEEEC2B8nn180100Ev)
                  0001e410    00000020     libc++.a : string.cpp.obj (.text._ZNSt3__112basic_stringIcNS_11char_traitsIcEENS_9allocatorIcEEEC2ERKS5_)
                  0001e430    00000020              : verbose_abort.cpp.obj (.text._ZNSt3__122__libcpp_verbose_abortEPKcz)
                  0001e450    00000020     libc.a : memcmp.c.obj (.text.memcmp)
                  0001e470    0000001e     ST7735.o (.text._ZL9pushColort)
                  0001e48e    00000002     --HOLE-- [fill = 0]
                  0001e490    0000001c     startup_mspm0g3507_ticlang.o (.text.Default_Handler)
                  0001e4ac    0000001c     startup_mspm0g3507_ticlang.o (.text.HardFault_Handler)
                  0001e4c8    0000001c     Lab9HMain.o (.text._ZNSt3__112basic_stringIcNS_11char_traitsIcEENS_9allocatorIcEEE19__move_assign_allocB8nn180100ERS5_NS_17integral_constantIbLb1EEE)
                  0001e4e4    0000001c     libc.a : memory.c.obj (.text.free_list_remove)
                  0001e500    00000018     Sound.o (.text._Z11Sound_Shootv)
                  0001e518    00000018     Sound.o (.text._Z12Sound_Winnerv)
                  0001e530    00000018     Sound.o (.text._Z15Sound_Collisionv)
                  0001e548    00000018     Lab9HMain.o (.text._ZNSt3__116allocator_traitsINS_9allocatorIcEEE10deallocateB8nn180100ERS2_Pcj)
                  0001e560    00000018     Lab9HMain.o (.text._ZNSt3__19allocatorIcE10deallocateB8nn180100EPcj)
                  0001e578    00000018     Lab9HMain.o (.text.__cxx_global_var_init.2)
                  0001e590    00000016     libc.a : k_rem_pio2.c.obj (.text.OUTLINED_FUNCTION_0)
                  0001e5a6    00000002     --HOLE-- [fill = 0]
                  0001e5a8    00000010     libclang_rt.builtins.a : adddf3.S.obj (.tramp.__aeabi_dadd.1)
                  0001e5b8    00000016     ST7735.o (.text._Z11ST7735_openPKcji)
                  0001e5ce    00000016     ST7735.o (.text._Z11ST7735_readiPcj)
                  0001e5e4    00000016     Lab9HMain.o (.text._ZN4PuckD2Ev)
                  0001e5fa    00000016     Lab9HMain.o (.text._ZNKSt3__112basic_stringIcNS_11char_traitsIcEENS_9allocatorIcEEE14__get_long_capB8nn180100Ev)
                  0001e610    00000016     Lab9HMain.o (.text._ZNKSt3__112basic_stringIcNS_11char_traitsIcEENS_9allocatorIcEEE9__is_longB8nn180100Ev)
                  0001e626    00000016     Lab9HMain.o (.text._ZNSt3__112basic_stringIcNS_11char_traitsIcEENS_9allocatorIcEEE19__get_short_pointerB8nn180100Ev)
                  0001e63c    00000016     Lab9HMain.o (.text._ZNSt3__119__libcpp_deallocateB8nn180100EPvjj)
                  0001e652    00000016     libc.a : copy_zero_init.c.obj (.text:decompress:ZI:__TI_zero_init_nomemset)
                  0001e668    00000014     DAC.o (.text.DAC_Out)
                  0001e67c    00000014     Graphics.o (.text._Z13graphics_initv)
                  0001e690    00000014     Lab9HMain.o (.text._ZNKSt3__112basic_stringIcNS_11char_traitsIcEENS_9allocatorIcEEE16__get_short_sizeB8nn180100Ev)
                  0001e6a4    00000014     libc++.a : string.cpp.obj (.text._ZNSt3__112basic_stringIcNS_11char_traitsIcEENS_9allocatorIcEEED2Ev)
                  0001e6b8    00000014     Lab9HMain.o (.text._ZNSt3__122__compressed_pair_elemINS_9allocatorIcEELi1ELb1EEC2B8nn180100ENS_18__default_init_tagE)
                  0001e6cc    00000014     Lab9HMain.o (.text._ZNSt3__19allocatorIcEC2B8nn180100Ev)
                  0001e6e0    00000014     libc++abi.a : stdlib_new_delete.cpp.obj (.text._Znwj)
                  0001e6f4    00000014     libc.a : aeabi_atexit.c.obj (.text.__cxa_atexit)
                  0001e708    00000012     Lab9HMain.o (.text._ZNKSt3__112basic_stringIcNS_11char_traitsIcEENS_9allocatorIcEEE15__get_long_sizeB8nn180100Ev)
                  0001e71a    00000012     Lab9HMain.o (.text._ZNSt3__111char_traitsIcE6assignB8nn180100ERcRKc)
                  0001e72c    00000012     Lab9HMain.o (.text._ZNSt3__112basic_stringIcNS_11char_traitsIcEENS_9allocatorIcEEE18__get_long_pointerB8nn180100Ev)
                  0001e73e    00000012     Puck.o (.text._ZNSt3__122__compressed_pair_elemINS_12basic_stringIcNS_11char_traitsIcEENS_9allocatorIcEEE5__repELi0ELb0EEC2B8nn180100ENS_16__value_init_tagE)
                  0001e750    00000012     Lab9HMain.o (.text._ZNSt3__127__do_deallocate_handle_sizeB8nn180100IJEEEvPvjDpT_)
                  0001e762    00000012     libc.a : memcpy16.S.obj (.text:TI_memcpy_small)
                  0001e774    00000012            : copy_decompress_none.c.obj (.text:decompress:none)
                  0001e786    00000010     Clock.o (.text.Clock_Delay)
                  0001e796    00000010     libc.a : k_rem_pio2.c.obj (.text.OUTLINED_FUNCTION_2)
                  0001e7a6    00000002     --HOLE-- [fill = 0]
                  0001e7a8    00000010     Lab9HMain.o (.text._Z28TExaS_LaunchPadLogicPB27PB26v)
                  0001e7b8    00000010     Puck.o (.text._Z3absB8nn180100f)
                  0001e7c8    00000010     Lab9HMain.o (.text._ZNKSt3__117__compressed_pairINS_12basic_stringIcNS_11char_traitsIcEENS_9allocatorIcEEE5__repES5_E5firstB8nn180100Ev)
                  0001e7d8    00000010     Lab9HMain.o (.text._ZNSt3__111char_traitsIcE6lengthB8nn180100EPKc)
                  0001e7e8    00000010     Lab9HMain.o (.text._ZNSt3__112basic_stringIcNS_11char_traitsIcEENS_9allocatorIcEEE7__allocB8nn180100Ev)
                  0001e7f8    00000010     Lab9HMain.o (.text._ZNSt3__117__compressed_pairINS_12basic_stringIcNS_11char_traitsIcEENS_9allocatorIcEEE5__repES5_E5firstB8nn180100Ev)
                  0001e808    00000010     Lab9HMain.o (.text._ZNSt3__117__compressed_pairINS_12basic_stringIcNS_11char_traitsIcEENS_9allocatorIcEEE5__repES5_E6secondB8nn180100Ev)
                  0001e818    00000010     Lab9HMain.o (.text._ZNSt3__118__constexpr_strlenB8nn180100EPKc)
                  0001e828    00000010     Lab9HMain.o (.text._ZNSt3__124__libcpp_operator_deleteB8nn180100IJPvEEEvDpT_)
                  0001e838    00000010     Puck.o (.text._ZNSt3__16__math4sqrtB8nn180100Ef)
                  0001e848    0000000e     libc.a : memory.c.obj (.text.OUTLINED_FUNCTION_0)
                  0001e856    0000000e     ST7735.o (.text._Z12ST7735_lseekili)
                  0001e864    0000000e     SlidePot.o (.text._ZN8SlidePotC2Ejj)
                  0001e872    00000002     --HOLE-- [fill = 0]
                  0001e874    0000000e     libclang_rt.builtins.a : aeabi_memset.S.obj (.text.__aeabi_memset)
                  0001e882    0000000e     libsysbm.a : hostrename.c.obj (.text.strcpy)
                  0001e890    0000000e     libc.a : _printfi.c.obj (.text.strlen)
                  0001e89e    0000000e            : strlen.c.obj (.text.strlen)
                  0001e8ac    0000000e     libsysbm.a : hostrename.c.obj (.text.strlen)
                  0001e8ba    0000000e     libc.a : memset16.S.obj (.text:TI_memset_small)
                  0001e8c8    0000000c     ST7735.o (.text._Z13ST7735_renamePKcS0_)
                  0001e8d4    0000000c     libc++abi.a : stdlib_new_delete.cpp.obj (.text._Z22__throw_bad_alloc_shimv)
                  0001e8e0    0000000c     libc++.a : string.cpp.obj (.text._ZNKSt3__112basic_stringIcNS_11char_traitsIcEENS_9allocatorIcEEE20__throw_length_errorB8nn180100Ev)
                  0001e8ec    0000000c              : string.cpp.obj (.text._ZNKSt3__112basic_stringIcNS_11char_traitsIcEENS_9allocatorIcEEE20__throw_out_of_rangeB8nn180100Ev)
                  0001e8f8    0000000c              : string.cpp.obj (.text._ZNSt3__120__throw_length_errorB8nn180100EPKc)
                  0001e904    0000000c              : string.cpp.obj (.text._ZNSt3__120__throw_out_of_rangeB8nn180100EPKc)
                  0001e910    0000000c     libc++abi.a : cxa_handlers.cpp.obj (.text._ZSt15get_new_handlerv)
                  0001e91c    0000000c     libclang_rt.builtins.a : aeabi_memset.S.obj (.text.__aeabi_memclr)
                  0001e928    0000000c     libc.a : memory.c.obj (.text.malloc)
                  0001e934    0000000a            : k_rem_pio2.c.obj (.text.OUTLINED_FUNCTION_1)
                  0001e93e    0000000a            : s_cosf.c.obj (.text.OUTLINED_FUNCTION_3)
                  0001e948    0000000a            : s_sinf.c.obj (.text.OUTLINED_FUNCTION_3)
                  0001e952    0000000a     ST7735.o (.text._Z12ST7735_closei)
                  0001e95c    0000000a     ST7735.o (.text._Z13ST7735_unlinkPKc)
                  0001e966    0000000a     Lab9HMain.o (.text._Z8PLL_Initv)
                  0001e970    0000000a     Lab9HMain.o (.text._ZNKSt3__112basic_stringIcNS_11char_traitsIcEENS_9allocatorIcEEE14__annotate_newB8nn180100Ej)
                  0001e97a    0000000a     Lab9HMain.o (.text._ZNKSt3__112basic_stringIcNS_11char_traitsIcEENS_9allocatorIcEEE17__annotate_shrinkB8nn180100Ej)
                  0001e984    0000000a     Lab9HMain.o (.text._ZNKSt3__122__compressed_pair_elemINS_12basic_stringIcNS_11char_traitsIcEENS_9allocatorIcEEE5__repELi0ELb0EE5__getB8nn180100Ev)
                  0001e98e    0000000a     Lab9HMain.o (.text._ZNSt3__114pointer_traitsIPcE10pointer_toB8nn180100ERc)
                  0001e998    0000000a     Lab9HMain.o (.text._ZNSt3__116__non_trivial_ifILb1ENS_9allocatorIcEEEC2B8nn180100Ev)
                  0001e9a2    0000000a     Lab9HMain.o (.text._ZNSt3__122__compressed_pair_elemINS_12basic_stringIcNS_11char_traitsIcEENS_9allocatorIcEEE5__repELi0ELb0EE5__getB8nn180100Ev)
                  0001e9ac    0000000a     Lab9HMain.o (.text._ZNSt3__122__compressed_pair_elemINS_12basic_stringIcNS_11char_traitsIcEENS_9allocatorIcEEE5__repELi0ELb0EEC2B8nn180100ENS_18__default_init_tagE)
                  0001e9b6    0000000a     Lab9HMain.o (.text._ZNSt3__122__compressed_pair_elemINS_9allocatorIcEELi1ELb1EE5__getB8nn180100Ev)
                  0001e9c0    00000008     Lab9HMain.o (.text._ZNKSt3__112basic_stringIcNS_11char_traitsIcEENS_9allocatorIcEEE17__annotate_deleteB8nn180100Ev)
                  0001e9c8    00000008     libc++abi.a : stdlib_new_delete.cpp.obj (.text._ZdlPv)
                  0001e9d0    00000008     libc.a : aeabi_portable.c.obj (.text.__aeabi_errno_addr)
                  0001e9d8    00000008     libclang_rt.builtins.a : aeabi_memcpy.S.obj (.text.__aeabi_memcpy)
                  0001e9e0    00000008                            : aeabi_memmove.S.obj (.text.__aeabi_memmove)
                  0001e9e8    00000008     libc.a : aeabi_atexit.c.obj (.text.__cxa_ia64_exit)
                  0001e9f0    00000008            : vfprintf.c.obj (.text._outc)
                  0001e9f8    00000008            : vfprintf.c.obj (.text._outs)
                  0001ea00    00000008            : fseek.c.obj (.text.fseek)
                  0001ea08    00000008     libsysbm.a : remove.c.obj (.text.remove)
                  0001ea10    00000006     libc.a : s_cosf.c.obj (.text.OUTLINED_FUNCTION_0)
                  0001ea16    00000002     --HOLE-- [fill = 0]
                  0001ea18    00000010     libclang_rt.builtins.a : muldf3.S.obj (.tramp.__aeabi_dmul.1)
                  0001ea28    00000006     libc.a : s_sinf.c.obj (.text.OUTLINED_FUNCTION_0)
                  0001ea2e    00000006            : s_cosf.c.obj (.text.OUTLINED_FUNCTION_1)
                  0001ea34    00000006            : s_sinf.c.obj (.text.OUTLINED_FUNCTION_1)
                  0001ea3a    00000006            : exit.c.obj (.text:abort)
                  0001ea40    00000004     libsysbm.a : hostexit.c.obj (.text.HOSTexit)
                  0001ea44    00000004     libc.a : s_cosf.c.obj (.text.OUTLINED_FUNCTION_2)
                  0001ea48    00000010     libclang_rt.builtins.a : extendsfdf2.S.obj (.tramp.__aeabi_f2d.1)
                  0001ea58    00000004     libc.a : s_sinf.c.obj (.text.OUTLINED_FUNCTION_2)
                  0001ea5c    00000004     startup_mspm0g3507_ticlang.o (.text.Reset_Handler)
                  0001ea60    00000004     libc.a : pre_init.c.obj (.text._system_pre_init)
                  0001ea64    00000004     libc++abi.a : abort_message.cpp.obj (.text.abort_message)
                  0001ea68    00000008     --HOLE-- [fill = 0]

.cinit     0    0001ea70    000000a0     
                  0001ea70    00000075     (.cinit..data.load) [load image, compression = lzss]
                  0001eae5    00000003     --HOLE-- [fill = 0]
                  0001eae8    0000000c     (__TI_handler_table)
                  0001eaf4    00000008     (.cinit..bss.load) [load image, compression = zero_init]
                  0001eafc    00000010     (__TI_cinit_table)
                  0001eb0c    00000004     --HOLE-- [fill = 0]

.rodata    0    000000c0    00017f78     
                  000000c0    0000a000     Graphics.o (.rodata._ZL10background)
                  0000a0c0    00009c40     Sound.o (.rodata._ZL6winner)
                  00013d00    00002d7c     Sound.o (.rodata._ZL5shoot)
                  00016a7c    000007c2     Sound.o (.rodata._ZL9collision)
                  0001723e    000004fb     ST7735.o (.rodata._ZL4Font)
                  00017739    00000001     --HOLE-- [fill = 0]
                  0001773a    000001c2     Puck.o (.rodata._ZL10Puck_Erase)
                  000178fc    000001c2     Puck.o (.rodata._ZL8Red_Puck)
                  00017abe    000001c2     Puck.o (.rodata._ZL9Blue_Puck)
                  00017c80    00000108     libc.a : k_rem_pio2.c.obj (.rodata.ipio2)
                  00017d88    00000042     libc++.a : string.cpp.obj (.rodata.str1.14269992428932311683.1)
                  00017dca    00000042              : string.cpp.obj (.rodata.str1.16321921145748131968.1)
                  00017e0c    00000004     ScoreDisplay.o (.rodata.str1.10133100661268345369.1)
                  00017e10    00000040     libc.a : k_rem_pio2.c.obj (.rodata.PIo2)
                  00017e50    0000003b     ST7735.o (.rodata._ZL5Rcmd1)
                  00017e8b    0000002d     libc++abi.a : stdlib_new_delete.cpp.obj (.rodata.str1.5158325271906132978.1)
                  00017eb8    0000002b     ST7735.o (.rodata._ZL5Rcmd3)
                  00017ee3    00000016     ST7735.o (.rodata.str1.14736978382213673245.1)
                  00017ef9    00000011     libc.a : _printfi.c.obj (.rodata.str1.15363888844622738466.1)
                  00017f0a    00000002     ST7735.o (.rodata.str1.18358205720993799461.1)
                  00017f0c    00000010     libc.a : k_rem_pio2.c.obj (.rodata.cst16)
                  00017f1c    0000000f     Graphics.o (.rodata.str1.12043312915455091764.1)
                  00017f2b    0000000e     ScoreDisplay.o (.rodata.str1.7880299750429249909.1)
                  00017f39    0000000e     Graphics.o (.rodata.str1.911604451862657435.1)
                  00017f47    0000000d     ST7735.o (.rodata._ZL10Rcmd2green)
                  00017f54    0000000d     ST7735.o (.rodata._ZL8Rcmd2red)
                  00017f61    0000000d     libc++.a : string.cpp.obj (.rodata.str1.18206951334841205257.1)
                  00017f6e    0000000d     Graphics.o (.rodata.str1.2028828281091181669.1)
                  00017f7b    0000000d     Graphics.o (.rodata.str1.670921636592097575.1)
                  00017f88    0000000c     ScoreDisplay.o (.rodata.str1.5789640857551667696.1)
                  00017f94    0000000b     ScoreDisplay.o (.rodata.str1.12799594042762420834.1)
                  00017f9f    0000000b     ScoreDisplay.o (.rodata.str1.16716865207057005743.1)
                  00017faa    0000000b     ScoreDisplay.o (.rodata.str1.17124373027845792136.1)
                  00017fb5    0000000a     ScoreDisplay.o (.rodata._ZL4SEG7)
                  00017fbf    0000000a     ScoreDisplay.o (.rodata.str1.12807805925081963758.1)
                  00017fc9    0000000a     Graphics.o (.rodata.str1.6480484306684039692.1)
                  00017fd3    0000000a     Graphics.o (.rodata.str1.8802942603163489210.1)
                  00017fdd    00000009     ScoreDisplay.o (.rodata.str1.11955302464402321280.1)
                  00017fe6    00000009     Graphics.o (.rodata.str1.13780965789783017861.1)
                  00017fef    00000009     Graphics.o (.rodata.str1.17399526933454223328.1)
                  00017ff8    00000009     Graphics.o (.rodata.str1.5311640008663657367.1)
                  00018001    00000009     ScoreDisplay.o (.rodata.str1.682934504294428628.1)
                  0001800a    00000008     ST7735.o (.rodata.str1.7209918599617305731.1)
                  00018012    00000007     ST7735.o (.rodata.str1.10208736415454880443.1)
                  00018019    00000007     ST7735.o (.rodata.str1.8723687351022562626.1)
                  00018020    00000005     Lab9HMain.o (.rodata.str1.11799588374900605218.1)
                  00018025    00000005     Puck.o (.rodata.str1.16151566566393300155.1)
                  0001802a    00000004     Puck.o (.rodata.str1.11581282060741588851.1)
                  0001802e    00000004     Lab9HMain.o (.rodata.str1.17941944938679876980.1)
                  00018032    00000006     --HOLE-- [fill = 0]

.init_array 
*          0    00018038    00000008     
                  00018038    00000004     Lab9HMain.o (.init_array)
                  0001803c    00000004     --HOLE-- [fill = 0]

.data      0    20200000    0000038d     UNINITIALIZED
                  20200000    00000168     Lab9HMain.o (.data.pArray)
                  20200168    000000f0     libc.a : defs.c.obj (.data._ftable)
                  20200258    00000078     libsysbm.a : host_device.c.obj (.data._device)
                  202002d0    00000050                : host_device.c.obj (.data._stream)
                  20200320    00000014     Lab9HMain.o (.data.Sensor)
                  20200334    00000008     libc.a : exit.c.obj (.data..L_MergedGlobals)
                  2020033c    00000004     Clock.o (.data.BusFreq)
                  20200340    00000004     Lab9HMain.o (.data.SemaphoreFlag)
                  20200344    00000004     ST7735.o (.data.StX)
                  20200348    00000004     ST7735.o (.data.StY)
                  2020034c    00000004     Sound.o (.data._ZL8SoundEnd)
                  20200350    00000004     Sound.o (.data._ZL8SoundPtr)
                  20200354    00000004     Sound.o (.data._ZL9SoundGain)
                  20200358    00000004     libc.a : defs.c.obj (.data.__TI_ft_end)
                  2020035c    00000004            : aeabi_portable.c.obj (.data.__aeabi_errno)
                  20200360    00000004     libc++abi.a : cxa_default_handlers.cpp.obj (.data.__cxa_new_handler)
                  20200364    00000004     libc.a : exit.c.obj (.data.__dso_handle)
                  20200368    00000004            : _lock.c.obj (.data._lock)
                  2020036c    00000004            : _lock.c.obj (.data._unlock)
                  20200370    00000004     Lab9HMain.o (.data.aim)
                  20200374    00000004     Lab9HMain.o (.data.power)
                  20200378    00000004     Lab9HMain.o (.data.start)
                  2020037c    00000002     ST7735.o (.data.StTextColor)
                  2020037e    00000002     ST7735.o (.data._ZL6_width)
                  20200380    00000002     ST7735.o (.data._ZL7_height)
                  20200382    00000001     ScoreDisplay.o (.data._ZL5s_red)
                  20200383    00000001     ScoreDisplay.o (.data._ZL6s_blue)
                  20200384    00000001     libsysbm.a : add_device.c.obj (.data.add_device.device_init)
                  20200385    00000001     Lab9HMain.o (.data.language)
                  20200386    00000002     --HOLE--
                  20200388    00000001     libc.a : memory.c.obj (.data.memory_is_initialized)
                  20200389    00000003     --HOLE--
                  2020038c    00000001     libsysbm.a : open.c.obj (.data.open.stream_init)

.bss       0    20200390    0000026e     UNINITIALIZED
                  20200390    00000120     libsysbm.a : trgmsg.c.obj (.bss:_CIOBUF_)
                  202004b0    000000a0     libc.a : defs.c.obj (.bss.__TI_tmpnams)
                  20200550    00000088            : aeabi_atexit.c.obj (.bss.atexit_register.__atexit0)
                  202005d8    00000008     libsysbm.a : hostopen.c.obj (.bss.parmbuf)
                  202005e0    00000004     TExaS.o (.bss.TExaSLogic)
                  202005e4    00000004     TExaS.o (.bss.TExaSadc)
                  202005e8    00000004     libc.a : aeabi_atexit.c.obj (.bss.__atexit)
                  202005ec    00000004            : memory.c.obj (.bss.sys_free)
                  202005f0    00000004     (.common:ResetFlag)
                  202005f4    00000004     (.common:ShootFlag)
                  202005f8    00000001     ST7735.o (.bss._ZL8ColStart)
                  202005f9    00000001     ST7735.o (.bss._ZL8Rotation)
                  202005fa    00000001     ST7735.o (.bss._ZL8RowStart)
                  202005fb    00000001     ST7735.o (.bss._ZL8TabColor)
                  202005fc    00000001     Lab9HMain.o (.bss.blueScore)
                  202005fd    00000001     Lab9HMain.o (.bss.redScore)

.sysmem    0    20200600    00000200     UNINITIALIZED
                  20200600    00000010     libc.a : memory.c.obj (.sysmem)
                  20200610    000001f0     --HOLE--

.stack     0    20207e00    00000200     UNINITIALIZED
                  20207e00    00000004     libc.a : boot_cortex_m.c.obj (.stack)
                  20207e04    000001fc     --HOLE--

__llvm_prf_cnts 
*          0    20200000    00000000     UNINITIALIZED

__llvm_prf_bits 
*          0    20200000    00000000     UNINITIALIZED

MODULE SUMMARY

       Module                         code    ro data   rw data
       ------                         ----    -------   -------
    ./
       Sound.o                        340     53630     12     
       Graphics.o                     2142    41062     0      
       Lab9HMain.o                    3634    13        399    
       ST7735.o                       2368    1449      18     
       Puck.o                         1622    1359      0      
       ScoreDisplay.o                 1540    101       2      
       TExaS.o                        720     0         8      
       Clock.o                        516     0         4      
       SPI.o                          440     0         0      
       Timer.o                        316     0         0      
       DAC.o                          188     0         0      
       LaunchPad.o                    180     0         0      
       Button.o                       160     0         8      
       SlidePot.o                     138     0         0      
       LED.o                          52      0         0      
    +--+------------------------------+-------+---------+---------+
       Total:                         14356   97614     451    
                                                               
    ./ticlang/
       startup_mspm0g3507_ticlang.o   60      192       0      
    +--+------------------------------+-------+---------+---------+
       Total:                         60      192       0      
                                                               
    /Applications/ti/ccs2040/ccs/tools/compiler/ti-cgt-armllvm_4.0.4.LTS/lib/armv6m-ti-none-eabi/c/libc.a
       k_rem_pio2.c.obj               1652    344       0      
       s_cosf.c.obj                   822     0         0      
       s_sinf.c.obj                   810     0         0      
       memory.c.obj                   702     0         5      
       _printfi.c.obj                 658     17        0      
       fopen.c.obj                    556     0         0      
       aeabi_atexit.c.obj             292     0         140    
       defs.c.obj                     0       0         404    
       s_floor.c.obj                  324     0         0      
       fputs.c.obj                    248     0         0      
       setvbuf.c.obj                  224     0         0      
       s_scalbn.c.obj                 216     0         0      
       e_sqrtf.c.obj                  160     0         0      
       getdevice.c.obj                160     0         0      
       fputc.c.obj                    156     0         0      
       strcmp-armv6m.S.obj            136     0         0      
       copy_decompress_lzss.c.obj     124     0         0      
       fclose.c.obj                   124     0         0      
       fseek.c.obj                    116     0         0      
       _io_perm.c.obj                 100     0         0      
       vfprintf.c.obj                 92      0         0      
       autoinit.c.obj                 84      0         0      
       fflush.c.obj                   82      0         0      
       exit.c.obj                     58      0         12     
       boot_cortex_m.c.obj            40      0         0      
       memmov.c.obj                   40      0         0      
       memccpy.c.obj                  34      0         0      
       memcmp.c.obj                   32      0         0      
       copy_zero_init.c.obj           22      0         0      
       copy_decompress_none.c.obj     18      0         0      
       memcpy16.S.obj                 18      0         0      
       memset16.S.obj                 14      0         0      
       strlen.c.obj                   14      0         0      
       aeabi_portable.c.obj           8       0         4      
       _lock.c.obj                    2       0         8      
       pre_init.c.obj                 4       0         0      
    +--+------------------------------+-------+---------+---------+
       Total:                         8142    361       573    
                                                               
    /Applications/ti/ccs2040/ccs/tools/compiler/ti-cgt-armllvm_4.0.4.LTS/lib/armv6m-ti-none-eabi/c/libsysbm.a
       trgmsg.c.obj                   104     0         288    
       add_device.c.obj               236     0         1      
       host_device.c.obj              0       0         200    
       open.c.obj                     160     0         1      
       hostrename.c.obj               136     0         0      
       hostlseek.c.obj                108     0         0      
       hostopen.c.obj                 96      0         8      
       hostread.c.obj                 88      0         0      
       hostwrite.c.obj                88      0         0      
       close.c.obj                    80      0         0      
       hostclose.c.obj                72      0         0      
       hostunlink.c.obj               72      0         0      
       unlink.c.obj                   44      0         0      
       lseek.c.obj                    40      0         0      
       write.c.obj                    40      0         0      
       remove.c.obj                   8       0         0      
       hostexit.c.obj                 4       0         0      
    +--+------------------------------+-------+---------+---------+
       Total:                         1376    0         498    
                                                               
    /Applications/ti/ccs2040/ccs/tools/compiler/ti-cgt-armllvm_4.0.4.LTS/lib/armv6m-ti-none-eabi/libc++.a
       string.cpp.obj                 714     145       0      
       verbose_abort.cpp.obj          32      0         0      
    +--+------------------------------+-------+---------+---------+
       Total:                         746     145       0      
                                                               
    /Applications/ti/ccs2040/ccs/tools/compiler/ti-cgt-armllvm_4.0.4.LTS/lib/armv6m-ti-none-eabi/libc++abi.a
       stdlib_new_delete.cpp.obj      78      45        0      
       cxa_handlers.cpp.obj           12      0         0      
       abort_message.cpp.obj          4       0         0      
       cxa_default_handlers.cpp.obj   0       0         4      
    +--+------------------------------+-------+---------+---------+
       Total:                         94      45        4      
                                                               
    /Applications/ti/ccs2040/ccs/tools/compiler/ti-cgt-armllvm_4.0.4.LTS/lib/armv6m-ti-none-eabi/libclang_rt.builtins.a
       adddf3.S.obj                   418     0         0      
       muldf3.S.obj                   244     0         0      
       comparedf2.c.obj               220     0         0      
       addsf3.S.obj                   216     0         0      
       mulsf3.S.obj                   140     0         0      
       divsf3.S.obj                   130     0         0      
       comparesf2.S.obj               118     0         0      
       truncdfsf2.S.obj               116     0         0      
       aeabi_dcmp.S.obj               98      0         0      
       aeabi_fcmp.S.obj               98      0         0      
       aeabi_idivmod.S.obj            86      0         0      
       extendsfdf2.S.obj              80      0         0      
       fixdfsi.S.obj                  74      0         0      
       aeabi_uidivmod.S.obj           64      0         0      
       floatsisf.S.obj                60      0         0      
       muldsi3.S.obj                  58      0         0      
       fixsfsi.S.obj                  56      0         0      
       floatsidf.S.obj                44      0         0      
       aeabi_memset.S.obj             26      0         0      
       aeabi_memcpy.S.obj             8       0         0      
       aeabi_memmove.S.obj            8       0         0      
       aeabi_div0.c.obj               2       0         0      
    +--+------------------------------+-------+---------+---------+
       Total:                         2364    0         0      
                                                               
       Heap:                          0       0         512    
       Stack:                         0       0         512    
       Linker Generated:              0       153       0      
    +--+------------------------------+-------+---------+---------+
       Grand Total:                   27138   98510     2550   


LINKER GENERATED COPY TABLES

__TI_cinit_table @ 0001eafc records: 2, size/record: 8, table size: 16
	.data: load addr=0001ea70, load size=00000075 bytes, run addr=20200000, run size=0000038d bytes, compression=lzss
	.bss: load addr=0001eaf4, load size=00000008 bytes, run addr=20200390, run size=0000026e bytes, compression=zero_init


LINKER GENERATED HANDLER TABLE

__TI_handler_table @ 0001eae8 records: 3, size/record: 4, table size: 12
	index: 0, handler: __TI_decompress_lzss
	index: 1, handler: __TI_decompress_none
	index: 2, handler: __TI_zero_init


FAR CALL TRAMPOLINES

callee name               trampoline name
   callee addr  tramp addr   call addr  call info
--------------  -----------  ---------  ----------------
__aeabi_dadd              $Tramp$TT$L$PI$$__aeabi_dadd
   0001a0bb     0001e5a8     0001e5a4   libc.a : k_rem_pio2.c.obj (.text.OUTLINED_FUNCTION_0)
                             0001e93c          : k_rem_pio2.c.obj (.text.OUTLINED_FUNCTION_1)
                             0001e946          : s_cosf.c.obj (.text.OUTLINED_FUNCTION_3)
                             0001e950          : s_sinf.c.obj (.text.OUTLINED_FUNCTION_3)
__aeabi_dmul              $Tramp$TT$L$PI$$__aeabi_dmul
   0001b455     0001ea18     0001ea14   libc.a : s_cosf.c.obj (.text.OUTLINED_FUNCTION_0)
                             0001ea2c          : s_sinf.c.obj (.text.OUTLINED_FUNCTION_0)
                             0001ea32          : s_cosf.c.obj (.text.OUTLINED_FUNCTION_1)
                             0001ea38          : s_sinf.c.obj (.text.OUTLINED_FUNCTION_1)
__aeabi_f2d               $Tramp$TT$L$PI$$__aeabi_f2d
   0001da29     0001ea48     0001ea46   libc.a : s_cosf.c.obj (.text.OUTLINED_FUNCTION_2)
                             0001ea5a          : s_sinf.c.obj (.text.OUTLINED_FUNCTION_2)

[3 trampolines]
[10 trampoline calls]


GLOBAL SYMBOLS: SORTED ALPHABETICALLY BY Name 

address   name                                                                                                                                                                 
-------   ----                                                                                                                                                                 
0001e491  ADC0_IRQHandler                                                                                                                                                      
0001e491  ADC1_IRQHandler                                                                                                                                                      
0001e491  AES_IRQHandler                                                                                                                                                       
2020033c  BusFreq                                                                                                                                                              
0001d2ed  Button_Init                                                                                                                                                          
0001ea40  C$$EXIT                                                                                                                                                              
0001df41  C$$IO$$                                                                                                                                                              
0001e491  CANFD0_IRQHandler                                                                                                                                                    
0001e787  Clock_Delay                                                                                                                                                          
0001dddd  Clock_Delay1ms                                                                                                                                                       
0001c6c5  Clock_Freq                                                                                                                                                           
00019879  Clock_Init80MHz                                                                                                                                                      
0001e491  DAC0_IRQHandler                                                                                                                                                      
0001bd09  DAC_Init                                                                                                                                                             
0001e669  DAC_Out                                                                                                                                                              
0001e491  DMA_IRQHandler                                                                                                                                                       
0001e491  Default_Handler                                                                                                                                                      
0001e491  GROUP0_IRQHandler                                                                                                                                                    
0001d77d  GROUP1_IRQHandler                                                                                                                                                    
0001d7c5  HOSTclose                                                                                                                                                            
0001ea41  HOSTexit                                                                                                                                                             
0001cca5  HOSTlseek                                                                                                                                                            
0001d0b9  HOSTopen                                                                                                                                                             
0001d345  HOSTread                                                                                                                                                             
0001cd11  HOSTrename                                                                                                                                                           
0001d80d  HOSTunlink                                                                                                                                                           
0001d39d  HOSTwrite                                                                                                                                                            
0001e4ad  HardFault_Handler                                                                                                                                                    
0001e491  I2C0_IRQHandler                                                                                                                                                      
0001e491  I2C1_IRQHandler                                                                                                                                                      
0001e491  NMI_Handler                                                                                                                                                          
0001e491  PendSV_Handler                                                                                                                                                       
0001e491  RTC_IRQHandler                                                                                                                                                       
202005f0  ResetFlag                                                                                                                                                            
0001ea5d  Reset_Handler                                                                                                                                                        
00018038  SHT$$INIT_ARRAY$$Base                                                                                                                                                
0001803c  SHT$$INIT_ARRAY$$Limit                                                                                                                                               
0001e491  SPI0_IRQHandler                                                                                                                                                      
0001e491  SPI1_IRQHandler                                                                                                                                                      
0001e491  SVC_Handler                                                                                                                                                          
20200340  SemaphoreFlag                                                                                                                                                        
20200320  Sensor                                                                                                                                                               
202005f4  ShootFlag                                                                                                                                                            
2020037c  StTextColor                                                                                                                                                          
20200344  StX                                                                                                                                                                  
20200348  StY                                                                                                                                                                  
0001c861  SysTick_Handler                                                                                                                                                      
202005e0  TExaSLogic                                                                                                                                                           
202005e4  TExaSadc                                                                                                                                                             
0001e491  TIMA0_IRQHandler                                                                                                                                                     
0001e491  TIMA1_IRQHandler                                                                                                                                                     
0001e491  TIMG0_IRQHandler                                                                                                                                                     
0001b19d  TIMG12_IRQHandler                                                                                                                                                    
0001e491  TIMG6_IRQHandler                                                                                                                                                     
0001d929  TIMG7_IRQHandler                                                                                                                                                     
0001e491  TIMG8_IRQHandler                                                                                                                                                     
0001e763  TI_memcpy_small                                                                                                                                                      
0001e8bb  TI_memset_small                                                                                                                                                      
0001e491  UART0_IRQHandler                                                                                                                                                     
0001e491  UART1_IRQHandler                                                                                                                                                     
0001e491  UART2_IRQHandler                                                                                                                                                     
0001e491  UART3_IRQHandler                                                                                                                                                     
20200390  _CIOBUF_                                                                                                                                                             
0001d1d9  _Z10Sound_Initv                                                                                                                                                      
0001d3f5  _Z10TExaS_InitP10ADC12_RegsjPFhvE                                                                                                                                    
00018ec5  _Z10renderPuck4Puck                                                                                                                                                  
0001dcfd  _Z11SPI_OutDatac                                                                                                                                                     
0001e5b9  _Z11ST7735_openPKcji                                                                                                                                                 
0001e5cf  _Z11ST7735_readiPcj                                                                                                                                                  
0001e501  _Z11Sound_Shootv                                                                                                                                                     
0001e019  _Z11Sound_StartPKtji                                                                                                                                                 
0001c3f5  _Z12ST7735_InitR10initRFlags                                                                                                                                         
0001e953  _Z12ST7735_closei                                                                                                                                                    
0001e857  _Z12ST7735_lseekili                                                                                                                                                  
0001de11  _Z12ST7735_writeiPKcj                                                                                                                                                
0001e519  _Z12Sound_Winnerv                                                                                                                                                    
0001e8c9  _Z13ST7735_renamePKcS0_                                                                                                                                              
0001e95d  _Z13ST7735_unlinkPKc                                                                                                                                                 
0001e67d  _Z13graphics_initv                                                                                                                                                   
0001c8e1  _Z14LaunchPad_Initv                                                                                                                                                  
0001d855  _Z14SPI_OutCommandc                                                                                                                                                  
0001b7c9  _Z14ST7735_OutCharc                                                                                                                                                  
0001bdb1  _Z14TimerG7_IntArmtjj                                                                                                                                                
0001b969  _Z14calculateScorePhS_P4Puck                                                                                                                                         
0001d44d  _Z14drawBackgroundv                                                                                                                                                  
0001dd35  _Z15ActivatePortA_Bv                                                                                                                                                 
0001dfe5  _Z15ST7735_Color565hhh                                                                                                                                               
0001a77d  _Z15ST7735_FillRectsssst                                                                                                                                             
0001e531  _Z15Sound_Collisionv                                                                                                                                                 
0001c48d  _Z15TimerG12_IntArmjj                                                                                                                                                
00019bd9  _Z16ST7735_DrawCharSsscssh                                                                                                                                           
0001cbc5  _Z16ST7735_DrawPixelsst                                                                                                                                              
0001de45  _Z16ST7735_SetCursorjj                                                                                                                                               
00019f19  _Z16drawWinnerBannerhhh                                                                                                                                              
0001c759  _Z17ST7735_DrawStringttPcs                                                                                                                                           
0001e109  _Z17ST7735_FillScreent                                                                                                                                               
0001bfa5  _Z17ST7735_InitPrintf10initRFlags                                                                                                                                    
0001daa9  _Z17scoreDisplay_initv                                                                                                                                               
0001aec9  _Z18ST7735_SetRotationh                                                                                                                                              
00019101  _Z18drawLanguageScreenh                                                                                                                                              
0001e1b9  _Z18getBackgroundPixelhh                                                                                                                                             
0001a895  _Z18updateScoreDisplayhh                                                                                                                                             
0001e8d5  _Z22__throw_bad_alloc_shimv                                                                                                                                          
0001e7a9  _Z28TExaS_LaunchPadLogicPB27PB26v                                                                                                                                    
0001e7b9  _Z3absB8nn180100f                                                                                                                                                    
0001b899  _Z5ADCinPVfS0_S0_Ph                                                                                                                                                  
0001c521  _Z7ADCinitv                                                                                                                                                          
0001a655  _Z8ADC_InitP10ADC12_Regsjj                                                                                                                                           
0001de79  _Z8LED_Initv                                                                                                                                                         
0001e967  _Z8PLL_Initv                                                                                                                                                         
0001acd9  _Z8SPI_Initv                                                                                                                                                         
0001e1e1  _Z9ADC_StartP10ADC12_Regs                                                                                                                                            
0001d969  _Z9SPI_Resetv                                                                                                                                                        
0001b285  _Z9UART_Initv                                                                                                                                                        
00019d79  _Z9drawArrowssffb                                                                                                                                                    
0001d4fb  _ZN4Puck12set_VelocityEff                                                                                                                                            
00019a2d  _ZN4Puck16check_CollisionsEh                                                                                                                                         
0001a9a9  _ZN4Puck16process_MovementEv                                                                                                                                         
00019309  _ZN4Puck17process_CollisionEhhf                                                                                                                                      
0001be59  _ZN4PuckC1EffNSt3__112basic_stringIcNS0_11char_traitsIcEENS0_9allocatorIcEEEEh                                                                                       
0001dc11  _ZN4PuckC2ERKS_                                                                                                                                                      
0001be59  _ZN4PuckC2EffNSt3__112basic_stringIcNS0_11char_traitsIcEENS0_9allocatorIcEEEEh                                                                                       
0001e5e5  _ZN4PuckD2Ev                                                                                                                                                         
0001dc4b  _ZN4PuckaSEOS_                                                                                                                                                       
0001c95d  _ZN8SlidePot4InitEv                                                                                                                                                  
0001e865  _ZN8SlidePotC1Ejj                                                                                                                                                    
0001e865  _ZN8SlidePotC2Ejj                                                                                                                                                    
0001e971  _ZNKSt3__112basic_stringIcNS_11char_traitsIcEENS_9allocatorIcEEE14__annotate_newB8nn180100Ej                                                                         
0001e5fb  _ZNKSt3__112basic_stringIcNS_11char_traitsIcEENS_9allocatorIcEEE14__get_long_capB8nn180100Ev                                                                         
0001e709  _ZNKSt3__112basic_stringIcNS_11char_traitsIcEENS_9allocatorIcEEE15__get_long_sizeB8nn180100Ev                                                                        
0001e691  _ZNKSt3__112basic_stringIcNS_11char_traitsIcEENS_9allocatorIcEEE16__get_short_sizeB8nn180100Ev                                                                       
0001e9c1  _ZNKSt3__112basic_stringIcNS_11char_traitsIcEENS_9allocatorIcEEE17__annotate_deleteB8nn180100Ev                                                                      
0001e97b  _ZNKSt3__112basic_stringIcNS_11char_traitsIcEENS_9allocatorIcEEE17__annotate_shrinkB8nn180100Ej                                                                      
0001e8e1  _ZNKSt3__112basic_stringIcNS_11char_traitsIcEENS_9allocatorIcEEE20__throw_length_errorB8nn180100Ev                                                                   
0001e8ed  _ZNKSt3__112basic_stringIcNS_11char_traitsIcEENS_9allocatorIcEEE20__throw_out_of_rangeB8nn180100Ev                                                                   
0001e0d9  _ZNKSt3__112basic_stringIcNS_11char_traitsIcEENS_9allocatorIcEEE4sizeB8nn180100Ev                                                                                    
0001d179  _ZNKSt3__112basic_stringIcNS_11char_traitsIcEENS_9allocatorIcEEE7compareEjjPKcj                                                                                      
0001e611  _ZNKSt3__112basic_stringIcNS_11char_traitsIcEENS_9allocatorIcEEE9__is_longB8nn180100Ev                                                                               
0001e7c9  _ZNKSt3__117__compressed_pairINS_12basic_stringIcNS_11char_traitsIcEENS_9allocatorIcEEE5__repES5_E5firstB8nn180100Ev                                                 
0001e985  _ZNKSt3__122__compressed_pair_elemINS_12basic_stringIcNS_11char_traitsIcEENS_9allocatorIcEEE5__repELi0ELb0EE5__getB8nn180100Ev                                       
0001e71b  _ZNSt3__111char_traitsIcE6assignB8nn180100ERcRKc                                                                                                                     
0001e7d9  _ZNSt3__111char_traitsIcE6lengthB8nn180100EPKc                                                                                                                       
0001afbd  _ZNSt3__112basic_stringIcNS_11char_traitsIcEENS_9allocatorIcEEE13__move_assignB8nn180100ERS5_NS_17integral_constantIbLb1EEE                                          
0001dd6d  _ZNSt3__112basic_stringIcNS_11char_traitsIcEENS_9allocatorIcEEE16__set_short_sizeB8nn180100Ej                                                                        
0001d89d  _ZNSt3__112basic_stringIcNS_11char_traitsIcEENS_9allocatorIcEEE17__assign_no_aliasILb0EEERS5_PKcj                                                                    
0001d9a9  _ZNSt3__112basic_stringIcNS_11char_traitsIcEENS_9allocatorIcEEE17__assign_no_aliasILb1EEERS5_PKcj                                                                    
0001e72d  _ZNSt3__112basic_stringIcNS_11char_traitsIcEENS_9allocatorIcEEE18__get_long_pointerB8nn180100Ev                                                                      
0001e627  _ZNSt3__112basic_stringIcNS_11char_traitsIcEENS_9allocatorIcEEE19__get_short_pointerB8nn180100Ev                                                                     
0001e38d  _ZNSt3__112basic_stringIcNS_11char_traitsIcEENS_9allocatorIcEEE19__move_assign_allocB8nn180100ERS5_                                                                  
0001e4c9  _ZNSt3__112basic_stringIcNS_11char_traitsIcEENS_9allocatorIcEEE19__move_assign_allocB8nn180100ERS5_NS_17integral_constantIbLb1EEE                                    
0001ba35  _ZNSt3__112basic_stringIcNS_11char_traitsIcEENS_9allocatorIcEEE21__grow_by_and_replaceEjjjjjjPKc                                                                     
0001db21  _ZNSt3__112basic_stringIcNS_11char_traitsIcEENS_9allocatorIcEEE25__init_copy_ctor_externalEPKcj                                                                      
0001d8e3  _ZNSt3__112basic_stringIcNS_11char_traitsIcEENS_9allocatorIcEEE6__initEPKcj                                                                                          
0001e7e9  _ZNSt3__112basic_stringIcNS_11char_traitsIcEENS_9allocatorIcEEE7__allocB8nn180100Ev                                                                                  
0001e411  _ZNSt3__112basic_stringIcNS_11char_traitsIcEENS_9allocatorIcEEEC1ERKS5_                                                                                              
0001e3f1  _ZNSt3__112basic_stringIcNS_11char_traitsIcEENS_9allocatorIcEEEC2B8nn180100Ev                                                                                        
0001e135  _ZNSt3__112basic_stringIcNS_11char_traitsIcEENS_9allocatorIcEEEC2B8nn180100ILi0EEEPKc                                                                                
0001e411  _ZNSt3__112basic_stringIcNS_11char_traitsIcEENS_9allocatorIcEEEC2ERKS5_                                                                                              
0001e6a5  _ZNSt3__112basic_stringIcNS_11char_traitsIcEENS_9allocatorIcEEED1Ev                                                                                                  
0001e6a5  _ZNSt3__112basic_stringIcNS_11char_traitsIcEENS_9allocatorIcEEED2Ev                                                                                                  
0001e2f7  _ZNSt3__112basic_stringIcNS_11char_traitsIcEENS_9allocatorIcEEEaSB8nn180100EOS5_                                                                                     
0001db5d  _ZNSt3__112basic_stringIcNS_11char_traitsIcEENS_9allocatorIcEEEaSERKS5_                                                                                              
[...]
0001e751  _ZNSt3__127__do_deallocate_handle_sizeB8nn180100IJEEEvPvjDpT_                                                                                                        
0001e763  TI_memcpy_small                                                                                                                                                      
0001e775  __TI_decompress_none                                                                                                                                                 
0001e787  Clock_Delay                                                                                                                                                          
0001e7a9  _Z28TExaS_LaunchPadLogicPB27PB26v                                                                                                                                    
0001e7b9  _Z3absB8nn180100f                                                                                                                                                    
0001e7c9  _ZNKSt3__117__compressed_pairINS_12basic_stringIcNS_11char_traitsIcEENS_9allocatorIcEEE5__repES5_E5firstB8nn180100Ev                                                 
0001e7d9  _ZNSt3__111char_traitsIcE6lengthB8nn180100EPKc                                                                                                                       
0001e7e9  _ZNSt3__112basic_stringIcNS_11char_traitsIcEENS_9allocatorIcEEE7__allocB8nn180100Ev                                                                                  
0001e7f9  _ZNSt3__117__compressed_pairINS_12basic_stringIcNS_11char_traitsIcEENS_9allocatorIcEEE5__repES5_E5firstB8nn180100Ev                                                  
0001e809  _ZNSt3__117__compressed_pairINS_12basic_stringIcNS_11char_traitsIcEENS_9allocatorIcEEE5__repES5_E6secondB8nn180100Ev                                                 
0001e819  _ZNSt3__118__constexpr_strlenB8nn180100EPKc                                                                                                                          
0001e829  _ZNSt3__124__libcpp_operator_deleteB8nn180100IJPvEEEvDpT_                                                                                                            
0001e839  _ZNSt3__16__math4sqrtB8nn180100Ef                                                                                                                                    
0001e857  _Z12ST7735_lseekili                                                                                                                                                  
0001e865  _ZN8SlidePotC1Ejj                                                                                                                                                    
0001e865  _ZN8SlidePotC2Ejj                                                                                                                                                    
0001e875  __aeabi_memset                                                                                                                                                       
0001e875  __aeabi_memset4                                                                                                                                                      
0001e875  __aeabi_memset8                                                                                                                                                      
0001e89f  strlen                                                                                                                                                               
0001e8bb  TI_memset_small                                                                                                                                                      
0001e8c9  _Z13ST7735_renamePKcS0_                                                                                                                                              
0001e8d5  _Z22__throw_bad_alloc_shimv                                                                                                                                          
0001e8e1  _ZNKSt3__112basic_stringIcNS_11char_traitsIcEENS_9allocatorIcEEE20__throw_length_errorB8nn180100Ev                                                                   
0001e8ed  _ZNKSt3__112basic_stringIcNS_11char_traitsIcEENS_9allocatorIcEEE20__throw_out_of_rangeB8nn180100Ev                                                                   
0001e8f9  _ZNSt3__120__throw_length_errorB8nn180100EPKc                                                                                                                        
0001e905  _ZNSt3__120__throw_out_of_rangeB8nn180100EPKc                                                                                                                        
0001e911  _ZSt15get_new_handlerv                                                                                                                                               
0001e91d  __aeabi_memclr                                                                                                                                                       
0001e91d  __aeabi_memclr4                                                                                                                                                      
0001e91d  __aeabi_memclr8                                                                                                                                                      
0001e929  malloc                                                                                                                                                               
0001e953  _Z12ST7735_closei                                                                                                                                                    
0001e95d  _Z13ST7735_unlinkPKc                                                                                                                                                 
0001e967  _Z8PLL_Initv                                                                                                                                                         
0001e971  _ZNKSt3__112basic_stringIcNS_11char_traitsIcEENS_9allocatorIcEEE14__annotate_newB8nn180100Ej                                                                         
0001e97b  _ZNKSt3__112basic_stringIcNS_11char_traitsIcEENS_9allocatorIcEEE17__annotate_shrinkB8nn180100Ej                                                                      
0001e985  _ZNKSt3__122__compressed_pair_elemINS_12basic_stringIcNS_11char_traitsIcEENS_9allocatorIcEEE5__repELi0ELb0EE5__getB8nn180100Ev                                       
0001e98f  _ZNSt3__114pointer_traitsIPcE10pointer_toB8nn180100ERc                                                                                                               
0001e999  _ZNSt3__116__non_trivial_ifILb1ENS_9allocatorIcEEEC2B8nn180100Ev                                                                                                     
0001e9a3  _ZNSt3__122__compressed_pair_elemINS_12basic_stringIcNS_11char_traitsIcEENS_9allocatorIcEEE5__repELi0ELb0EE5__getB8nn180100Ev                                        
0001e9ad  _ZNSt3__122__compressed_pair_elemINS_12basic_stringIcNS_11char_traitsIcEENS_9allocatorIcEEE5__repELi0ELb0EEC2B8nn180100ENS_18__default_init_tagE                     
0001e9b7  _ZNSt3__122__compressed_pair_elemINS_9allocatorIcEELi1ELb1EE5__getB8nn180100Ev                                                                                       
0001e9c1  _ZNKSt3__112basic_stringIcNS_11char_traitsIcEENS_9allocatorIcEEE17__annotate_deleteB8nn180100Ev                                                                      
0001e9c9  _ZdlPv                                                                                                                                                               
0001e9d1  __aeabi_errno_addr                                                                                                                                                   
0001e9d9  __aeabi_memcpy                                                                                                                                                       
0001e9d9  __aeabi_memcpy4                                                                                                                                                      
0001e9d9  __aeabi_memcpy8                                                                                                                                                      
0001e9e1  __aeabi_memmove                                                                                                                                                      
0001e9e1  __aeabi_memmove4                                                                                                                                                     
0001e9e1  __aeabi_memmove8                                                                                                                                                     
0001e9e9  __cxa_ia64_exit                                                                                                                                                      
0001ea01  fseek                                                                                                                                                                
0001ea09  remove                                                                                                                                                               
0001ea3b  abort                                                                                                                                                                
0001ea40  C$$EXIT                                                                                                                                                              
0001ea41  HOSTexit                                                                                                                                                             
0001ea5d  Reset_Handler                                                                                                                                                        
0001ea61  _system_pre_init                                                                                                                                                     
0001ea65  abort_message                                                                                                                                                        
0001eae8  __TI_Handler_Table_Base                                                                                                                                              
0001eaf4  __TI_Handler_Table_Limit                                                                                                                                             
0001eafc  __TI_CINIT_Base                                                                                                                                                      
0001eb0c  __TI_CINIT_Limit                                                                                                                                                     
0001eb0c  __TI_CINIT_Warm                                                                                                                                                      
20200000  __start___llvm_prf_bits                                                                                                                                              
20200000  __start___llvm_prf_cnts                                                                                                                                              
20200000  __stop___llvm_prf_bits                                                                                                                                               
20200000  __stop___llvm_prf_cnts                                                                                                                                               
20200000  pArray                                                                                                                                                               
20200168  _ftable                                                                                                                                                              
20200258  _device                                                                                                                                                              
202002d0  _stream                                                                                                                                                              
20200320  Sensor                                                                                                                                                               
20200334  __TI_cleanup_ptr                                                                                                                                                     
20200338  __TI_dtors_ptr                                                                                                                                                       
2020033c  BusFreq                                                                                                                                                              
20200340  SemaphoreFlag                                                                                                                                                        
20200344  StX                                                                                                                                                                  
20200348  StY                                                                                                                                                                  
20200358  __TI_ft_end                                                                                                                                                          
2020035c  __aeabi_errno                                                                                                                                                        
20200360  __cxa_new_handler                                                                                                                                                    
20200364  __dso_handle                                                                                                                                                         
20200368  _lock                                                                                                                                                                
2020036c  _unlock                                                                                                                                                              
20200370  aim                                                                                                                                                                  
20200374  power                                                                                                                                                                
20200378  start                                                                                                                                                                
2020037c  StTextColor                                                                                                                                                          
20200385  language                                                                                                                                                             
20200390  _CIOBUF_                                                                                                                                                             
20200390  __CIOBUF_                                                                                                                                                            
202004b0  __TI_tmpnams                                                                                                                                                         
202005d8  parmbuf                                                                                                                                                              
202005e0  TExaSLogic                                                                                                                                                           
202005e4  TExaSadc                                                                                                                                                             
202005f0  ResetFlag                                                                                                                                                            
202005f4  ShootFlag                                                                                                                                                            
202005fc  blueScore                                                                                                                                                            
202005fd  redScore                                                                                                                                                             
20200600  _sys_memory                                                                                                                                                          
20207e00  __stack                                                                                                                                                              
20208000  __STACK_END                                                                                                                                                          
ffffffff  __TI_pprof_out_hndl                                                                                                                                                  
ffffffff  __TI_prof_data_size                                                                                                                                                  
ffffffff  __TI_prof_data_start                                                                                                                                                 
ffffffff  __binit__                                                                                                                                                            
ffffffff  binit                                                                                                                                                                
UNDEFED   __mpu_init                                                                                                                                                           
UNDEFED   _system_post_cinit                                                                                                                                                   

[367 symbols]
