<?xml version="1.0" encoding="ISO-8859-1" ?>
<link_info>
   <banner>TI ARM Clang Linker Unix v4.0.4.LTS</banner>
   <copyright>Copyright (c) 1996-2018 Texas Instruments Incorporated</copyright>
   <command_line>/Applications/ti/ccs2040/ccs/tools/compiler/ti-cgt-armllvm_4.0.4.LTS/bin/tiarmlnk -I/Applications/ti/ccs2040/ccs/tools/compiler/ti-cgt-armllvm_4.0.4.LTS/lib -o ECE319K_Lab9H.out -mECE319K_Lab9H.map --heap_size=512 --stack_size=512 -i/Users/rishibala/Desktop/ECE-319H-Labs/ECE319K_Lab9H/Debug/syscfg -i/Applications/ti/ccs2040/ccs/tools/compiler/ti-cgt-armllvm_4.0.4.LTS/lib --diag_wrap=off --display_error_number --warn_sections --xml_link_info=ECE319K_Lab9H_linkInfo.xml --rom_model ./Button.o ./Clock.o ./DAC5.o ./Graphics.o ./LED.o ./Lab9HMain.o ./LaunchPad.o ./Puck.o ./SPI.o ./ST7735.o ./ScoreDisplay.o ./SlidePot.o ./SmallFont.o ./Sound.o ./Switch.o ./TExaS.o ./Timer.o ./images/pipedreams/PipeSound.o ./ticlang/startup_mspm0g3507_ticlang.o ../mspm0g3507.cmd -l/Applications/ti/mspm0_sdk_2_09_00_01/source/ti/driverlib/lib/ticlang/m0p/mspm0g1x0x_g3x0x/driverlib.a -llibc.a --start-group -llibc++.a -llibc++abi.a -llibc.a -llibsys.a -llibsysbm.a -llibclang_rt.builtins.a -llibclang_rt.profile.a --end-group --cg_opt_level=0</command_line>
   <link_time>0x69e6e71c</link_time>
   <link_errors>0x0</link_errors>
   <output_file>/Users/rishibala/Desktop/ECE-319H-Labs/ECE319K_Lab9H/Debug/ECE319K_Lab9H.out</output_file>
   <entry_point>
      <name>_c_int00_noargs</name>
      <address>0x1e231</address>
   </entry_point>
   <input_file_list>
      <input_file id="fl-1">
         <path>/Users/rishibala/Desktop/ECE-319H-Labs/ECE319K_Lab9H/Debug/./</path>
         <kind>object</kind>
         <file>Button.o</file>
         <name>Button.o</name>
      </input_file>
      <input_file id="fl-2">
         <path>/Users/rishibala/Desktop/ECE-319H-Labs/ECE319K_Lab9H/Debug/./</path>
         <kind>object</kind>
         <file>Clock.o</file>
         <name>Clock.o</name>
      </input_file>
      <input_file id="fl-3">
         <path>/Users/rishibala/Desktop/ECE-319H-Labs/ECE319K_Lab9H/Debug/./</path>
         <kind>object</kind>
         <file>DAC5.o</file>
         <name>DAC5.o</name>
      </input_file>
      <input_file id="fl-4">
         <path>/Users/rishibala/Desktop/ECE-319H-Labs/ECE319K_Lab9H/Debug/./</path>
         <kind>object</kind>
         <file>Graphics.o</file>
         <name>Graphics.o</name>
      </input_file>
      <input_file id="fl-5">
         <path>/Users/rishibala/Desktop/ECE-319H-Labs/ECE319K_Lab9H/Debug/./</path>
         <kind>object</kind>
         <file>LED.o</file>
         <name>LED.o</name>
      </input_file>
      <input_file id="fl-6">
         <path>/Users/rishibala/Desktop/ECE-319H-Labs/ECE319K_Lab9H/Debug/./</path>
         <kind>object</kind>
         <file>Lab9HMain.o</file>
         <name>Lab9HMain.o</name>
      </input_file>
      <input_file id="fl-7">
         <path>/Users/rishibala/Desktop/ECE-319H-Labs/ECE319K_Lab9H/Debug/./</path>
         <kind>object</kind>
         <file>LaunchPad.o</file>
         <name>LaunchPad.o</name>
      </input_file>
      <input_file id="fl-8">
         <path>/Users/rishibala/Desktop/ECE-319H-Labs/ECE319K_Lab9H/Debug/./</path>
         <kind>object</kind>
         <file>Puck.o</file>
         <name>Puck.o</name>
      </input_file>
      <input_file id="fl-9">
         <path>/Users/rishibala/Desktop/ECE-319H-Labs/ECE319K_Lab9H/Debug/./</path>
         <kind>object</kind>
         <file>SPI.o</file>
         <name>SPI.o</name>
      </input_file>
      <input_file id="fl-a">
         <path>/Users/rishibala/Desktop/ECE-319H-Labs/ECE319K_Lab9H/Debug/./</path>
         <kind>object</kind>
         <file>ST7735.o</file>
         <name>ST7735.o</name>
      </input_file>
      <input_file id="fl-b">
         <path>/Users/rishibala/Desktop/ECE-319H-Labs/ECE319K_Lab9H/Debug/./</path>
         <kind>object</kind>
         <file>ScoreDisplay.o</file>
         <name>ScoreDisplay.o</name>
      </input_file>
      <input_file id="fl-c">
         <path>/Users/rishibala/Desktop/ECE-319H-Labs/ECE319K_Lab9H/Debug/./</path>
         <kind>object</kind>
         <file>SlidePot.o</file>
         <name>SlidePot.o</name>
      </input_file>
      <input_file id="fl-d">
         <path>/Users/rishibala/Desktop/ECE-319H-Labs/ECE319K_Lab9H/Debug/./</path>
         <kind>object</kind>
         <file>SmallFont.o</file>
         <name>SmallFont.o</name>
      </input_file>
      <input_file id="fl-e">
         <path>/Users/rishibala/Desktop/ECE-319H-Labs/ECE319K_Lab9H/Debug/./</path>
         <kind>object</kind>
         <file>Sound.o</file>
         <name>Sound.o</name>
      </input_file>
      <input_file id="fl-f">
         <path>/Users/rishibala/Desktop/ECE-319H-Labs/ECE319K_Lab9H/Debug/./</path>
         <kind>object</kind>
         <file>Switch.o</file>
         <name>Switch.o</name>
      </input_file>
      <input_file id="fl-10">
         <path>/Users/rishibala/Desktop/ECE-319H-Labs/ECE319K_Lab9H/Debug/./</path>
         <kind>object</kind>
         <file>TExaS.o</file>
         <name>TExaS.o</name>
      </input_file>
      <input_file id="fl-11">
         <path>/Users/rishibala/Desktop/ECE-319H-Labs/ECE319K_Lab9H/Debug/./</path>
         <kind>object</kind>
         <file>Timer.o</file>
         <name>Timer.o</name>
      </input_file>
      <input_file id="fl-12">
         <path>/Users/rishibala/Desktop/ECE-319H-Labs/ECE319K_Lab9H/Debug/./images/pipedreams/</path>
         <kind>object</kind>
         <file>PipeSound.o</file>
         <name>PipeSound.o</name>
      </input_file>
      <input_file id="fl-13">
         <path>/Users/rishibala/Desktop/ECE-319H-Labs/ECE319K_Lab9H/Debug/./ticlang/</path>
         <kind>object</kind>
         <file>startup_mspm0g3507_ticlang.o</file>
         <name>startup_mspm0g3507_ticlang.o</name>
      </input_file>
      <input_file id="fl-1f">
         <path>/Users/rishibala/Desktop/ECE-319H-Labs/ECE319K_Lab9H/Debug/</path>
         <kind>object</kind>
         <file>&lt;internal&gt;</file>
         <name>&lt;internal&gt;</name>
      </input_file>
      <input_file id="fl-36">
         <path>/Applications/ti/ccs2040/ccs/tools/compiler/ti-cgt-armllvm_4.0.4.LTS/lib/armv6m-ti-none-eabi/c/</path>
         <kind>archive</kind>
         <file>libc.a</file>
         <name>e_sqrtf.c.obj</name>
      </input_file>
      <input_file id="fl-37">
         <path>/Applications/ti/ccs2040/ccs/tools/compiler/ti-cgt-armllvm_4.0.4.LTS/lib/armv6m-ti-none-eabi/c/</path>
         <kind>archive</kind>
         <file>libc.a</file>
         <name>s_cosf.c.obj</name>
      </input_file>
      <input_file id="fl-38">
         <path>/Applications/ti/ccs2040/ccs/tools/compiler/ti-cgt-armllvm_4.0.4.LTS/lib/armv6m-ti-none-eabi/c/</path>
         <kind>archive</kind>
         <file>libc.a</file>
         <name>s_sinf.c.obj</name>
      </input_file>
      <input_file id="fl-39">
         <path>/Applications/ti/ccs2040/ccs/tools/compiler/ti-cgt-armllvm_4.0.4.LTS/lib/armv6m-ti-none-eabi/c/</path>
         <kind>archive</kind>
         <file>libc.a</file>
         <name>fopen.c.obj</name>
      </input_file>
      <input_file id="fl-3a">
         <path>/Applications/ti/ccs2040/ccs/tools/compiler/ti-cgt-armllvm_4.0.4.LTS/lib/armv6m-ti-none-eabi/c/</path>
         <kind>archive</kind>
         <file>libc.a</file>
         <name>setvbuf.c.obj</name>
      </input_file>
      <input_file id="fl-3b">
         <path>/Applications/ti/ccs2040/ccs/tools/compiler/ti-cgt-armllvm_4.0.4.LTS/lib/armv6m-ti-none-eabi/c/</path>
         <kind>archive</kind>
         <file>libc.a</file>
         <name>aeabi_portable.c.obj</name>
      </input_file>
      <input_file id="fl-3c">
         <path>/Applications/ti/ccs2040/ccs/tools/compiler/ti-cgt-armllvm_4.0.4.LTS/lib/armv6m-ti-none-eabi/c/</path>
         <kind>archive</kind>
         <file>libc.a</file>
         <name>aeabi_atexit.c.obj</name>
      </input_file>
      <input_file id="fl-3d">
         <path>/Applications/ti/ccs2040/ccs/tools/compiler/ti-cgt-armllvm_4.0.4.LTS/lib/armv6m-ti-none-eabi/c/</path>
         <kind>archive</kind>
         <file>libc.a</file>
         <name>exit.c.obj</name>
      </input_file>
      <input_file id="fl-3e">
         <path>/Applications/ti/ccs2040/ccs/tools/compiler/ti-cgt-armllvm_4.0.4.LTS/lib/armv6m-ti-none-eabi/c/</path>
         <kind>archive</kind>
         <file>libc.a</file>
         <name>_lock.c.obj</name>
      </input_file>
      <input_file id="fl-3f">
         <path>/Applications/ti/ccs2040/ccs/tools/compiler/ti-cgt-armllvm_4.0.4.LTS/lib/armv6m-ti-none-eabi/c/</path>
         <kind>archive</kind>
         <file>libc.a</file>
         <name>assert.c.obj</name>
      </input_file>
      <input_file id="fl-40">
         <path>/Applications/ti/ccs2040/ccs/tools/compiler/ti-cgt-armllvm_4.0.4.LTS/lib/armv6m-ti-none-eabi/c/</path>
         <kind>archive</kind>
         <file>libc.a</file>
         <name>defs.c.obj</name>
      </input_file>
      <input_file id="fl-41">
         <path>/Applications/ti/ccs2040/ccs/tools/compiler/ti-cgt-armllvm_4.0.4.LTS/lib/armv6m-ti-none-eabi/c/</path>
         <kind>archive</kind>
         <file>libc.a</file>
         <name>memory.c.obj</name>
      </input_file>
      <input_file id="fl-42">
         <path>/Applications/ti/ccs2040/ccs/tools/compiler/ti-cgt-armllvm_4.0.4.LTS/lib/armv6m-ti-none-eabi/c/</path>
         <kind>archive</kind>
         <file>libc.a</file>
         <name>strlen.c.obj</name>
      </input_file>
      <input_file id="fl-43">
         <path>/Applications/ti/ccs2040/ccs/tools/compiler/ti-cgt-armllvm_4.0.4.LTS/lib/armv6m-ti-none-eabi/c/</path>
         <kind>archive</kind>
         <file>libc.a</file>
         <name>k_rem_pio2.c.obj</name>
      </input_file>
      <input_file id="fl-44">
         <path>/Applications/ti/ccs2040/ccs/tools/compiler/ti-cgt-armllvm_4.0.4.LTS/lib/armv6m-ti-none-eabi/c/</path>
         <kind>archive</kind>
         <file>libc.a</file>
         <name>boot_cortex_m.c.obj</name>
      </input_file>
      <input_file id="fl-45">
         <path>/Applications/ti/ccs2040/ccs/tools/compiler/ti-cgt-armllvm_4.0.4.LTS/lib/armv6m-ti-none-eabi/c/</path>
         <kind>archive</kind>
         <file>libc.a</file>
         <name>mathacl_init.c.obj</name>
      </input_file>
      <input_file id="fl-46">
         <path>/Applications/ti/ccs2040/ccs/tools/compiler/ti-cgt-armllvm_4.0.4.LTS/lib/armv6m-ti-none-eabi/c/</path>
         <kind>archive</kind>
         <file>libc.a</file>
         <name>autoinit.c.obj</name>
      </input_file>
      <input_file id="fl-47">
         <path>/Applications/ti/ccs2040/ccs/tools/compiler/ti-cgt-armllvm_4.0.4.LTS/lib/armv6m-ti-none-eabi/c/</path>
         <kind>archive</kind>
         <file>libc.a</file>
         <name>pre_init.c.obj</name>
      </input_file>
      <input_file id="fl-48">
         <path>/Applications/ti/ccs2040/ccs/tools/compiler/ti-cgt-armllvm_4.0.4.LTS/lib/armv6m-ti-none-eabi/c/</path>
         <kind>archive</kind>
         <file>libc.a</file>
         <name>cpy_tbl.c.obj</name>
      </input_file>
      <input_file id="fl-49">
         <path>/Applications/ti/ccs2040/ccs/tools/compiler/ti-cgt-armllvm_4.0.4.LTS/lib/armv6m-ti-none-eabi/c/</path>
         <kind>archive</kind>
         <file>libc.a</file>
         <name>copy_zero_init.c.obj</name>
      </input_file>
      <input_file id="fl-4a">
         <path>/Applications/ti/ccs2040/ccs/tools/compiler/ti-cgt-armllvm_4.0.4.LTS/lib/armv6m-ti-none-eabi/c/</path>
         <kind>archive</kind>
         <file>libc.a</file>
         <name>copy_decompress_none.c.obj</name>
      </input_file>
      <input_file id="fl-4b">
         <path>/Applications/ti/ccs2040/ccs/tools/compiler/ti-cgt-armllvm_4.0.4.LTS/lib/armv6m-ti-none-eabi/c/</path>
         <kind>archive</kind>
         <file>libc.a</file>
         <name>copy_decompress_lzss.c.obj</name>
      </input_file>
      <input_file id="fl-4c">
         <path>/Applications/ti/ccs2040/ccs/tools/compiler/ti-cgt-armllvm_4.0.4.LTS/lib/armv6m-ti-none-eabi/c/</path>
         <kind>archive</kind>
         <file>libc.a</file>
         <name>s_floor.c.obj</name>
      </input_file>
      <input_file id="fl-4d">
         <path>/Applications/ti/ccs2040/ccs/tools/compiler/ti-cgt-armllvm_4.0.4.LTS/lib/armv6m-ti-none-eabi/c/</path>
         <kind>archive</kind>
         <file>libc.a</file>
         <name>s_scalbn.c.obj</name>
      </input_file>
      <input_file id="fl-4e">
         <path>/Applications/ti/ccs2040/ccs/tools/compiler/ti-cgt-armllvm_4.0.4.LTS/lib/armv6m-ti-none-eabi/c/</path>
         <kind>archive</kind>
         <file>libc.a</file>
         <name>sprintf.c.obj</name>
      </input_file>
      <input_file id="fl-4f">
         <path>/Applications/ti/ccs2040/ccs/tools/compiler/ti-cgt-armllvm_4.0.4.LTS/lib/armv6m-ti-none-eabi/c/</path>
         <kind>archive</kind>
         <file>libc.a</file>
         <name>fclose.c.obj</name>
      </input_file>
      <input_file id="fl-50">
         <path>/Applications/ti/ccs2040/ccs/tools/compiler/ti-cgt-armllvm_4.0.4.LTS/lib/armv6m-ti-none-eabi/c/</path>
         <kind>archive</kind>
         <file>libc.a</file>
         <name>fflush.c.obj</name>
      </input_file>
      <input_file id="fl-51">
         <path>/Applications/ti/ccs2040/ccs/tools/compiler/ti-cgt-armllvm_4.0.4.LTS/lib/armv6m-ti-none-eabi/c/</path>
         <kind>archive</kind>
         <file>libc.a</file>
         <name>fputs.c.obj</name>
      </input_file>
      <input_file id="fl-52">
         <path>/Applications/ti/ccs2040/ccs/tools/compiler/ti-cgt-armllvm_4.0.4.LTS/lib/armv6m-ti-none-eabi/c/</path>
         <kind>archive</kind>
         <file>libc.a</file>
         <name>_io_perm.c.obj</name>
      </input_file>
      <input_file id="fl-53">
         <path>/Applications/ti/ccs2040/ccs/tools/compiler/ti-cgt-armllvm_4.0.4.LTS/lib/armv6m-ti-none-eabi/c/</path>
         <kind>archive</kind>
         <file>libc.a</file>
         <name>args_main.c.obj</name>
      </input_file>
      <input_file id="fl-54">
         <path>/Applications/ti/ccs2040/ccs/tools/compiler/ti-cgt-armllvm_4.0.4.LTS/lib/armv6m-ti-none-eabi/c/</path>
         <kind>archive</kind>
         <file>libc.a</file>
         <name>_printfi.c.obj</name>
      </input_file>
      <input_file id="fl-55">
         <path>/Applications/ti/ccs2040/ccs/tools/compiler/ti-cgt-armllvm_4.0.4.LTS/lib/armv6m-ti-none-eabi/c/</path>
         <kind>archive</kind>
         <file>libc.a</file>
         <name>fseek.c.obj</name>
      </input_file>
      <input_file id="fl-56">
         <path>/Applications/ti/ccs2040/ccs/tools/compiler/ti-cgt-armllvm_4.0.4.LTS/lib/armv6m-ti-none-eabi/c/</path>
         <kind>archive</kind>
         <file>libc.a</file>
         <name>_ltoa.c.obj</name>
      </input_file>
      <input_file id="fl-57">
         <path>/Applications/ti/ccs2040/ccs/tools/compiler/ti-cgt-armllvm_4.0.4.LTS/lib/armv6m-ti-none-eabi/c/</path>
         <kind>archive</kind>
         <file>libc.a</file>
         <name>atoi.c.obj</name>
      </input_file>
      <input_file id="fl-58">
         <path>/Applications/ti/ccs2040/ccs/tools/compiler/ti-cgt-armllvm_4.0.4.LTS/lib/armv6m-ti-none-eabi/c/</path>
         <kind>archive</kind>
         <file>libc.a</file>
         <name>memccpy.c.obj</name>
      </input_file>
      <input_file id="fl-59">
         <path>/Applications/ti/ccs2040/ccs/tools/compiler/ti-cgt-armllvm_4.0.4.LTS/lib/armv6m-ti-none-eabi/c/</path>
         <kind>archive</kind>
         <file>libc.a</file>
         <name>s_frexp.c.obj</name>
      </input_file>
      <input_file id="fl-5a">
         <path>/Applications/ti/ccs2040/ccs/tools/compiler/ti-cgt-armllvm_4.0.4.LTS/lib/armv6m-ti-none-eabi/c/</path>
         <kind>archive</kind>
         <file>libc.a</file>
         <name>wcslen.c.obj</name>
      </input_file>
      <input_file id="fl-5b">
         <path>/Applications/ti/ccs2040/ccs/tools/compiler/ti-cgt-armllvm_4.0.4.LTS/lib/armv6m-ti-none-eabi/c/</path>
         <kind>archive</kind>
         <file>libc.a</file>
         <name>aeabi_ctype.S.obj</name>
      </input_file>
      <input_file id="fl-fb">
         <path>/Applications/ti/ccs2040/ccs/tools/compiler/ti-cgt-armllvm_4.0.4.LTS/lib/armv6m-ti-none-eabi/</path>
         <kind>archive</kind>
         <file>libc++.a</file>
         <name>string.cpp.obj</name>
      </input_file>
      <input_file id="fl-fc">
         <path>/Applications/ti/ccs2040/ccs/tools/compiler/ti-cgt-armllvm_4.0.4.LTS/lib/armv6m-ti-none-eabi/</path>
         <kind>archive</kind>
         <file>libc++.a</file>
         <name>verbose_abort.cpp.obj</name>
      </input_file>
      <input_file id="fl-fd">
         <path>/Applications/ti/ccs2040/ccs/tools/compiler/ti-cgt-armllvm_4.0.4.LTS/lib/armv6m-ti-none-eabi/</path>
         <kind>archive</kind>
         <file>libc++abi.a</file>
         <name>stdlib_new_delete.cpp.obj</name>
      </input_file>
      <input_file id="fl-fe">
         <path>/Applications/ti/ccs2040/ccs/tools/compiler/ti-cgt-armllvm_4.0.4.LTS/lib/armv6m-ti-none-eabi/</path>
         <kind>archive</kind>
         <file>libc++abi.a</file>
         <name>cxa_handlers.cpp.obj</name>
      </input_file>
      <input_file id="fl-ff">
         <path>/Applications/ti/ccs2040/ccs/tools/compiler/ti-cgt-armllvm_4.0.4.LTS/lib/armv6m-ti-none-eabi/</path>
         <kind>archive</kind>
         <file>libc++abi.a</file>
         <name>abort_message.cpp.obj</name>
      </input_file>
      <input_file id="fl-100">
         <path>/Applications/ti/ccs2040/ccs/tools/compiler/ti-cgt-armllvm_4.0.4.LTS/lib/armv6m-ti-none-eabi/</path>
         <kind>archive</kind>
         <file>libc++abi.a</file>
         <name>cxa_default_handlers.cpp.obj</name>
      </input_file>
      <input_file id="fl-101">
         <path>/Applications/ti/ccs2040/ccs/tools/compiler/ti-cgt-armllvm_4.0.4.LTS/lib/armv6m-ti-none-eabi/c/</path>
         <kind>archive</kind>
         <file>libc.a</file>
         <name>wcstof.c.obj</name>
      </input_file>
      <input_file id="fl-102">
         <path>/Applications/ti/ccs2040/ccs/tools/compiler/ti-cgt-armllvm_4.0.4.LTS/lib/armv6m-ti-none-eabi/c/</path>
         <kind>archive</kind>
         <file>libc.a</file>
         <name>wcstod.c.obj</name>
      </input_file>
      <input_file id="fl-103">
         <path>/Applications/ti/ccs2040/ccs/tools/compiler/ti-cgt-armllvm_4.0.4.LTS/lib/armv6m-ti-none-eabi/c/</path>
         <kind>archive</kind>
         <file>libc.a</file>
         <name>wcstold.c.obj</name>
      </input_file>
      <input_file id="fl-104">
         <path>/Applications/ti/ccs2040/ccs/tools/compiler/ti-cgt-armllvm_4.0.4.LTS/lib/armv6m-ti-none-eabi/c/</path>
         <kind>archive</kind>
         <file>libc.a</file>
         <name>wcstol.c.obj</name>
      </input_file>
      <input_file id="fl-105">
         <path>/Applications/ti/ccs2040/ccs/tools/compiler/ti-cgt-armllvm_4.0.4.LTS/lib/armv6m-ti-none-eabi/c/</path>
         <kind>archive</kind>
         <file>libc.a</file>
         <name>wcstoul.c.obj</name>
      </input_file>
      <input_file id="fl-106">
         <path>/Applications/ti/ccs2040/ccs/tools/compiler/ti-cgt-armllvm_4.0.4.LTS/lib/armv6m-ti-none-eabi/c/</path>
         <kind>archive</kind>
         <file>libc.a</file>
         <name>wcstoll.c.obj</name>
      </input_file>
      <input_file id="fl-107">
         <path>/Applications/ti/ccs2040/ccs/tools/compiler/ti-cgt-armllvm_4.0.4.LTS/lib/armv6m-ti-none-eabi/c/</path>
         <kind>archive</kind>
         <file>libc.a</file>
         <name>wcstoull.c.obj</name>
      </input_file>
      <input_file id="fl-108">
         <path>/Applications/ti/ccs2040/ccs/tools/compiler/ti-cgt-armllvm_4.0.4.LTS/lib/armv6m-ti-none-eabi/c/</path>
         <kind>archive</kind>
         <file>libc.a</file>
         <name>swprintf.c.obj</name>
      </input_file>
      <input_file id="fl-109">
         <path>/Applications/ti/ccs2040/ccs/tools/compiler/ti-cgt-armllvm_4.0.4.LTS/lib/armv6m-ti-none-eabi/c/</path>
         <kind>archive</kind>
         <file>libc.a</file>
         <name>wmemchr.c.obj</name>
      </input_file>
      <input_file id="fl-10a">
         <path>/Applications/ti/ccs2040/ccs/tools/compiler/ti-cgt-armllvm_4.0.4.LTS/lib/armv6m-ti-none-eabi/c/</path>
         <kind>archive</kind>
         <file>libc.a</file>
         <name>wmemcmp.c.obj</name>
      </input_file>
      <input_file id="fl-10b">
         <path>/Applications/ti/ccs2040/ccs/tools/compiler/ti-cgt-armllvm_4.0.4.LTS/lib/armv6m-ti-none-eabi/c/</path>
         <kind>archive</kind>
         <file>libc.a</file>
         <name>none_mb.c.obj</name>
      </input_file>
      <input_file id="fl-10c">
         <path>/Applications/ti/ccs2040/ccs/tools/compiler/ti-cgt-armllvm_4.0.4.LTS/lib/armv6m-ti-none-eabi/c/</path>
         <kind>archive</kind>
         <file>libc.a</file>
         <name>vswprintf.c.obj</name>
      </input_file>
      <input_file id="fl-10d">
         <path>/Applications/ti/ccs2040/ccs/tools/compiler/ti-cgt-armllvm_4.0.4.LTS/lib/armv6m-ti-none-eabi/c/</path>
         <kind>archive</kind>
         <file>libc.a</file>
         <name>snprintf.c.obj</name>
      </input_file>
      <input_file id="fl-10e">
         <path>/Applications/ti/ccs2040/ccs/tools/compiler/ti-cgt-armllvm_4.0.4.LTS/lib/armv6m-ti-none-eabi/c/</path>
         <kind>archive</kind>
         <file>libc.a</file>
         <name>vfprintf.c.obj</name>
      </input_file>
      <input_file id="fl-10f">
         <path>/Applications/ti/ccs2040/ccs/tools/compiler/ti-cgt-armllvm_4.0.4.LTS/lib/armv6m-ti-none-eabi/c/</path>
         <kind>archive</kind>
         <file>libc.a</file>
         <name>vsnprintf.c.obj</name>
      </input_file>
      <input_file id="fl-110">
         <path>/Applications/ti/ccs2040/ccs/tools/compiler/ti-cgt-armllvm_4.0.4.LTS/lib/armv6m-ti-none-eabi/c/</path>
         <kind>archive</kind>
         <file>libc.a</file>
         <name>fputc.c.obj</name>
      </input_file>
      <input_file id="fl-111">
         <path>/Applications/ti/ccs2040/ccs/tools/compiler/ti-cgt-armllvm_4.0.4.LTS/lib/armv6m-ti-none-eabi/c/</path>
         <kind>archive</kind>
         <file>libc.a</file>
         <name>memchr.c.obj</name>
      </input_file>
      <input_file id="fl-112">
         <path>/Applications/ti/ccs2040/ccs/tools/compiler/ti-cgt-armllvm_4.0.4.LTS/lib/armv6m-ti-none-eabi/c/</path>
         <kind>archive</kind>
         <file>libc.a</file>
         <name>memcmp.c.obj</name>
      </input_file>
      <input_file id="fl-113">
         <path>/Applications/ti/ccs2040/ccs/tools/compiler/ti-cgt-armllvm_4.0.4.LTS/lib/armv6m-ti-none-eabi/c/</path>
         <kind>archive</kind>
         <file>libc.a</file>
         <name>strtod.c.obj</name>
      </input_file>
      <input_file id="fl-114">
         <path>/Applications/ti/ccs2040/ccs/tools/compiler/ti-cgt-armllvm_4.0.4.LTS/lib/armv6m-ti-none-eabi/c/</path>
         <kind>archive</kind>
         <file>libc.a</file>
         <name>strtof.c.obj</name>
      </input_file>
      <input_file id="fl-115">
         <path>/Applications/ti/ccs2040/ccs/tools/compiler/ti-cgt-armllvm_4.0.4.LTS/lib/armv6m-ti-none-eabi/c/</path>
         <kind>archive</kind>
         <file>libc.a</file>
         <name>strtol.c.obj</name>
      </input_file>
      <input_file id="fl-116">
         <path>/Applications/ti/ccs2040/ccs/tools/compiler/ti-cgt-armllvm_4.0.4.LTS/lib/armv6m-ti-none-eabi/c/</path>
         <kind>archive</kind>
         <file>libc.a</file>
         <name>strtoll.c.obj</name>
      </input_file>
      <input_file id="fl-117">
         <path>/Applications/ti/ccs2040/ccs/tools/compiler/ti-cgt-armllvm_4.0.4.LTS/lib/armv6m-ti-none-eabi/c/</path>
         <kind>archive</kind>
         <file>libc.a</file>
         <name>strtoul.c.obj</name>
      </input_file>
      <input_file id="fl-118">
         <path>/Applications/ti/ccs2040/ccs/tools/compiler/ti-cgt-armllvm_4.0.4.LTS/lib/armv6m-ti-none-eabi/c/</path>
         <kind>archive</kind>
         <file>libc.a</file>
         <name>strtoull.c.obj</name>
      </input_file>
      <input_file id="fl-119">
         <path>/Applications/ti/ccs2040/ccs/tools/compiler/ti-cgt-armllvm_4.0.4.LTS/lib/armv6m-ti-none-eabi/c/</path>
         <kind>archive</kind>
         <file>libc.a</file>
         <name>wctype.c.obj</name>
      </input_file>
      <input_file id="fl-11a">
         <path>/Applications/ti/ccs2040/ccs/tools/compiler/ti-cgt-armllvm_4.0.4.LTS/lib/armv6m-ti-none-eabi/c/</path>
         <kind>archive</kind>
         <file>libc.a</file>
         <name>locale_stdlib.c.obj</name>
      </input_file>
      <input_file id="fl-11b">
         <path>/Applications/ti/ccs2040/ccs/tools/compiler/ti-cgt-armllvm_4.0.4.LTS/lib/armv6m-ti-none-eabi/c/</path>
         <kind>archive</kind>
         <file>libc.a</file>
         <name>locale_wchar.c.obj</name>
      </input_file>
      <input_file id="fl-11c">
         <path>/Applications/ti/ccs2040/ccs/tools/compiler/ti-cgt-armllvm_4.0.4.LTS/lib/armv6m-ti-none-eabi/c/</path>
         <kind>archive</kind>
         <file>libc.a</file>
         <name>s_scalbnf.c.obj</name>
      </input_file>
      <input_file id="fl-11d">
         <path>/Applications/ti/ccs2040/ccs/tools/compiler/ti-cgt-armllvm_4.0.4.LTS/lib/armv6m-ti-none-eabi/c/</path>
         <kind>archive</kind>
         <file>libc.a</file>
         <name>fgetwc.c.obj</name>
      </input_file>
      <input_file id="fl-11e">
         <path>/Applications/ti/ccs2040/ccs/tools/compiler/ti-cgt-armllvm_4.0.4.LTS/lib/armv6m-ti-none-eabi/c/</path>
         <kind>archive</kind>
         <file>libc.a</file>
         <name>fgetws.c.obj</name>
      </input_file>
      <input_file id="fl-11f">
         <path>/Applications/ti/ccs2040/ccs/tools/compiler/ti-cgt-armllvm_4.0.4.LTS/lib/armv6m-ti-none-eabi/c/</path>
         <kind>archive</kind>
         <file>libc.a</file>
         <name>fputws.c.obj</name>
      </input_file>
      <input_file id="fl-120">
         <path>/Applications/ti/ccs2040/ccs/tools/compiler/ti-cgt-armllvm_4.0.4.LTS/lib/armv6m-ti-none-eabi/c/</path>
         <kind>archive</kind>
         <file>libc.a</file>
         <name>vfwprintf.c.obj</name>
      </input_file>
      <input_file id="fl-121">
         <path>/Applications/ti/ccs2040/ccs/tools/compiler/ti-cgt-armllvm_4.0.4.LTS/lib/armv6m-ti-none-eabi/c/</path>
         <kind>archive</kind>
         <file>libc.a</file>
         <name>vfwscanf.c.obj</name>
      </input_file>
      <input_file id="fl-122">
         <path>/Applications/ti/ccs2040/ccs/tools/compiler/ti-cgt-armllvm_4.0.4.LTS/lib/armv6m-ti-none-eabi/c/</path>
         <kind>archive</kind>
         <file>libc.a</file>
         <name>wcscoll.c.obj</name>
      </input_file>
      <input_file id="fl-123">
         <path>/Applications/ti/ccs2040/ccs/tools/compiler/ti-cgt-armllvm_4.0.4.LTS/lib/armv6m-ti-none-eabi/c/</path>
         <kind>archive</kind>
         <file>libc.a</file>
         <name>wcsxfrm.c.obj</name>
      </input_file>
      <input_file id="fl-124">
         <path>/Applications/ti/ccs2040/ccs/tools/compiler/ti-cgt-armllvm_4.0.4.LTS/lib/armv6m-ti-none-eabi/c/</path>
         <kind>archive</kind>
         <file>libc.a</file>
         <name>fscanf.c.obj</name>
      </input_file>
      <input_file id="fl-125">
         <path>/Applications/ti/ccs2040/ccs/tools/compiler/ti-cgt-armllvm_4.0.4.LTS/lib/armv6m-ti-none-eabi/c/</path>
         <kind>archive</kind>
         <file>libc.a</file>
         <name>fgetc.c.obj</name>
      </input_file>
      <input_file id="fl-126">
         <path>/Applications/ti/ccs2040/ccs/tools/compiler/ti-cgt-armllvm_4.0.4.LTS/lib/armv6m-ti-none-eabi/c/</path>
         <kind>archive</kind>
         <file>libc.a</file>
         <name>fgets.c.obj</name>
      </input_file>
      <input_file id="fl-127">
         <path>/Applications/ti/ccs2040/ccs/tools/compiler/ti-cgt-armllvm_4.0.4.LTS/lib/armv6m-ti-none-eabi/c/</path>
         <kind>archive</kind>
         <file>libc.a</file>
         <name>_bufread.c.obj</name>
      </input_file>
      <input_file id="fl-128">
         <path>/Applications/ti/ccs2040/ccs/tools/compiler/ti-cgt-armllvm_4.0.4.LTS/lib/armv6m-ti-none-eabi/c/</path>
         <kind>archive</kind>
         <file>libc.a</file>
         <name>ungetc.c.obj</name>
      </input_file>
      <input_file id="fl-129">
         <path>/Applications/ti/ccs2040/ccs/tools/compiler/ti-cgt-armllvm_4.0.4.LTS/lib/armv6m-ti-none-eabi/c/</path>
         <kind>archive</kind>
         <file>libc.a</file>
         <name>strcmp-armv6m.S.obj</name>
      </input_file>
      <input_file id="fl-12a">
         <path>/Applications/ti/ccs2040/ccs/tools/compiler/ti-cgt-armllvm_4.0.4.LTS/lib/armv6m-ti-none-eabi/c/</path>
         <kind>archive</kind>
         <file>libc.a</file>
         <name>atol.c.obj</name>
      </input_file>
      <input_file id="fl-12b">
         <path>/Applications/ti/ccs2040/ccs/tools/compiler/ti-cgt-armllvm_4.0.4.LTS/lib/armv6m-ti-none-eabi/c/</path>
         <kind>archive</kind>
         <file>libc.a</file>
         <name>atoll.c.obj</name>
      </input_file>
      <input_file id="fl-12c">
         <path>/Applications/ti/ccs2040/ccs/tools/compiler/ti-cgt-armllvm_4.0.4.LTS/lib/armv6m-ti-none-eabi/c/</path>
         <kind>archive</kind>
         <file>libc.a</file>
         <name>_scanfi.c.obj</name>
      </input_file>
      <input_file id="fl-12d">
         <path>/Applications/ti/ccs2040/ccs/tools/compiler/ti-cgt-armllvm_4.0.4.LTS/lib/armv6m-ti-none-eabi/c/</path>
         <kind>archive</kind>
         <file>libsysbm.a</file>
         <name>hostexit.c.obj</name>
      </input_file>
      <input_file id="fl-12e">
         <path>/Applications/ti/ccs2040/ccs/tools/compiler/ti-cgt-armllvm_4.0.4.LTS/lib/armv6m-ti-none-eabi/c/</path>
         <kind>archive</kind>
         <file>libsysbm.a</file>
         <name>write.c.obj</name>
      </input_file>
      <input_file id="fl-12f">
         <path>/Applications/ti/ccs2040/ccs/tools/compiler/ti-cgt-armllvm_4.0.4.LTS/lib/armv6m-ti-none-eabi/c/</path>
         <kind>archive</kind>
         <file>libsysbm.a</file>
         <name>host_device.c.obj</name>
      </input_file>
      <input_file id="fl-130">
         <path>/Applications/ti/ccs2040/ccs/tools/compiler/ti-cgt-armllvm_4.0.4.LTS/lib/armv6m-ti-none-eabi/c/</path>
         <kind>archive</kind>
         <file>libsysbm.a</file>
         <name>remove.c.obj</name>
      </input_file>
      <input_file id="fl-131">
         <path>/Applications/ti/ccs2040/ccs/tools/compiler/ti-cgt-armllvm_4.0.4.LTS/lib/armv6m-ti-none-eabi/c/</path>
         <kind>archive</kind>
         <file>libsysbm.a</file>
         <name>read.c.obj</name>
      </input_file>
      <input_file id="fl-132">
         <path>/Applications/ti/ccs2040/ccs/tools/compiler/ti-cgt-armllvm_4.0.4.LTS/lib/armv6m-ti-none-eabi/c/</path>
         <kind>archive</kind>
         <file>libsysbm.a</file>
         <name>open.c.obj</name>
      </input_file>
      <input_file id="fl-133">
         <path>/Applications/ti/ccs2040/ccs/tools/compiler/ti-cgt-armllvm_4.0.4.LTS/lib/armv6m-ti-none-eabi/c/</path>
         <kind>archive</kind>
         <file>libsysbm.a</file>
         <name>lseek.c.obj</name>
      </input_file>
      <input_file id="fl-134">
         <path>/Applications/ti/ccs2040/ccs/tools/compiler/ti-cgt-armllvm_4.0.4.LTS/lib/armv6m-ti-none-eabi/c/</path>
         <kind>archive</kind>
         <file>libsysbm.a</file>
         <name>close.c.obj</name>
      </input_file>
      <input_file id="fl-135">
         <path>/Applications/ti/ccs2040/ccs/tools/compiler/ti-cgt-armllvm_4.0.4.LTS/lib/armv6m-ti-none-eabi/c/</path>
         <kind>archive</kind>
         <file>libsysbm.a</file>
         <name>add_device.c.obj</name>
      </input_file>
      <input_file id="fl-136">
         <path>/Applications/ti/ccs2040/ccs/tools/compiler/ti-cgt-armllvm_4.0.4.LTS/lib/armv6m-ti-none-eabi/c/</path>
         <kind>archive</kind>
         <file>libsysbm.a</file>
         <name>unlink.c.obj</name>
      </input_file>
      <input_file id="fl-137">
         <path>/Applications/ti/ccs2040/ccs/tools/compiler/ti-cgt-armllvm_4.0.4.LTS/lib/armv6m-ti-none-eabi/c/</path>
         <kind>archive</kind>
         <file>libsysbm.a</file>
         <name>hostclose.c.obj</name>
      </input_file>
      <input_file id="fl-138">
         <path>/Applications/ti/ccs2040/ccs/tools/compiler/ti-cgt-armllvm_4.0.4.LTS/lib/armv6m-ti-none-eabi/c/</path>
         <kind>archive</kind>
         <file>libsysbm.a</file>
         <name>hostlseek.c.obj</name>
      </input_file>
      <input_file id="fl-139">
         <path>/Applications/ti/ccs2040/ccs/tools/compiler/ti-cgt-armllvm_4.0.4.LTS/lib/armv6m-ti-none-eabi/c/</path>
         <kind>archive</kind>
         <file>libsysbm.a</file>
         <name>hostopen.c.obj</name>
      </input_file>
      <input_file id="fl-13a">
         <path>/Applications/ti/ccs2040/ccs/tools/compiler/ti-cgt-armllvm_4.0.4.LTS/lib/armv6m-ti-none-eabi/c/</path>
         <kind>archive</kind>
         <file>libsysbm.a</file>
         <name>hostread.c.obj</name>
      </input_file>
      <input_file id="fl-13b">
         <path>/Applications/ti/ccs2040/ccs/tools/compiler/ti-cgt-armllvm_4.0.4.LTS/lib/armv6m-ti-none-eabi/c/</path>
         <kind>archive</kind>
         <file>libsysbm.a</file>
         <name>hostrename.c.obj</name>
      </input_file>
      <input_file id="fl-13c">
         <path>/Applications/ti/ccs2040/ccs/tools/compiler/ti-cgt-armllvm_4.0.4.LTS/lib/armv6m-ti-none-eabi/c/</path>
         <kind>archive</kind>
         <file>libsysbm.a</file>
         <name>hostunlink.c.obj</name>
      </input_file>
      <input_file id="fl-13d">
         <path>/Applications/ti/ccs2040/ccs/tools/compiler/ti-cgt-armllvm_4.0.4.LTS/lib/armv6m-ti-none-eabi/c/</path>
         <kind>archive</kind>
         <file>libsysbm.a</file>
         <name>hostwrite.c.obj</name>
      </input_file>
      <input_file id="fl-13e">
         <path>/Applications/ti/ccs2040/ccs/tools/compiler/ti-cgt-armllvm_4.0.4.LTS/lib/armv6m-ti-none-eabi/c/</path>
         <kind>archive</kind>
         <file>libsysbm.a</file>
         <name>trgmsg.c.obj</name>
      </input_file>
      <input_file id="fl-13f">
         <path>/Applications/ti/ccs2040/ccs/tools/compiler/ti-cgt-armllvm_4.0.4.LTS/lib/armv6m-ti-none-eabi/</path>
         <kind>archive</kind>
         <file>libclang_rt.builtins.a</file>
         <name>addsf3.S.obj</name>
      </input_file>
      <input_file id="fl-140">
         <path>/Applications/ti/ccs2040/ccs/tools/compiler/ti-cgt-armllvm_4.0.4.LTS/lib/armv6m-ti-none-eabi/</path>
         <kind>archive</kind>
         <file>libclang_rt.builtins.a</file>
         <name>adddf3.S.obj</name>
      </input_file>
      <input_file id="fl-141">
         <path>/Applications/ti/ccs2040/ccs/tools/compiler/ti-cgt-armllvm_4.0.4.LTS/lib/armv6m-ti-none-eabi/</path>
         <kind>archive</kind>
         <file>libclang_rt.builtins.a</file>
         <name>muldf3.S.obj</name>
      </input_file>
      <input_file id="fl-142">
         <path>/Applications/ti/ccs2040/ccs/tools/compiler/ti-cgt-armllvm_4.0.4.LTS/lib/armv6m-ti-none-eabi/</path>
         <kind>archive</kind>
         <file>libclang_rt.builtins.a</file>
         <name>muldsi3.S.obj</name>
      </input_file>
      <input_file id="fl-143">
         <path>/Applications/ti/ccs2040/ccs/tools/compiler/ti-cgt-armllvm_4.0.4.LTS/lib/armv6m-ti-none-eabi/</path>
         <kind>archive</kind>
         <file>libclang_rt.builtins.a</file>
         <name>mulsf3.S.obj</name>
      </input_file>
      <input_file id="fl-144">
         <path>/Applications/ti/ccs2040/ccs/tools/compiler/ti-cgt-armllvm_4.0.4.LTS/lib/armv6m-ti-none-eabi/</path>
         <kind>archive</kind>
         <file>libclang_rt.builtins.a</file>
         <name>divsf3.S.obj</name>
      </input_file>
      <input_file id="fl-145">
         <path>/Applications/ti/ccs2040/ccs/tools/compiler/ti-cgt-armllvm_4.0.4.LTS/lib/armv6m-ti-none-eabi/</path>
         <kind>archive</kind>
         <file>libclang_rt.builtins.a</file>
         <name>divdf3.S.obj</name>
      </input_file>
      <input_file id="fl-146">
         <path>/Applications/ti/ccs2040/ccs/tools/compiler/ti-cgt-armllvm_4.0.4.LTS/lib/armv6m-ti-none-eabi/</path>
         <kind>archive</kind>
         <file>libclang_rt.builtins.a</file>
         <name>extendsfdf2.S.obj</name>
      </input_file>
      <input_file id="fl-147">
         <path>/Applications/ti/ccs2040/ccs/tools/compiler/ti-cgt-armllvm_4.0.4.LTS/lib/armv6m-ti-none-eabi/</path>
         <kind>archive</kind>
         <file>libclang_rt.builtins.a</file>
         <name>fixdfsi.S.obj</name>
      </input_file>
      <input_file id="fl-148">
         <path>/Applications/ti/ccs2040/ccs/tools/compiler/ti-cgt-armllvm_4.0.4.LTS/lib/armv6m-ti-none-eabi/</path>
         <kind>archive</kind>
         <file>libclang_rt.builtins.a</file>
         <name>fixsfsi.S.obj</name>
      </input_file>
      <input_file id="fl-149">
         <path>/Applications/ti/ccs2040/ccs/tools/compiler/ti-cgt-armllvm_4.0.4.LTS/lib/armv6m-ti-none-eabi/</path>
         <kind>archive</kind>
         <file>libclang_rt.builtins.a</file>
         <name>fixunsdfsi.S.obj</name>
      </input_file>
      <input_file id="fl-14a">
         <path>/Applications/ti/ccs2040/ccs/tools/compiler/ti-cgt-armllvm_4.0.4.LTS/lib/armv6m-ti-none-eabi/</path>
         <kind>archive</kind>
         <file>libclang_rt.builtins.a</file>
         <name>floatsidf.S.obj</name>
      </input_file>
      <input_file id="fl-14b">
         <path>/Applications/ti/ccs2040/ccs/tools/compiler/ti-cgt-armllvm_4.0.4.LTS/lib/armv6m-ti-none-eabi/</path>
         <kind>archive</kind>
         <file>libclang_rt.builtins.a</file>
         <name>floatsisf.S.obj</name>
      </input_file>
      <input_file id="fl-14c">
         <path>/Applications/ti/ccs2040/ccs/tools/compiler/ti-cgt-armllvm_4.0.4.LTS/lib/armv6m-ti-none-eabi/</path>
         <kind>archive</kind>
         <file>libclang_rt.builtins.a</file>
         <name>floatunsidf.S.obj</name>
      </input_file>
      <input_file id="fl-14d">
         <path>/Applications/ti/ccs2040/ccs/tools/compiler/ti-cgt-armllvm_4.0.4.LTS/lib/armv6m-ti-none-eabi/</path>
         <kind>archive</kind>
         <file>libclang_rt.builtins.a</file>
         <name>muldi3.S.obj</name>
      </input_file>
      <input_file id="fl-14e">
         <path>/Applications/ti/ccs2040/ccs/tools/compiler/ti-cgt-armllvm_4.0.4.LTS/lib/armv6m-ti-none-eabi/</path>
         <kind>archive</kind>
         <file>libclang_rt.builtins.a</file>
         <name>truncdfsf2.S.obj</name>
      </input_file>
      <input_file id="fl-14f">
         <path>/Applications/ti/ccs2040/ccs/tools/compiler/ti-cgt-armllvm_4.0.4.LTS/lib/armv6m-ti-none-eabi/</path>
         <kind>archive</kind>
         <file>libclang_rt.builtins.a</file>
         <name>clzsi2.c.obj</name>
      </input_file>
      <input_file id="fl-150">
         <path>/Applications/ti/ccs2040/ccs/tools/compiler/ti-cgt-armllvm_4.0.4.LTS/lib/armv6m-ti-none-eabi/</path>
         <kind>archive</kind>
         <file>libclang_rt.builtins.a</file>
         <name>aeabi_dcmp.S.obj</name>
      </input_file>
      <input_file id="fl-151">
         <path>/Applications/ti/ccs2040/ccs/tools/compiler/ti-cgt-armllvm_4.0.4.LTS/lib/armv6m-ti-none-eabi/</path>
         <kind>archive</kind>
         <file>libclang_rt.builtins.a</file>
         <name>aeabi_fcmp.S.obj</name>
      </input_file>
      <input_file id="fl-152">
         <path>/Applications/ti/ccs2040/ccs/tools/compiler/ti-cgt-armllvm_4.0.4.LTS/lib/armv6m-ti-none-eabi/</path>
         <kind>archive</kind>
         <file>libclang_rt.builtins.a</file>
         <name>aeabi_idivmod.S.obj</name>
      </input_file>
      <input_file id="fl-153">
         <path>/Applications/ti/ccs2040/ccs/tools/compiler/ti-cgt-armllvm_4.0.4.LTS/lib/armv6m-ti-none-eabi/</path>
         <kind>archive</kind>
         <file>libclang_rt.builtins.a</file>
         <name>aeabi_memcpy.S.obj</name>
      </input_file>
      <input_file id="fl-154">
         <path>/Applications/ti/ccs2040/ccs/tools/compiler/ti-cgt-armllvm_4.0.4.LTS/lib/armv6m-ti-none-eabi/</path>
         <kind>archive</kind>
         <file>libclang_rt.builtins.a</file>
         <name>aeabi_memmove.S.obj</name>
      </input_file>
      <input_file id="fl-155">
         <path>/Applications/ti/ccs2040/ccs/tools/compiler/ti-cgt-armllvm_4.0.4.LTS/lib/armv6m-ti-none-eabi/</path>
         <kind>archive</kind>
         <file>libclang_rt.builtins.a</file>
         <name>aeabi_memset.S.obj</name>
      </input_file>
      <input_file id="fl-156">
         <path>/Applications/ti/ccs2040/ccs/tools/compiler/ti-cgt-armllvm_4.0.4.LTS/lib/armv6m-ti-none-eabi/</path>
         <kind>archive</kind>
         <file>libclang_rt.builtins.a</file>
         <name>aeabi_uidivmod.S.obj</name>
      </input_file>
      <input_file id="fl-157">
         <path>/Applications/ti/ccs2040/ccs/tools/compiler/ti-cgt-armllvm_4.0.4.LTS/lib/armv6m-ti-none-eabi/</path>
         <kind>archive</kind>
         <file>libclang_rt.builtins.a</file>
         <name>aeabi_uldivmod.S.obj</name>
      </input_file>
      <input_file id="fl-158">
         <path>/Applications/ti/ccs2040/ccs/tools/compiler/ti-cgt-armllvm_4.0.4.LTS/lib/armv6m-ti-none-eabi/</path>
         <kind>archive</kind>
         <file>libclang_rt.builtins.a</file>
         <name>comparesf2.S.obj</name>
      </input_file>
      <input_file id="fl-159">
         <path>/Applications/ti/ccs2040/ccs/tools/compiler/ti-cgt-armllvm_4.0.4.LTS/lib/armv6m-ti-none-eabi/</path>
         <kind>archive</kind>
         <file>libclang_rt.builtins.a</file>
         <name>udivmoddi4.S.obj</name>
      </input_file>
      <input_file id="fl-15a">
         <path>/Applications/ti/ccs2040/ccs/tools/compiler/ti-cgt-armllvm_4.0.4.LTS/lib/armv6m-ti-none-eabi/</path>
         <kind>archive</kind>
         <file>libclang_rt.builtins.a</file>
         <name>ashldi3.S.obj</name>
      </input_file>
      <input_file id="fl-15b">
         <path>/Applications/ti/ccs2040/ccs/tools/compiler/ti-cgt-armllvm_4.0.4.LTS/lib/armv6m-ti-none-eabi/</path>
         <kind>archive</kind>
         <file>libclang_rt.builtins.a</file>
         <name>comparedf2.c.obj</name>
      </input_file>
      <input_file id="fl-15c">
         <path>/Applications/ti/ccs2040/ccs/tools/compiler/ti-cgt-armllvm_4.0.4.LTS/lib/armv6m-ti-none-eabi/</path>
         <kind>archive</kind>
         <file>libclang_rt.builtins.a</file>
         <name>aeabi_div0.c.obj</name>
      </input_file>
      <input_file id="fl-15d">
         <path>/Applications/ti/ccs2040/ccs/tools/compiler/ti-cgt-armllvm_4.0.4.LTS/lib/armv6m-ti-none-eabi/c/</path>
         <kind>archive</kind>
         <file>libc.a</file>
         <name>getdevice.c.obj</name>
      </input_file>
      <input_file id="fl-15e">
         <path>/Applications/ti/ccs2040/ccs/tools/compiler/ti-cgt-armllvm_4.0.4.LTS/lib/armv6m-ti-none-eabi/c/</path>
         <kind>archive</kind>
         <file>libc.a</file>
         <name>memcpy16.S.obj</name>
      </input_file>
      <input_file id="fl-15f">
         <path>/Applications/ti/ccs2040/ccs/tools/compiler/ti-cgt-armllvm_4.0.4.LTS/lib/armv6m-ti-none-eabi/c/</path>
         <kind>archive</kind>
         <file>libc.a</file>
         <name>memset16.S.obj</name>
      </input_file>
      <input_file id="fl-160">
         <path>/Applications/ti/ccs2040/ccs/tools/compiler/ti-cgt-armllvm_4.0.4.LTS/lib/armv6m-ti-none-eabi/c/</path>
         <kind>archive</kind>
         <file>libc.a</file>
         <name>memmov.c.obj</name>
      </input_file>
   </input_file_list>
   <object_component_list>
      <object_component id="oc-18">
         <name>.intvecs</name>
         <load_address>0x0</load_address>
         <readonly>true</readonly>
         <run_address>0x0</run_address>
         <size>0xc0</size>
         <alignment>0x4</alignment>
         <input_file_ref idref="fl-13"/>
      </object_component>
      <object_component id="oc-1d3">
         <name>.text.__kernel_rem_pio2</name>
         <load_address>0x18040</load_address>
         <readonly>true</readonly>
         <executable>true</executable>
         <run_address>0x18040</run_address>
         <size>0x644</size>
         <alignment>0x4</alignment>
         <input_file_ref idref="fl-43"/>
      </object_component>
      <object_component id="oc-a7">
         <name>.text.main</name>
         <load_address>0x18684</load_address>
         <readonly>true</readonly>
         <executable>true</executable>
         <run_address>0x18684</run_address>
         <size>0x5bc</size>
         <alignment>0x4</alignment>
         <input_file_ref idref="fl-6"/>
      </object_component>
      <object_component id="oc-3ad">
         <name>.text:__TI_printfi_minimal</name>
         <load_address>0x18c40</load_address>
         <readonly>true</readonly>
         <executable>true</executable>
         <run_address>0x18c40</run_address>
         <size>0x284</size>
         <alignment>0x4</alignment>
         <input_file_ref idref="fl-54"/>
      </object_component>
      <object_component id="oc-132">
         <name>.text._Z10renderPuck4Puck</name>
         <load_address>0x18ec4</load_address>
         <readonly>true</readonly>
         <executable>true</executable>
         <run_address>0x18ec4</run_address>
         <size>0x23c</size>
         <alignment>0x4</alignment>
         <input_file_ref idref="fl-4"/>
      </object_component>
      <object_component id="oc-ff">
         <name>.text._Z18drawLanguageScreenh</name>
         <load_address>0x19100</load_address>
         <readonly>true</readonly>
         <executable>true</executable>
         <run_address>0x19100</run_address>
         <size>0x208</size>
         <alignment>0x4</alignment>
         <input_file_ref idref="fl-4"/>
      </object_component>
      <object_component id="oc-cf">
         <name>.text._ZN4Puck17process_CollisionEhhf</name>
         <load_address>0x19308</load_address>
         <readonly>true</readonly>
         <executable>true</executable>
         <run_address>0x19308</run_address>
         <size>0x1d4</size>
         <alignment>0x4</alignment>
         <input_file_ref idref="fl-8"/>
      </object_component>
      <object_component id="oc-124">
         <name>.text.cosf</name>
         <load_address>0x194dc</load_address>
         <readonly>true</readonly>
         <executable>true</executable>
         <run_address>0x194dc</run_address>
         <size>0x1d4</size>
         <alignment>0x4</alignment>
         <input_file_ref idref="fl-37"/>
      </object_component>
      <object_component id="oc-11e">
         <name>.text.sinf</name>
         <load_address>0x196b0</load_address>
         <readonly>true</readonly>
         <executable>true</executable>
         <run_address>0x196b0</run_address>
         <size>0x1c8</size>
         <alignment>0x4</alignment>
         <input_file_ref idref="fl-38"/>
      </object_component>
      <object_component id="oc-16e">
         <name>.text._Z15Clock_Init80MHzi</name>
         <load_address>0x19878</load_address>
         <readonly>true</readonly>
         <executable>true</executable>
         <run_address>0x19878</run_address>
         <size>0x1b4</size>
         <alignment>0x4</alignment>
         <input_file_ref idref="fl-2"/>
      </object_component>
      <object_component id="oc-ce">
         <name>.text._ZN4Puck16check_CollisionsEh</name>
         <load_address>0x19a2c</load_address>
         <readonly>true</readonly>
         <executable>true</executable>
         <run_address>0x19a2c</run_address>
         <size>0x1ac</size>
         <alignment>0x4</alignment>
         <input_file_ref idref="fl-8"/>
      </object_component>
      <object_component id="oc-1b6">
         <name>.text._Z16ST7735_DrawCharSsscssh</name>
         <load_address>0x19bd8</load_address>
         <readonly>true</readonly>
         <executable>true</executable>
         <run_address>0x19bd8</run_address>
         <size>0x1a0</size>
         <alignment>0x4</alignment>
         <input_file_ref idref="fl-a"/>
      </object_component>
      <object_component id="oc-104">
         <name>.text._Z9drawArrowssffb</name>
         <load_address>0x19d78</load_address>
         <readonly>true</readonly>
         <executable>true</executable>
         <run_address>0x19d78</run_address>
         <size>0x1a0</size>
         <alignment>0x4</alignment>
         <input_file_ref idref="fl-4"/>
      </object_component>
      <object_component id="oc-130">
         <name>.text._Z16drawWinnerBannerhhh</name>
         <load_address>0x19f18</load_address>
         <readonly>true</readonly>
         <executable>true</executable>
         <run_address>0x19f18</run_address>
         <size>0x198</size>
         <alignment>0x4</alignment>
         <input_file_ref idref="fl-b"/>
      </object_component>
      <object_component id="oc-1c4">
         <name>.text.adddf3_subdf3</name>
         <load_address>0x1a0b0</load_address>
         <readonly>true</readonly>
         <executable>true</executable>
         <run_address>0x1a0b0</run_address>
         <size>0x192</size>
         <alignment>0x4</alignment>
         <input_file_ref idref="fl-140"/>
      </object_component>
      <object_component id="oc-1a0">
         <name>.text._ZL9arrowLinessssb</name>
         <load_address>0x1a242</load_address>
         <readonly>true</readonly>
         <executable>true</executable>
         <run_address>0x1a242</run_address>
         <size>0x178</size>
         <alignment>0x2</alignment>
         <input_file_ref idref="fl-4"/>
      </object_component>
      <object_component id="oc-233">
         <name>.text.__aeabi_idiv0</name>
         <load_address>0x1a3ba</load_address>
         <readonly>true</readonly>
         <executable>true</executable>
         <run_address>0x1a3ba</run_address>
         <size>0x2</size>
         <alignment>0x2</alignment>
         <input_file_ref idref="fl-15c"/>
      </object_component>
      <object_component id="oc-2a1">
         <name>.text._openfile</name>
         <load_address>0x1a3bc</load_address>
         <readonly>true</readonly>
         <executable>true</executable>
         <run_address>0x1a3bc</run_address>
         <size>0x154</size>
         <alignment>0x4</alignment>
         <input_file_ref idref="fl-39"/>
      </object_component>
      <object_component id="oc-26b">
         <name>.text.floor</name>
         <load_address>0x1a510</load_address>
         <readonly>true</readonly>
         <executable>true</executable>
         <run_address>0x1a510</run_address>
         <size>0x144</size>
         <alignment>0x4</alignment>
         <input_file_ref idref="fl-4c"/>
      </object_component>
      <object_component id="oc-184">
         <name>.text._Z8ADC_InitP10ADC12_Regsjj</name>
         <load_address>0x1a654</load_address>
         <readonly>true</readonly>
         <executable>true</executable>
         <run_address>0x1a654</run_address>
         <size>0x128</size>
         <alignment>0x4</alignment>
         <input_file_ref idref="fl-10"/>
      </object_component>
      <object_component id="oc-194">
         <name>.text._Z15ST7735_FillRectsssst</name>
         <load_address>0x1a77c</load_address>
         <readonly>true</readonly>
         <executable>true</executable>
         <run_address>0x1a77c</run_address>
         <size>0x118</size>
         <alignment>0x4</alignment>
         <input_file_ref idref="fl-a"/>
      </object_component>
      <object_component id="oc-10f">
         <name>.text._Z18updateScoreDisplayhh</name>
         <load_address>0x1a894</load_address>
         <readonly>true</readonly>
         <executable>true</executable>
         <run_address>0x1a894</run_address>
         <size>0x114</size>
         <alignment>0x4</alignment>
         <input_file_ref idref="fl-b"/>
      </object_component>
      <object_component id="oc-8e">
         <name>.text._ZN4Puck16process_MovementEv</name>
         <load_address>0x1a9a8</load_address>
         <readonly>true</readonly>
         <executable>true</executable>
         <run_address>0x1a9a8</run_address>
         <size>0x114</size>
         <alignment>0x4</alignment>
         <input_file_ref idref="fl-8"/>
      </object_component>
      <object_component id="oc-2e6">
         <name>.text.aligned_alloc</name>
         <load_address>0x1aabc</load_address>
         <readonly>true</readonly>
         <executable>true</executable>
         <run_address>0x1aabc</run_address>
         <size>0x114</size>
         <alignment>0x4</alignment>
         <input_file_ref idref="fl-41"/>
      </object_component>
      <object_component id="oc-b2">
         <name>.text.__cxx_global_var_init</name>
         <load_address>0x1abd0</load_address>
         <readonly>true</readonly>
         <executable>true</executable>
         <run_address>0x1abd0</run_address>
         <size>0x108</size>
         <alignment>0x4</alignment>
         <input_file_ref idref="fl-6"/>
      </object_component>
      <object_component id="oc-2e8">
         <name>.text._Z8SPI_Initv</name>
         <load_address>0x1acd8</load_address>
         <readonly>true</readonly>
         <executable>true</executable>
         <run_address>0x1acd8</run_address>
         <size>0xf8</size>
         <alignment>0x4</alignment>
         <input_file_ref idref="fl-9"/>
      </object_component>
      <object_component id="oc-3b5">
         <name>.text.fputs</name>
         <load_address>0x1add0</load_address>
         <readonly>true</readonly>
         <executable>true</executable>
         <run_address>0x1add0</run_address>
         <size>0xf8</size>
         <alignment>0x4</alignment>
         <input_file_ref idref="fl-51"/>
      </object_component>
      <object_component id="oc-17b">
         <name>.text._Z18ST7735_SetRotationh</name>
         <load_address>0x1aec8</load_address>
         <readonly>true</readonly>
         <executable>true</executable>
         <run_address>0x1aec8</run_address>
         <size>0xf4</size>
         <alignment>0x4</alignment>
         <input_file_ref idref="fl-a"/>
      </object_component>
      <object_component id="oc-24b">
         <name>.text._ZNSt3__112basic_stringIcNS_11char_traitsIcEENS_9allocatorIcEEE13__move_assignB8nn180100ERS5_NS_17integral_constantIbLb1EEE</name>
         <load_address>0x1afbc</load_address>
         <readonly>true</readonly>
         <executable>true</executable>
         <run_address>0x1afbc</run_address>
         <size>0xf2</size>
         <alignment>0x2</alignment>
         <input_file_ref idref="fl-6"/>
      </object_component>
      <object_component id="oc-27c">
         <name>.text._nop</name>
         <load_address>0x1b0ae</load_address>
         <readonly>true</readonly>
         <executable>true</executable>
         <run_address>0x1b0ae</run_address>
         <size>0x2</size>
         <alignment>0x2</alignment>
         <input_file_ref idref="fl-3e"/>
      </object_component>
      <object_component id="oc-20b">
         <name>.text.add_device</name>
         <load_address>0x1b0b0</load_address>
         <readonly>true</readonly>
         <executable>true</executable>
         <run_address>0x1b0b0</run_address>
         <size>0xec</size>
         <alignment>0x4</alignment>
         <input_file_ref idref="fl-135"/>
      </object_component>
      <object_component id="oc-47">
         <name>.text.TIMG12_IRQHandler</name>
         <load_address>0x1b19c</load_address>
         <readonly>true</readonly>
         <executable>true</executable>
         <run_address>0x1b19c</run_address>
         <size>0xe8</size>
         <alignment>0x4</alignment>
         <input_file_ref idref="fl-6"/>
      </object_component>
      <object_component id="oc-186">
         <name>.text._Z9UART_Initv</name>
         <load_address>0x1b284</load_address>
         <readonly>true</readonly>
         <executable>true</executable>
         <run_address>0x1b284</run_address>
         <size>0xe8</size>
         <alignment>0x4</alignment>
         <input_file_ref idref="fl-10"/>
      </object_component>
      <object_component id="oc-24c">
         <name>.text.free</name>
         <load_address>0x1b36c</load_address>
         <readonly>true</readonly>
         <executable>true</executable>
         <run_address>0x1b36c</run_address>
         <size>0xe8</size>
         <alignment>0x4</alignment>
         <input_file_ref idref="fl-41"/>
      </object_component>
      <object_component id="oc-1c8">
         <name>.text.__muldf3</name>
         <load_address>0x1b454</load_address>
         <readonly>true</readonly>
         <executable>true</executable>
         <run_address>0x1b454</run_address>
         <size>0xe4</size>
         <alignment>0x4</alignment>
         <input_file_ref idref="fl-141"/>
      </object_component>
      <object_component id="oc-216">
         <name>.text.setvbuf</name>
         <load_address>0x1b538</load_address>
         <readonly>true</readonly>
         <executable>true</executable>
         <run_address>0x1b538</run_address>
         <size>0xe0</size>
         <alignment>0x4</alignment>
         <input_file_ref idref="fl-3a"/>
      </object_component>
      <object_component id="oc-267">
         <name>.text.scalbn</name>
         <load_address>0x1b618</load_address>
         <readonly>true</readonly>
         <executable>true</executable>
         <run_address>0x1b618</run_address>
         <size>0xd8</size>
         <alignment>0x4</alignment>
         <input_file_ref idref="fl-4d"/>
      </object_component>
      <object_component id="oc-82">
         <name>.text</name>
         <load_address>0x1b6f0</load_address>
         <readonly>true</readonly>
         <executable>true</executable>
         <run_address>0x1b6f0</run_address>
         <size>0xd8</size>
         <alignment>0x4</alignment>
         <input_file_ref idref="fl-13f"/>
      </object_component>
      <object_component id="oc-2ae">
         <name>.text._Z14ST7735_OutCharc</name>
         <load_address>0x1b7c8</load_address>
         <readonly>true</readonly>
         <executable>true</executable>
         <run_address>0x1b7c8</run_address>
         <size>0xd0</size>
         <alignment>0x4</alignment>
         <input_file_ref idref="fl-a"/>
      </object_component>
      <object_component id="oc-81">
         <name>.text._Z5ADCinPVfS0_S0_Ph</name>
         <load_address>0x1b898</load_address>
         <readonly>true</readonly>
         <executable>true</executable>
         <run_address>0x1b898</run_address>
         <size>0xd0</size>
         <alignment>0x4</alignment>
         <input_file_ref idref="fl-6"/>
      </object_component>
      <object_component id="oc-12e">
         <name>.text._Z14calculateScorePhS_P4Puck</name>
         <load_address>0x1b968</load_address>
         <readonly>true</readonly>
         <executable>true</executable>
         <run_address>0x1b968</run_address>
         <size>0xcc</size>
         <alignment>0x4</alignment>
         <input_file_ref idref="fl-b"/>
      </object_component>
      <object_component id="oc-2c6">
         <name>.text._ZNSt3__112basic_stringIcNS_11char_traitsIcEENS_9allocatorIcEEE21__grow_by_and_replaceEjjjjjjPKc</name>
         <load_address>0x1ba34</load_address>
         <readonly>true</readonly>
         <executable>true</executable>
         <run_address>0x1ba34</run_address>
         <size>0xc4</size>
         <alignment>0x4</alignment>
         <input_file_ref idref="fl-fb"/>
      </object_component>
      <object_component id="oc-1e4">
         <name>.text._ZL10zonePointsss</name>
         <load_address>0x1baf8</load_address>
         <readonly>true</readonly>
         <executable>true</executable>
         <run_address>0x1baf8</run_address>
         <size>0xb8</size>
         <alignment>0x4</alignment>
         <input_file_ref idref="fl-b"/>
      </object_component>
      <object_component id="oc-1de">
         <name>.text.__kernel_sindf</name>
         <load_address>0x1bbb0</load_address>
         <readonly>true</readonly>
         <executable>true</executable>
         <run_address>0x1bbb0</run_address>
         <size>0xac</size>
         <alignment>0x4</alignment>
         <input_file_ref idref="fl-37"/>
      </object_component>
      <object_component id="oc-1d2">
         <name>.text.__kernel_sindf</name>
         <load_address>0x1bc5c</load_address>
         <readonly>true</readonly>
         <executable>true</executable>
         <run_address>0x1bc5c</run_address>
         <size>0xac</size>
         <alignment>0x4</alignment>
         <input_file_ref idref="fl-38"/>
      </object_component>
      <object_component id="oc-18c">
         <name>.text._Z14TimerG7_IntArmtjj</name>
         <load_address>0x1bd08</load_address>
         <readonly>true</readonly>
         <executable>true</executable>
         <run_address>0x1bd08</run_address>
         <size>0xa8</size>
         <alignment>0x4</alignment>
         <input_file_ref idref="fl-11"/>
      </object_component>
      <object_component id="oc-183">
         <name>.text._Z8DAC_Initv</name>
         <load_address>0x1bdb0</load_address>
         <readonly>true</readonly>
         <executable>true</executable>
         <run_address>0x1bdb0</run_address>
         <size>0xa8</size>
         <alignment>0x4</alignment>
         <input_file_ref idref="fl-e"/>
      </object_component>
      <object_component id="oc-106">
         <name>.text._ZN4PuckC2EffNSt3__112basic_stringIcNS0_11char_traitsIcEENS0_9allocatorIcEEEEh</name>
         <load_address>0x1be58</load_address>
         <readonly>true</readonly>
         <executable>true</executable>
         <run_address>0x1be58</run_address>
         <size>0xa8</size>
         <alignment>0x4</alignment>
         <input_file_ref idref="fl-8"/>
      </object_component>
      <object_component id="oc-28a">
         <name>.text._ZL11commandListPKh</name>
         <load_address>0x1bf00</load_address>
         <readonly>true</readonly>
         <executable>true</executable>
         <run_address>0x1bf00</run_address>
         <size>0xa2</size>
         <alignment>0x2</alignment>
         <input_file_ref idref="fl-a"/>
      </object_component>
      <object_component id="oc-176">
         <name>.text._Z17ST7735_InitPrintf10initRFlags</name>
         <load_address>0x1bfa4</load_address>
         <readonly>true</readonly>
         <executable>true</executable>
         <run_address>0x1bfa4</run_address>
         <size>0xa0</size>
         <alignment>0x4</alignment>
         <input_file_ref idref="fl-a"/>
      </object_component>
      <object_component id="oc-314">
         <name>.text.open</name>
         <load_address>0x1c044</load_address>
         <readonly>true</readonly>
         <executable>true</executable>
         <run_address>0x1c044</run_address>
         <size>0xa0</size>
         <alignment>0x4</alignment>
         <input_file_ref idref="fl-132"/>
      </object_component>
      <object_component id="oc-86">
         <name>.text.sqrtf</name>
         <load_address>0x1c0e4</load_address>
         <readonly>true</readonly>
         <executable>true</executable>
         <run_address>0x1c0e4</run_address>
         <size>0xa0</size>
         <alignment>0x4</alignment>
         <input_file_ref idref="fl-36"/>
      </object_component>
      <object_component id="oc-1dc">
         <name>.text.__kernel_cosdf</name>
         <load_address>0x1c184</load_address>
         <readonly>true</readonly>
         <executable>true</executable>
         <run_address>0x1c184</run_address>
         <size>0x9c</size>
         <alignment>0x4</alignment>
         <input_file_ref idref="fl-37"/>
      </object_component>
      <object_component id="oc-1d1">
         <name>.text.__kernel_cosdf</name>
         <load_address>0x1c220</load_address>
         <readonly>true</readonly>
         <executable>true</executable>
         <run_address>0x1c220</run_address>
         <size>0x9c</size>
         <alignment>0x4</alignment>
         <input_file_ref idref="fl-38"/>
      </object_component>
      <object_component id="oc-202">
         <name>.text.atexit_register</name>
         <load_address>0x1c2bc</load_address>
         <readonly>true</readonly>
         <executable>true</executable>
         <run_address>0x1c2bc</run_address>
         <size>0x9c</size>
         <alignment>0x4</alignment>
         <input_file_ref idref="fl-3c"/>
      </object_component>
      <object_component id="oc-3bb">
         <name>.text.fputc</name>
         <load_address>0x1c358</load_address>
         <readonly>true</readonly>
         <executable>true</executable>
         <run_address>0x1c358</run_address>
         <size>0x9c</size>
         <alignment>0x4</alignment>
         <input_file_ref idref="fl-110"/>
      </object_component>
      <object_component id="oc-20a">
         <name>.text._Z12ST7735_InitR10initRFlags</name>
         <load_address>0x1c3f4</load_address>
         <readonly>true</readonly>
         <executable>true</executable>
         <run_address>0x1c3f4</run_address>
         <size>0x98</size>
         <alignment>0x4</alignment>
         <input_file_ref idref="fl-a"/>
      </object_component>
      <object_component id="oc-f5">
         <name>.text._Z15TimerG12_IntArmjj</name>
         <load_address>0x1c48c</load_address>
         <readonly>true</readonly>
         <executable>true</executable>
         <run_address>0x1c48c</run_address>
         <size>0x94</size>
         <alignment>0x4</alignment>
         <input_file_ref idref="fl-11"/>
      </object_component>
      <object_component id="oc-ec">
         <name>.text._Z7ADCinitv</name>
         <load_address>0x1c520</load_address>
         <readonly>true</readonly>
         <executable>true</executable>
         <run_address>0x1c520</run_address>
         <size>0x90</size>
         <alignment>0x4</alignment>
         <input_file_ref idref="fl-6"/>
      </object_component>
      <object_component id="oc-8a">
         <name>.text.__mulsf3</name>
         <load_address>0x1c5b0</load_address>
         <readonly>true</readonly>
         <executable>true</executable>
         <run_address>0x1c5b0</run_address>
         <size>0x8c</size>
         <alignment>0x4</alignment>
         <input_file_ref idref="fl-143"/>
      </object_component>
      <object_component id="oc-23b">
         <name>.text._ZL13setAddrWindowhhhh</name>
         <load_address>0x1c63c</load_address>
         <readonly>true</readonly>
         <executable>true</executable>
         <run_address>0x1c63c</run_address>
         <size>0x88</size>
         <alignment>0x4</alignment>
         <input_file_ref idref="fl-a"/>
      </object_component>
      <object_component id="oc-6e">
         <name>.text._GLOBAL__sub_I_Lab9HMain.cpp</name>
         <load_address>0x1c6c4</load_address>
         <readonly>true</readonly>
         <executable>true</executable>
         <run_address>0x1c6c4</run_address>
         <size>0xc</size>
         <alignment>0x2</alignment>
         <input_file_ref idref="fl-6"/>
      </object_component>
      <object_component id="oc-2ec">
         <name>.text:strcmp</name>
         <load_address>0x1c6d0</load_address>
         <readonly>true</readonly>
         <executable>true</executable>
         <run_address>0x1c6d0</run_address>
         <size>0x88</size>
         <alignment>0x10</alignment>
         <input_file_ref idref="fl-129"/>
      </object_component>
      <object_component id="oc-329">
         <name>.text._Z17ST7735_DrawStringttPcs</name>
         <load_address>0x1c758</load_address>
         <readonly>true</readonly>
         <executable>true</executable>
         <run_address>0x1c758</run_address>
         <size>0x84</size>
         <alignment>0x2</alignment>
         <input_file_ref idref="fl-a"/>
      </object_component>
      <object_component id="oc-b8">
         <name>.text.__divsf3</name>
         <load_address>0x1c7dc</load_address>
         <readonly>true</readonly>
         <executable>true</executable>
         <run_address>0x1c7dc</run_address>
         <size>0x82</size>
         <alignment>0x4</alignment>
         <input_file_ref idref="fl-144"/>
      </object_component>
      <object_component id="oc-dd">
         <name>.text._Z14LaunchPad_Initv</name>
         <load_address>0x1c860</load_address>
         <readonly>true</readonly>
         <executable>true</executable>
         <run_address>0x1c860</run_address>
         <size>0x7c</size>
         <alignment>0x4</alignment>
         <input_file_ref idref="fl-7"/>
      </object_component>
      <object_component id="oc-e7">
         <name>.text._ZN8SlidePot4InitEv</name>
         <load_address>0x1c8dc</load_address>
         <readonly>true</readonly>
         <executable>true</executable>
         <run_address>0x1c8dc</run_address>
         <size>0x7c</size>
         <alignment>0x4</alignment>
         <input_file_ref idref="fl-c"/>
      </object_component>
      <object_component id="oc-2a4">
         <name>.text.__TI_closefile</name>
         <load_address>0x1c958</load_address>
         <readonly>true</readonly>
         <executable>true</executable>
         <run_address>0x1c958</run_address>
         <size>0x7c</size>
         <alignment>0x4</alignment>
         <input_file_ref idref="fl-4f"/>
      </object_component>
      <object_component id="oc-1c">
         <name>.text:decompress:lzss</name>
         <load_address>0x1c9d4</load_address>
         <readonly>true</readonly>
         <executable>true</executable>
         <run_address>0x1c9d4</run_address>
         <size>0x7c</size>
         <alignment>0x4</alignment>
         <input_file_ref idref="fl-4b"/>
      </object_component>
      <object_component id="oc-1c1">
         <name>.text.__gedf2</name>
         <load_address>0x1ca50</load_address>
         <readonly>true</readonly>
         <executable>true</executable>
         <run_address>0x1ca50</run_address>
         <size>0x74</size>
         <alignment>0x4</alignment>
         <input_file_ref idref="fl-15b"/>
      </object_component>
      <object_component id="oc-187">
         <name>.text._Z10Clock_Freqv</name>
         <load_address>0x1cac4</load_address>
         <readonly>true</readonly>
         <executable>true</executable>
         <run_address>0x1cac4</run_address>
         <size>0xc</size>
         <alignment>0x4</alignment>
         <input_file_ref idref="fl-2"/>
      </object_component>
      <object_component id="oc-25a">
         <name>.text.__truncdfsf2</name>
         <load_address>0x1cad0</load_address>
         <readonly>true</readonly>
         <executable>true</executable>
         <run_address>0x1cad0</run_address>
         <size>0x74</size>
         <alignment>0x10</alignment>
         <input_file_ref idref="fl-14e"/>
      </object_component>
      <object_component id="oc-1b9">
         <name>.text._Z16ST7735_DrawPixelsst</name>
         <load_address>0x1cb44</load_address>
         <readonly>true</readonly>
         <executable>true</executable>
         <run_address>0x1cb44</run_address>
         <size>0x70</size>
         <alignment>0x4</alignment>
         <input_file_ref idref="fl-a"/>
      </object_component>
      <object_component id="oc-195">
         <name>.text._ZL7drawStrssPKctth</name>
         <load_address>0x1cbb4</load_address>
         <readonly>true</readonly>
         <executable>true</executable>
         <run_address>0x1cbb4</run_address>
         <size>0x6e</size>
         <alignment>0x2</alignment>
         <input_file_ref idref="fl-4"/>
      </object_component>
      <object_component id="oc-302">
         <name>.text.HOSTlseek</name>
         <load_address>0x1cc24</load_address>
         <readonly>true</readonly>
         <executable>true</executable>
         <run_address>0x1cc24</run_address>
         <size>0x6c</size>
         <alignment>0x4</alignment>
         <input_file_ref idref="fl-138"/>
      </object_component>
      <object_component id="oc-30a">
         <name>.text.HOSTrename</name>
         <load_address>0x1cc90</load_address>
         <readonly>true</readonly>
         <executable>true</executable>
         <run_address>0x1cc90</run_address>
         <size>0x6c</size>
         <alignment>0x4</alignment>
         <input_file_ref idref="fl-13b"/>
      </object_component>
      <object_component id="oc-2e7">
         <name>.text.__cxa_finalize</name>
         <load_address>0x1ccfc</load_address>
         <readonly>true</readonly>
         <executable>true</executable>
         <run_address>0x1ccfc</run_address>
         <size>0x6c</size>
         <alignment>0x4</alignment>
         <input_file_ref idref="fl-3c"/>
      </object_component>
      <object_component id="oc-422">
         <name>.text.fseeko</name>
         <load_address>0x1cd68</load_address>
         <readonly>true</readonly>
         <executable>true</executable>
         <run_address>0x1cd68</run_address>
         <size>0x6c</size>
         <alignment>0x4</alignment>
         <input_file_ref idref="fl-55"/>
      </object_component>
      <object_component id="oc-36f">
         <name>.text.getdevice</name>
         <load_address>0x1cdd4</load_address>
         <readonly>true</readonly>
         <executable>true</executable>
         <run_address>0x1cdd4</run_address>
         <size>0x6c</size>
         <alignment>0x4</alignment>
         <input_file_ref idref="fl-15d"/>
      </object_component>
      <object_component id="oc-1bb">
         <name>.text.__ledf2</name>
         <load_address>0x1ce40</load_address>
         <readonly>true</readonly>
         <executable>true</executable>
         <run_address>0x1ce40</run_address>
         <size>0x68</size>
         <alignment>0x4</alignment>
         <input_file_ref idref="fl-15b"/>
      </object_component>
      <object_component id="oc-3e0">
         <name>.text.__TI_wrt_ok</name>
         <load_address>0x1cea8</load_address>
         <readonly>true</readonly>
         <executable>true</executable>
         <run_address>0x1cea8</run_address>
         <size>0x64</size>
         <alignment>0x2</alignment>
         <input_file_ref idref="fl-52"/>
      </object_component>
      <object_component id="oc-34d">
         <name>.text.split</name>
         <load_address>0x1cf0c</load_address>
         <readonly>true</readonly>
         <executable>true</executable>
         <run_address>0x1cf0c</run_address>
         <size>0x64</size>
         <alignment>0x4</alignment>
         <input_file_ref idref="fl-41"/>
      </object_component>
      <object_component id="oc-11a">
         <name>.text.__aeabi_dcmp</name>
         <load_address>0x1cf70</load_address>
         <readonly>true</readonly>
         <executable>true</executable>
         <run_address>0x1cf70</run_address>
         <size>0x62</size>
         <alignment>0x4</alignment>
         <input_file_ref idref="fl-150"/>
      </object_component>
      <object_component id="oc-ca">
         <name>.text.__aeabi_fcmp</name>
         <load_address>0x1cfd4</load_address>
         <readonly>true</readonly>
         <executable>true</executable>
         <run_address>0x1cfd4</run_address>
         <size>0x62</size>
         <alignment>0x4</alignment>
         <input_file_ref idref="fl-151"/>
      </object_component>
      <object_component id="oc-2f2">
         <name>.text.HOSTopen</name>
         <load_address>0x1d038</load_address>
         <readonly>true</readonly>
         <executable>true</executable>
         <run_address>0x1d038</run_address>
         <size>0x60</size>
         <alignment>0x4</alignment>
         <input_file_ref idref="fl-139"/>
      </object_component>
      <object_component id="oc-278">
         <name>.text._ZL13colorToPointst</name>
         <load_address>0x1d098</load_address>
         <readonly>true</readonly>
         <executable>true</executable>
         <run_address>0x1d098</run_address>
         <size>0x60</size>
         <alignment>0x4</alignment>
         <input_file_ref idref="fl-b"/>
      </object_component>
      <object_component id="oc-24a">
         <name>.text._ZNKSt3__112basic_stringIcNS_11char_traitsIcEENS_9allocatorIcEEE7compareEjjPKcj</name>
         <load_address>0x1d0f8</load_address>
         <readonly>true</readonly>
         <executable>true</executable>
         <run_address>0x1d0f8</run_address>
         <size>0x60</size>
         <alignment>0x2</alignment>
         <input_file_ref idref="fl-fb"/>
      </object_component>
      <object_component id="oc-1e7">
         <name>.text._ZL13drawBigStringssPKctt</name>
         <load_address>0x1d158</load_address>
         <readonly>true</readonly>
         <executable>true</executable>
         <run_address>0x1d158</run_address>
         <size>0x5c</size>
         <alignment>0x2</alignment>
         <input_file_ref idref="fl-b"/>
      </object_component>
      <object_component id="oc-1e8">
         <name>.text._ZL15drawSmallStringssPKctt</name>
         <load_address>0x1d1b4</load_address>
         <readonly>true</readonly>
         <executable>true</executable>
         <run_address>0x1d1b4</run_address>
         <size>0x5c</size>
         <alignment>0x2</alignment>
         <input_file_ref idref="fl-b"/>
      </object_component>
      <object_component id="oc-ed">
         <name>.text.Button_Init</name>
         <load_address>0x1d210</load_address>
         <readonly>true</readonly>
         <executable>true</executable>
         <run_address>0x1d210</run_address>
         <size>0x58</size>
         <alignment>0x4</alignment>
         <input_file_ref idref="fl-1"/>
      </object_component>
      <object_component id="oc-2fa">
         <name>.text.HOSTread</name>
         <load_address>0x1d268</load_address>
         <readonly>true</readonly>
         <executable>true</executable>
         <run_address>0x1d268</run_address>
         <size>0x58</size>
         <alignment>0x4</alignment>
         <input_file_ref idref="fl-13a"/>
      </object_component>
      <object_component id="oc-2fe">
         <name>.text.HOSTwrite</name>
         <load_address>0x1d2c0</load_address>
         <readonly>true</readonly>
         <executable>true</executable>
         <run_address>0x1d2c0</run_address>
         <size>0x58</size>
         <alignment>0x4</alignment>
         <input_file_ref idref="fl-13d"/>
      </object_component>
      <object_component id="oc-f4">
         <name>.text._Z10TExaS_InitP10ADC12_RegsjPFhvE</name>
         <load_address>0x1d318</load_address>
         <readonly>true</readonly>
         <executable>true</executable>
         <run_address>0x1d318</run_address>
         <size>0x58</size>
         <alignment>0x4</alignment>
         <input_file_ref idref="fl-10"/>
      </object_component>
      <object_component id="oc-115">
         <name>.text._Z14drawBackgroundv</name>
         <load_address>0x1d370</load_address>
         <readonly>true</readonly>
         <executable>true</executable>
         <run_address>0x1d370</run_address>
         <size>0x58</size>
         <alignment>0x2</alignment>
         <input_file_ref idref="fl-4"/>
      </object_component>
      <object_component id="oc-25e">
         <name>.text.__aeabi_idivmod</name>
         <load_address>0x1d3c8</load_address>
         <readonly>true</readonly>
         <executable>true</executable>
         <run_address>0x1d3c8</run_address>
         <size>0x56</size>
         <alignment>0x4</alignment>
         <input_file_ref idref="fl-152"/>
      </object_component>
      <object_component id="oc-f3">
         <name>.text._Z10Sound_Initv</name>
         <load_address>0x1d420</load_address>
         <readonly>true</readonly>
         <executable>true</executable>
         <run_address>0x1d420</run_address>
         <size>0x54</size>
         <alignment>0x4</alignment>
[...]
         <name>_ZNKSt3__112basic_stringIcNS_11char_traitsIcEENS_9allocatorIcEEE20__throw_length_errorB8nn180100Ev</name>
         <value>0x1e881</value>
         <object_component_ref idref="oc-244"/>
      </symbol>
      <symbol id="sm-4d7">
         <name>_ZNSt3__120__throw_length_errorB8nn180100EPKc</name>
         <value>0x1e899</value>
         <object_component_ref idref="oc-2c3"/>
      </symbol>
      <symbol id="sm-4d8">
         <name>_ZNSt3__112basic_stringIcNS_11char_traitsIcEENS_9allocatorIcEEEC2ERKS5_</name>
         <value>0x1e3bd</value>
         <object_component_ref idref="oc-1f1"/>
      </symbol>
      <symbol id="sm-4d9">
         <name>_ZNSt3__112basic_stringIcNS_11char_traitsIcEENS_9allocatorIcEEE25__init_copy_ctor_externalEPKcj</name>
         <value>0x1dad9</value>
         <object_component_ref idref="oc-279"/>
      </symbol>
      <symbol id="sm-4da">
         <name>_ZNSt3__112basic_stringIcNS_11char_traitsIcEENS_9allocatorIcEEED2Ev</name>
         <value>0x1e645</value>
         <object_component_ref idref="oc-109"/>
      </symbol>
      <symbol id="sm-4db">
         <name>_ZNSt3__112basic_stringIcNS_11char_traitsIcEENS_9allocatorIcEEE6__initEPKcj</name>
         <value>0x1d85b</value>
         <object_component_ref idref="oc-1a3"/>
      </symbol>
      <symbol id="sm-4dc">
         <name>_ZNKSt3__112basic_stringIcNS_11char_traitsIcEENS_9allocatorIcEEE7compareEjjPKcj</name>
         <value>0x1d0f9</value>
         <object_component_ref idref="oc-24a"/>
      </symbol>
      <symbol id="sm-4dd">
         <name>_ZNSt3__112basic_stringIcNS_11char_traitsIcEENS_9allocatorIcEEEaSERKS5_</name>
         <value>0x1db15</value>
         <object_component_ref idref="oc-1a5"/>
      </symbol>
      <symbol id="sm-4de">
         <name>_ZNSt3__112basic_stringIcNS_11char_traitsIcEENS_9allocatorIcEEE17__assign_no_aliasILb1EEERS5_PKcj</name>
         <value>0x1d961</value>
         <object_component_ref idref="oc-247"/>
      </symbol>
      <symbol id="sm-4df">
         <name>_ZNSt3__112basic_stringIcNS_11char_traitsIcEENS_9allocatorIcEEE17__assign_no_aliasILb0EEERS5_PKcj</name>
         <value>0x1d815</value>
         <object_component_ref idref="oc-248"/>
      </symbol>
      <symbol id="sm-4e0">
         <name>_ZNSt3__112basic_stringIcNS_11char_traitsIcEENS_9allocatorIcEEED1Ev</name>
         <value>0x1e645</value>
         <object_component_ref idref="oc-109"/>
      </symbol>
      <symbol id="sm-4e1">
         <name>_ZNSt3__112basic_stringIcNS_11char_traitsIcEENS_9allocatorIcEEEC1ERKS5_</name>
         <value>0x1e3bd</value>
         <object_component_ref idref="oc-1f1"/>
      </symbol>
      <symbol id="sm-4eb">
         <name>_ZNSt3__122__libcpp_verbose_abortEPKcz</name>
         <value>0x1e3dd</value>
         <object_component_ref idref="oc-33d"/>
      </symbol>
      <symbol id="sm-4fe">
         <name>_Znwj</name>
         <value>0x1e681</value>
         <object_component_ref idref="oc-23f"/>
      </symbol>
      <symbol id="sm-4ff">
         <name>_Z22__throw_bad_alloc_shimv</name>
         <value>0x1e875</value>
         <object_component_ref idref="oc-2bd"/>
      </symbol>
      <symbol id="sm-500">
         <name>_ZdlPv</name>
         <value>0x1e969</value>
         <object_component_ref idref="oc-1ad"/>
      </symbol>
      <symbol id="sm-50b">
         <name>_ZSt15get_new_handlerv</name>
         <value>0x1e8b1</value>
         <object_component_ref idref="oc-32f"/>
      </symbol>
      <symbol id="sm-514">
         <name>abort_message</name>
         <value>0x1ea05</value>
         <object_component_ref idref="oc-335"/>
      </symbol>
      <symbol id="sm-51b">
         <name>__cxa_new_handler</name>
         <value>0x2020035c</value>
         <object_component_ref idref="oc-385"/>
      </symbol>
      <symbol id="sm-539">
         <name>vfprintf</name>
         <value>0x1d65d</value>
         <object_component_ref idref="oc-38c"/>
      </symbol>
      <symbol id="sm-545">
         <name>fputc</name>
         <value>0x1c359</value>
         <object_component_ref idref="oc-3bb"/>
      </symbol>
      <symbol id="sm-54f">
         <name>memcmp</name>
         <value>0x1e3fd</value>
         <object_component_ref idref="oc-2ca"/>
      </symbol>
      <symbol id="sm-56d">
         <name>strcmp</name>
         <value>0x1c6d1</value>
         <object_component_ref idref="oc-2ec"/>
      </symbol>
      <symbol id="sm-578">
         <name>HOSTexit</name>
         <value>0x1e9e1</value>
         <object_component_ref idref="oc-1f2"/>
      </symbol>
      <symbol id="sm-579">
         <name>C$$EXIT</name>
         <value>0x1e9e0</value>
         <object_component_ref idref="oc-1f2"/>
      </symbol>
      <symbol id="sm-583">
         <name>write</name>
         <value>0x1e209</value>
         <object_component_ref idref="oc-375"/>
      </symbol>
      <symbol id="sm-588">
         <name>_device</name>
         <value>0x20200258</value>
         <object_component_ref idref="oc-29b"/>
      </symbol>
      <symbol id="sm-589">
         <name>_stream</name>
         <value>0x202002d0</value>
         <object_component_ref idref="oc-371"/>
      </symbol>
      <symbol id="sm-592">
         <name>remove</name>
         <value>0x1e9a9</value>
         <object_component_ref idref="oc-322"/>
      </symbol>
      <symbol id="sm-59f">
         <name>open</name>
         <value>0x1c045</value>
         <object_component_ref idref="oc-314"/>
      </symbol>
      <symbol id="sm-5a9">
         <name>lseek</name>
         <value>0x1e1b9</value>
         <object_component_ref idref="oc-426"/>
      </symbol>
      <symbol id="sm-5b3">
         <name>close</name>
         <value>0x1d571</value>
         <object_component_ref idref="oc-31e"/>
      </symbol>
      <symbol id="sm-5bf">
         <name>add_device</name>
         <value>0x1b0b1</value>
         <object_component_ref idref="oc-20b"/>
      </symbol>
      <symbol id="sm-5c9">
         <name>unlink</name>
         <value>0x1e115</value>
         <object_component_ref idref="oc-37e"/>
      </symbol>
      <symbol id="sm-5d3">
         <name>HOSTclose</name>
         <value>0x1d73d</value>
         <object_component_ref idref="oc-2f6"/>
      </symbol>
      <symbol id="sm-5dd">
         <name>HOSTlseek</name>
         <value>0x1cc25</value>
         <object_component_ref idref="oc-302"/>
      </symbol>
      <symbol id="sm-5e7">
         <name>HOSTopen</name>
         <value>0x1d039</value>
         <object_component_ref idref="oc-2f2"/>
      </symbol>
      <symbol id="sm-5e8">
         <name>parmbuf</name>
         <value>0x202005d4</value>
         <object_component_ref idref="oc-358"/>
      </symbol>
      <symbol id="sm-5f2">
         <name>HOSTread</name>
         <value>0x1d269</value>
         <object_component_ref idref="oc-2fa"/>
      </symbol>
      <symbol id="sm-603">
         <name>HOSTrename</name>
         <value>0x1cc91</value>
         <object_component_ref idref="oc-30a"/>
      </symbol>
      <symbol id="sm-60d">
         <name>HOSTunlink</name>
         <value>0x1d785</value>
         <object_component_ref idref="oc-306"/>
      </symbol>
      <symbol id="sm-617">
         <name>HOSTwrite</name>
         <value>0x1d2c1</value>
         <object_component_ref idref="oc-2fe"/>
      </symbol>
      <symbol id="sm-625">
         <name>C$$IO$$</name>
         <value>0x1def9</value>
         <object_component_ref idref="oc-351"/>
      </symbol>
      <symbol id="sm-626">
         <name>__TI_writemsg</name>
         <value>0x1decd</value>
         <object_component_ref idref="oc-351"/>
      </symbol>
      <symbol id="sm-627">
         <name>__CIOBUF_</name>
         <value>0x2020038c</value>
         <object_component_ref idref="oc-399"/>
      </symbol>
      <symbol id="sm-628">
         <name>__TI_readmsg</name>
         <value>0x1de99</value>
         <object_component_ref idref="oc-357"/>
      </symbol>
      <symbol id="sm-629">
         <name>_CIOBUF_</name>
         <value>0x2020038c</value>
         <object_component_ref idref="oc-399"/>
      </symbol>
      <symbol id="sm-62f">
         <name>__aeabi_fadd</name>
         <value>0x1b6fb</value>
         <object_component_ref idref="oc-82"/>
      </symbol>
      <symbol id="sm-630">
         <name>__addsf3</name>
         <value>0x1b6fb</value>
         <object_component_ref idref="oc-82"/>
      </symbol>
      <symbol id="sm-631">
         <name>__aeabi_fsub</name>
         <value>0x1b6f1</value>
         <object_component_ref idref="oc-82"/>
      </symbol>
      <symbol id="sm-632">
         <name>__subsf3</name>
         <value>0x1b6f1</value>
         <object_component_ref idref="oc-82"/>
      </symbol>
      <symbol id="sm-638">
         <name>__aeabi_dadd</name>
         <value>0x1a0bb</value>
         <object_component_ref idref="oc-1c4"/>
      </symbol>
      <symbol id="sm-639">
         <name>__adddf3</name>
         <value>0x1a0bb</value>
         <object_component_ref idref="oc-1c4"/>
      </symbol>
      <symbol id="sm-63a">
         <name>__aeabi_dsub</name>
         <value>0x1a0b1</value>
         <object_component_ref idref="oc-1c4"/>
      </symbol>
      <symbol id="sm-63b">
         <name>__subdf3</name>
         <value>0x1a0b1</value>
         <object_component_ref idref="oc-1c4"/>
      </symbol>
      <symbol id="sm-644">
         <name>__aeabi_dmul</name>
         <value>0x1b455</value>
         <object_component_ref idref="oc-1c8"/>
      </symbol>
      <symbol id="sm-645">
         <name>__muldf3</name>
         <value>0x1b455</value>
         <object_component_ref idref="oc-1c8"/>
      </symbol>
      <symbol id="sm-64e">
         <name>__muldsi3</name>
         <value>0x1dc79</value>
         <object_component_ref idref="oc-c5"/>
      </symbol>
      <symbol id="sm-654">
         <name>__aeabi_fmul</name>
         <value>0x1c5b1</value>
         <object_component_ref idref="oc-8a"/>
      </symbol>
      <symbol id="sm-655">
         <name>__mulsf3</name>
         <value>0x1c5b1</value>
         <object_component_ref idref="oc-8a"/>
      </symbol>
      <symbol id="sm-65b">
         <name>__aeabi_fdiv</name>
         <value>0x1c7dd</value>
         <object_component_ref idref="oc-b8"/>
      </symbol>
      <symbol id="sm-65c">
         <name>__divsf3</name>
         <value>0x1c7dd</value>
         <object_component_ref idref="oc-b8"/>
      </symbol>
      <symbol id="sm-662">
         <name>__aeabi_f2d</name>
         <value>0x1d9e1</value>
         <object_component_ref idref="oc-116"/>
      </symbol>
      <symbol id="sm-663">
         <name>__extendsfdf2</name>
         <value>0x1d9e1</value>
         <object_component_ref idref="oc-116"/>
      </symbol>
      <symbol id="sm-66c">
         <name>__aeabi_d2iz</name>
         <value>0x1d6a9</value>
         <object_component_ref idref="oc-1cc"/>
      </symbol>
      <symbol id="sm-66d">
         <name>__fixdfsi</name>
         <value>0x1d6a9</value>
         <object_component_ref idref="oc-1cc"/>
      </symbol>
      <symbol id="sm-673">
         <name>__aeabi_f2iz</name>
         <value>0x1dd5d</value>
         <object_component_ref idref="oc-100"/>
      </symbol>
      <symbol id="sm-674">
         <name>__fixsfsi</name>
         <value>0x1dd5d</value>
         <object_component_ref idref="oc-100"/>
      </symbol>
      <symbol id="sm-67a">
         <name>__aeabi_i2d</name>
         <value>0x1e0e9</value>
         <object_component_ref idref="oc-262"/>
      </symbol>
      <symbol id="sm-67b">
         <name>__floatsidf</name>
         <value>0x1e0e9</value>
         <object_component_ref idref="oc-262"/>
      </symbol>
      <symbol id="sm-681">
         <name>__aeabi_i2f</name>
         <value>0x1db51</value>
         <object_component_ref idref="oc-b4"/>
      </symbol>
      <symbol id="sm-682">
         <name>__floatsisf</name>
         <value>0x1db51</value>
         <object_component_ref idref="oc-b4"/>
      </symbol>
      <symbol id="sm-689">
         <name>__aeabi_d2f</name>
         <value>0x1cad1</value>
         <object_component_ref idref="oc-25a"/>
      </symbol>
      <symbol id="sm-68a">
         <name>__truncdfsf2</name>
         <value>0x1cad1</value>
         <object_component_ref idref="oc-25a"/>
      </symbol>
      <symbol id="sm-691">
         <name>__aeabi_dcmpeq</name>
         <value>0x1cf71</value>
         <object_component_ref idref="oc-11a"/>
      </symbol>
      <symbol id="sm-692">
         <name>__aeabi_dcmplt</name>
         <value>0x1cf85</value>
         <object_component_ref idref="oc-11a"/>
      </symbol>
      <symbol id="sm-693">
         <name>__aeabi_dcmple</name>
         <value>0x1cf99</value>
         <object_component_ref idref="oc-11a"/>
      </symbol>
      <symbol id="sm-694">
         <name>__aeabi_dcmpge</name>
         <value>0x1cfad</value>
         <object_component_ref idref="oc-11a"/>
      </symbol>
      <symbol id="sm-695">
         <name>__aeabi_dcmpgt</name>
         <value>0x1cfc1</value>
         <object_component_ref idref="oc-11a"/>
      </symbol>
      <symbol id="sm-69b">
         <name>__aeabi_fcmpeq</name>
         <value>0x1cfd5</value>
         <object_component_ref idref="oc-ca"/>
      </symbol>
      <symbol id="sm-69c">
         <name>__aeabi_fcmplt</name>
         <value>0x1cfe9</value>
         <object_component_ref idref="oc-ca"/>
      </symbol>
      <symbol id="sm-69d">
         <name>__aeabi_fcmple</name>
         <value>0x1cffd</value>
         <object_component_ref idref="oc-ca"/>
      </symbol>
      <symbol id="sm-69e">
         <name>__aeabi_fcmpge</name>
         <value>0x1d011</value>
         <object_component_ref idref="oc-ca"/>
      </symbol>
      <symbol id="sm-69f">
         <name>__aeabi_fcmpgt</name>
         <value>0x1d025</value>
         <object_component_ref idref="oc-ca"/>
      </symbol>
      <symbol id="sm-6a5">
         <name>__aeabi_idiv</name>
         <value>0x1d3c9</value>
         <object_component_ref idref="oc-25e"/>
      </symbol>
      <symbol id="sm-6a6">
         <name>__aeabi_idivmod</name>
         <value>0x1d3c9</value>
         <object_component_ref idref="oc-25e"/>
      </symbol>
      <symbol id="sm-6ac">
         <name>__aeabi_memcpy</name>
         <value>0x1e979</value>
         <object_component_ref idref="oc-57"/>
      </symbol>
      <symbol id="sm-6ad">
         <name>__aeabi_memcpy4</name>
         <value>0x1e979</value>
         <object_component_ref idref="oc-57"/>
      </symbol>
      <symbol id="sm-6ae">
         <name>__aeabi_memcpy8</name>
         <value>0x1e979</value>
         <object_component_ref idref="oc-57"/>
      </symbol>
      <symbol id="sm-6b4">
         <name>__aeabi_memmove</name>
         <value>0x1e981</value>
         <object_component_ref idref="oc-240"/>
      </symbol>
      <symbol id="sm-6b5">
         <name>__aeabi_memmove4</name>
         <value>0x1e981</value>
         <object_component_ref idref="oc-240"/>
      </symbol>
      <symbol id="sm-6b6">
         <name>__aeabi_memmove8</name>
         <value>0x1e981</value>
         <object_component_ref idref="oc-240"/>
      </symbol>
      <symbol id="sm-6bf">
         <name>__aeabi_memset</name>
         <value>0x1e815</value>
         <object_component_ref idref="oc-3c3"/>
      </symbol>
      <symbol id="sm-6c0">
         <name>__aeabi_memset4</name>
         <value>0x1e815</value>
         <object_component_ref idref="oc-3c3"/>
      </symbol>
      <symbol id="sm-6c1">
         <name>__aeabi_memset8</name>
         <value>0x1e815</value>
         <object_component_ref idref="oc-3c3"/>
      </symbol>
      <symbol id="sm-6c2">
         <name>__aeabi_memclr</name>
         <value>0x1e8bd</value>
         <object_component_ref idref="oc-9e"/>
      </symbol>
      <symbol id="sm-6c3">
         <name>__aeabi_memclr4</name>
         <value>0x1e8bd</value>
         <object_component_ref idref="oc-9e"/>
      </symbol>
      <symbol id="sm-6c4">
         <name>__aeabi_memclr8</name>
         <value>0x1e8bd</value>
         <object_component_ref idref="oc-9e"/>
      </symbol>
      <symbol id="sm-6ca">
         <name>__aeabi_uidiv</name>
         <value>0x1d9a1</value>
         <object_component_ref idref="oc-188"/>
      </symbol>
      <symbol id="sm-6cb">
         <name>__aeabi_uidivmod</name>
         <value>0x1d9a1</value>
         <object_component_ref idref="oc-188"/>
      </symbol>
      <symbol id="sm-6d4">
         <name>__eqsf2</name>
         <value>0x1dc3d</value>
         <object_component_ref idref="oc-15e"/>
      </symbol>
      <symbol id="sm-6d5">
         <name>__lesf2</name>
         <value>0x1dc3d</value>
         <object_component_ref idref="oc-15e"/>
      </symbol>
      <symbol id="sm-6d6">
         <name>__ltsf2</name>
         <value>0x1dc3d</value>
         <object_component_ref idref="oc-15e"/>
      </symbol>
      <symbol id="sm-6d7">
         <name>__nesf2</name>
         <value>0x1dc3d</value>
         <object_component_ref idref="oc-15e"/>
      </symbol>
      <symbol id="sm-6d8">
         <name>__cmpsf2</name>
         <value>0x1dc3d</value>
         <object_component_ref idref="oc-15e"/>
      </symbol>
      <symbol id="sm-6d9">
         <name>__gtsf2</name>
         <value>0x1db8d</value>
         <object_component_ref idref="oc-163"/>
      </symbol>
      <symbol id="sm-6da">
         <name>__gesf2</name>
         <value>0x1db8d</value>
         <object_component_ref idref="oc-163"/>
      </symbol>
      <symbol id="sm-6e8">
         <name>__ledf2</name>
         <value>0x1ce41</value>
         <object_component_ref idref="oc-1bb"/>
      </symbol>
      <symbol id="sm-6e9">
         <name>__gedf2</name>
         <value>0x1ca51</value>
         <object_component_ref idref="oc-1c1"/>
      </symbol>
      <symbol id="sm-6ea">
         <name>__cmpdf2</name>
         <value>0x1ce41</value>
         <object_component_ref idref="oc-1bb"/>
      </symbol>
      <symbol id="sm-6eb">
         <name>__eqdf2</name>
         <value>0x1ce41</value>
         <object_component_ref idref="oc-1bb"/>
      </symbol>
      <symbol id="sm-6ec">
         <name>__ltdf2</name>
         <value>0x1ce41</value>
         <object_component_ref idref="oc-1bb"/>
      </symbol>
      <symbol id="sm-6ed">
         <name>__nedf2</name>
         <value>0x1ce41</value>
         <object_component_ref idref="oc-1bb"/>
      </symbol>
      <symbol id="sm-6ee">
         <name>__gtdf2</name>
         <value>0x1ca51</value>
         <object_component_ref idref="oc-1c1"/>
      </symbol>
      <symbol id="sm-6f8">
         <name>__aeabi_idiv0</name>
         <value>0x1a3bb</value>
         <object_component_ref idref="oc-233"/>
      </symbol>
      <symbol id="sm-706">
         <name>finddevice</name>
         <value>0x1df35</value>
         <object_component_ref idref="oc-294"/>
      </symbol>
      <symbol id="sm-707">
         <name>getdevice</name>
         <value>0x1cdd5</value>
         <object_component_ref idref="oc-36f"/>
      </symbol>
      <symbol id="sm-710">
         <name>TI_memcpy_small</name>
         <value>0x1e703</value>
         <object_component_ref idref="oc-d2"/>
      </symbol>
      <symbol id="sm-719">
         <name>TI_memset_small</name>
         <value>0x1e85b</value>
         <object_component_ref idref="oc-168"/>
      </symbol>
      <symbol id="sm-722">
         <name>memmove</name>
         <value>0x1e1e1</value>
         <object_component_ref idref="oc-2be"/>
      </symbol>
      <symbol id="sm-723">
         <name>__TI_static_base__</name>
         <value>0x0</value>
      </symbol>
      <symbol id="sm-727">
         <name>__mpu_init</name>
         <value>0x0</value>
      </symbol>
      <symbol id="sm-728">
         <name>_system_post_cinit</name>
         <value>0x0</value>
      </symbol>
   </symbol_table>
   <title>Link successful</title>
</link_info>
