******************************************************************************
            TI ARM Clang Linker Unix v4.0.4                    
******************************************************************************
>> Linked Mon Apr 20 21:55:24 2026

OUTPUT FILE NAME:   <ECE319K_Lab9H.out>
ENTRY POINT SYMBOL: "_c_int00_noargs"  address: 0001e231


MEMORY CONFIGURATION

         name            origin    length      used     unused   attr    fill
----------------------  --------  ---------  --------  --------  ----  --------
  FLASH                 00000000   00020000  0001eaa8  00001558  R  X
  SRAM                  20200000   00008000  000009f7  00007609  RW X
  BCR_CONFIG            41c00000   00000080  00000000  00000080  R   
  BSL_CONFIG            41c00100   00000080  00000000  00000080  R   


SEGMENT ALLOCATION MAP

run origin  load origin   length   init length attrs members
----------  ----------- ---------- ----------- ----- -------
00000000    00000000    0001eaa8   0001eaa8    r-x
  00000000    00000000    000000c0   000000c0    r-- .intvecs
  000000c0    000000c0    00017f78   00017f78    r-- .rodata
  00018038    00018038    00000008   00000008    r-- .init_array
  00018040    00018040    000069d0   000069d0    r-x .text
  0001ea10    0001ea10    00000098   00000098    r-- .cinit
20200000    20200000    00000800   00000000    rw-
  20200000    20200000    00000389   00000000    rw- .data
  2020038c    2020038c    0000026e   00000000    rw- .bss
  20200600    20200600    00000200   00000000    rw- .sysmem
20207e00    20207e00    00000200   00000000    rw-
  20207e00    20207e00    00000200   00000000    rw- .stack


SECTION ALLOCATION MAP

 output                                  attributes/
section   page    origin      length       input sections
--------  ----  ----------  ----------   ----------------
.intvecs   0    00000000    000000c0     
                  00000000    000000c0     startup_mspm0g3507_ticlang.o (.intvecs)

.binit     0    00000000    00000000     

.text      0    00018040    000069d0     
                  00018040    00000644     libc.a : k_rem_pio2.c.obj (.text.__kernel_rem_pio2)
                  00018684    000005bc     Lab9HMain.o (.text.main)
                  00018c40    00000284     libc.a : _printfi.c.obj (.text:__TI_printfi_minimal)
                  00018ec4    0000023c     Graphics.o (.text._Z10renderPuck4Puck)
                  00019100    00000208     Graphics.o (.text._Z18drawLanguageScreenh)
                  00019308    000001d4     Puck.o (.text._ZN4Puck17process_CollisionEhhf)
                  000194dc    000001d4     libc.a : s_cosf.c.obj (.text.cosf)
                  000196b0    000001c8            : s_sinf.c.obj (.text.sinf)
                  00019878    000001b4     Clock.o (.text._Z15Clock_Init80MHzi)
                  00019a2c    000001ac     Puck.o (.text._ZN4Puck16check_CollisionsEh)
                  00019bd8    000001a0     ST7735.o (.text._Z16ST7735_DrawCharSsscssh)
                  00019d78    000001a0     Graphics.o (.text._Z9drawArrowssffb)
                  00019f18    00000198     ScoreDisplay.o (.text._Z16drawWinnerBannerhhh)
                  0001a0b0    00000192     libclang_rt.builtins.a : adddf3.S.obj (.text.adddf3_subdf3)
                  0001a242    00000178     Graphics.o (.text._ZL9arrowLinessssb)
                  0001a3ba    00000002     libclang_rt.builtins.a : aeabi_div0.c.obj (.text.__aeabi_idiv0)
                  0001a3bc    00000154     libc.a : fopen.c.obj (.text._openfile)
                  0001a510    00000144            : s_floor.c.obj (.text.floor)
                  0001a654    00000128     TExaS.o (.text._Z8ADC_InitP10ADC12_Regsjj)
                  0001a77c    00000118     ST7735.o (.text._Z15ST7735_FillRectsssst)
                  0001a894    00000114     ScoreDisplay.o (.text._Z18updateScoreDisplayhh)
                  0001a9a8    00000114     Puck.o (.text._ZN4Puck16process_MovementEv)
                  0001aabc    00000114     libc.a : memory.c.obj (.text.aligned_alloc)
                  0001abd0    00000108     Lab9HMain.o (.text.__cxx_global_var_init)
                  0001acd8    000000f8     SPI.o (.text._Z8SPI_Initv)
                  0001add0    000000f8     libc.a : fputs.c.obj (.text.fputs)
                  0001aec8    000000f4     ST7735.o (.text._Z18ST7735_SetRotationh)
                  0001afbc    000000f2     Lab9HMain.o (.text._ZNSt3__112basic_stringIcNS_11char_traitsIcEENS_9allocatorIcEEE13__move_assignB8nn180100ERS5_NS_17integral_constantIbLb1EEE)
                  0001b0ae    00000002     libc.a : _lock.c.obj (.text._nop)
                  0001b0b0    000000ec     libsysbm.a : add_device.c.obj (.text.add_device)
                  0001b19c    000000e8     Lab9HMain.o (.text.TIMG12_IRQHandler)
                  0001b284    000000e8     TExaS.o (.text._Z9UART_Initv)
                  0001b36c    000000e8     libc.a : memory.c.obj (.text.free)
                  0001b454    000000e4     libclang_rt.builtins.a : muldf3.S.obj (.text.__muldf3)
                  0001b538    000000e0     libc.a : setvbuf.c.obj (.text.setvbuf)
                  0001b618    000000d8            : s_scalbn.c.obj (.text.scalbn)
                  0001b6f0    000000d8     libclang_rt.builtins.a : addsf3.S.obj (.text)
                  0001b7c8    000000d0     ST7735.o (.text._Z14ST7735_OutCharc)
                  0001b898    000000d0     Lab9HMain.o (.text._Z5ADCinPVfS0_S0_Ph)
                  0001b968    000000cc     ScoreDisplay.o (.text._Z14calculateScorePhS_P4Puck)
                  0001ba34    000000c4     libc++.a : string.cpp.obj (.text._ZNSt3__112basic_stringIcNS_11char_traitsIcEENS_9allocatorIcEEE21__grow_by_and_replaceEjjjjjjPKc)
                  0001baf8    000000b8     ScoreDisplay.o (.text._ZL10zonePointsss)
                  0001bbb0    000000ac     libc.a : s_cosf.c.obj (.text.__kernel_sindf)
                  0001bc5c    000000ac            : s_sinf.c.obj (.text.__kernel_sindf)
                  0001bd08    000000a8     Timer.o (.text._Z14TimerG7_IntArmtjj)
                  0001bdb0    000000a8     Sound.o (.text._Z8DAC_Initv)
                  0001be58    000000a8     Puck.o (.text._ZN4PuckC2EffNSt3__112basic_stringIcNS0_11char_traitsIcEENS0_9allocatorIcEEEEh)
                  0001bf00    000000a2     ST7735.o (.text._ZL11commandListPKh)
                  0001bfa2    00000002     --HOLE-- [fill = 0]
                  0001bfa4    000000a0     ST7735.o (.text._Z17ST7735_InitPrintf10initRFlags)
                  0001c044    000000a0     libsysbm.a : open.c.obj (.text.open)
                  0001c0e4    000000a0     libc.a : e_sqrtf.c.obj (.text.sqrtf)
                  0001c184    0000009c            : s_cosf.c.obj (.text.__kernel_cosdf)
                  0001c220    0000009c            : s_sinf.c.obj (.text.__kernel_cosdf)
                  0001c2bc    0000009c            : aeabi_atexit.c.obj (.text.atexit_register)
                  0001c358    0000009c            : fputc.c.obj (.text.fputc)
                  0001c3f4    00000098     ST7735.o (.text._Z12ST7735_InitR10initRFlags)
                  0001c48c    00000094     Timer.o (.text._Z15TimerG12_IntArmjj)
                  0001c520    00000090     Lab9HMain.o (.text._Z7ADCinitv)
                  0001c5b0    0000008c     libclang_rt.builtins.a : mulsf3.S.obj (.text.__mulsf3)
                  0001c63c    00000088     ST7735.o (.text._ZL13setAddrWindowhhhh)
                  0001c6c4    0000000c     Lab9HMain.o (.text._GLOBAL__sub_I_Lab9HMain.cpp)
                  0001c6d0    00000088     libc.a : strcmp-armv6m.S.obj (.text:strcmp)
                  0001c758    00000084     ST7735.o (.text._Z17ST7735_DrawStringttPcs)
                  0001c7dc    00000082     libclang_rt.builtins.a : divsf3.S.obj (.text.__divsf3)
                  0001c85e    00000002     --HOLE-- [fill = 0]
                  0001c860    0000007c     LaunchPad.o (.text._Z14LaunchPad_Initv)
                  0001c8dc    0000007c     SlidePot.o (.text._ZN8SlidePot4InitEv)
                  0001c958    0000007c     libc.a : fclose.c.obj (.text.__TI_closefile)
                  0001c9d4    0000007c            : copy_decompress_lzss.c.obj (.text:decompress:lzss)
                  0001ca50    00000074     libclang_rt.builtins.a : comparedf2.c.obj (.text.__gedf2)
                  0001cac4    0000000c     Clock.o (.text._Z10Clock_Freqv)
                  0001cad0    00000074     libclang_rt.builtins.a : truncdfsf2.S.obj (.text.__truncdfsf2)
                  0001cb44    00000070     ST7735.o (.text._Z16ST7735_DrawPixelsst)
                  0001cbb4    0000006e     Graphics.o (.text._ZL7drawStrssPKctth)
                  0001cc22    00000002     --HOLE-- [fill = 0]
                  0001cc24    0000006c     libsysbm.a : hostlseek.c.obj (.text.HOSTlseek)
                  0001cc90    0000006c                : hostrename.c.obj (.text.HOSTrename)
                  0001ccfc    0000006c     libc.a : aeabi_atexit.c.obj (.text.__cxa_finalize)
                  0001cd68    0000006c            : fseek.c.obj (.text.fseeko)
                  0001cdd4    0000006c            : getdevice.c.obj (.text.getdevice)
                  0001ce40    00000068     libclang_rt.builtins.a : comparedf2.c.obj (.text.__ledf2)
                  0001cea8    00000064     libc.a : _io_perm.c.obj (.text.__TI_wrt_ok)
                  0001cf0c    00000064            : memory.c.obj (.text.split)
                  0001cf70    00000062     libclang_rt.builtins.a : aeabi_dcmp.S.obj (.text.__aeabi_dcmp)
                  0001cfd2    00000002     --HOLE-- [fill = 0]
                  0001cfd4    00000062                            : aeabi_fcmp.S.obj (.text.__aeabi_fcmp)
                  0001d036    00000002     --HOLE-- [fill = 0]
                  0001d038    00000060     libsysbm.a : hostopen.c.obj (.text.HOSTopen)
                  0001d098    00000060     ScoreDisplay.o (.text._ZL13colorToPointst)
                  0001d0f8    00000060     libc++.a : string.cpp.obj (.text._ZNKSt3__112basic_stringIcNS_11char_traitsIcEENS_9allocatorIcEEE7compareEjjPKcj)
                  0001d158    0000005c     ScoreDisplay.o (.text._ZL13drawBigStringssPKctt)
                  0001d1b4    0000005c     ScoreDisplay.o (.text._ZL15drawSmallStringssPKctt)
                  0001d210    00000058     Button.o (.text.Button_Init)
                  0001d268    00000058     libsysbm.a : hostread.c.obj (.text.HOSTread)
                  0001d2c0    00000058                : hostwrite.c.obj (.text.HOSTwrite)
                  0001d318    00000058     TExaS.o (.text._Z10TExaS_InitP10ADC12_RegsjPFhvE)
                  0001d370    00000058     Graphics.o (.text._Z14drawBackgroundv)
                  0001d3c8    00000056     libclang_rt.builtins.a : aeabi_idivmod.S.obj (.text.__aeabi_idivmod)
                  0001d41e    00000002     --HOLE-- [fill = 0]
                  0001d420    00000054     Sound.o (.text._Z10Sound_Initv)
                  0001d474    00000054     Puck.o (.text._ZN4Puck12set_VelocityEff)
                  0001d4c8    00000054     libc.a : autoinit.c.obj (.text:__TI_auto_init_nobinit)
                  0001d51c    00000052            : fflush.c.obj (.text.__TI_doflush)
                  0001d56e    00000002     --HOLE-- [fill = 0]
                  0001d570    00000050     libsysbm.a : close.c.obj (.text.close)
                  0001d5c0    0000004e     Puck.o (.text._ZNSt3__1eqB8nn180100IcNS_11char_traitsIcEENS_9allocatorIcEEEEbRKNS_12basic_stringIT_T0_T1_EEPKS6_)
                  0001d60e    00000002     --HOLE-- [fill = 0]
                  0001d610    0000004c     Lab9HMain.o (.text._ZL10allStoppedv)
                  0001d65c    0000004c     libc.a : vfprintf.c.obj (.text.vfprintf)
                  0001d6a8    0000004a     libclang_rt.builtins.a : fixdfsi.S.obj (.text.__fixdfsi)
                  0001d6f2    00000002     --HOLE-- [fill = 0]
                  0001d6f4    00000048     Button.o (.text.GROUP1_IRQHandler)
                  0001d73c    00000048     libsysbm.a : hostclose.c.obj (.text.HOSTclose)
                  0001d784    00000048                : hostunlink.c.obj (.text.HOSTunlink)
                  0001d7cc    00000048     SPI.o (.text._Z14SPI_OutCommandc)
                  0001d814    00000046     libc++.a : string.cpp.obj (.text._ZNSt3__112basic_stringIcNS_11char_traitsIcEENS_9allocatorIcEEE17__assign_no_aliasILb0EEERS5_PKcj)
                  0001d85a    00000044              : string.cpp.obj (.text._ZNSt3__112basic_stringIcNS_11char_traitsIcEENS_9allocatorIcEEE6__initEPKcj)
                  0001d89e    00000002     --HOLE-- [fill = 0]
                  0001d8a0    00000040     Sound.o (.text.SysTick_Handler)
                  0001d8e0    00000040     TExaS.o (.text.TIMG7_IRQHandler)
                  0001d920    00000040     SPI.o (.text._Z9SPI_Resetv)
                  0001d960    00000040     libc++.a : string.cpp.obj (.text._ZNSt3__112basic_stringIcNS_11char_traitsIcEENS_9allocatorIcEEE17__assign_no_aliasILb1EEERS5_PKcj)
                  0001d9a0    00000040     libclang_rt.builtins.a : aeabi_uidivmod.S.obj (.text.__aeabi_uidivmod)
                  0001d9e0    00000040                            : extendsfdf2.S.obj (.text.__extendsfdf2)
                  0001da20    00000040     libc.a : fopen.c.obj (.text._search_fp)
                  0001da60    0000003c     ScoreDisplay.o (.text._Z17scoreDisplay_initv)
                  0001da9c    0000003c     ScoreDisplay.o (.text._ZL13spi_send_byteh)
                  0001dad8    0000003c     libc++.a : string.cpp.obj (.text._ZNSt3__112basic_stringIcNS_11char_traitsIcEENS_9allocatorIcEEE25__init_copy_ctor_externalEPKcj)
                  0001db14    0000003c              : string.cpp.obj (.text._ZNSt3__112basic_stringIcNS_11char_traitsIcEENS_9allocatorIcEEEaSERKS5_)
                  0001db50    0000003c     libclang_rt.builtins.a : floatsisf.S.obj (.text.__floatsisf)
                  0001db8c    0000003c                            : comparesf2.S.obj (.text.__gtsf2)
                  0001dbc8    0000003a     Lab9HMain.o (.text._ZN4PuckC2ERKS_)
                  0001dc02    0000003a     Lab9HMain.o (.text._ZN4PuckaSEOS_)
                  0001dc3c    0000003a     libclang_rt.builtins.a : comparesf2.S.obj (.text.__eqsf2)
                  0001dc76    00000002     --HOLE-- [fill = 0]
                  0001dc78    0000003a                            : muldsi3.S.obj (.text.__muldsi3)
                  0001dcb2    00000002     --HOLE-- [fill = 0]
                  0001dcb4    00000038     SPI.o (.text._Z11SPI_OutDatac)
                  0001dcec    00000038     LaunchPad.o (.text._Z15ActivatePortA_Bv)
                  0001dd24    00000038     Lab9HMain.o (.text._ZNSt3__112basic_stringIcNS_11char_traitsIcEENS_9allocatorIcEEE16__set_short_sizeB8nn180100Ej)
                  0001dd5c    00000038     libclang_rt.builtins.a : fixsfsi.S.obj (.text.__fixsfsi)
                  0001dd94    00000034     ST7735.o (.text._Z12ST7735_writeiPKcj)
                  0001ddc8    00000034     Clock.o (.text._Z14Clock_Delay1msj)
                  0001ddfc    00000034     ST7735.o (.text._Z16ST7735_SetCursorjj)
                  0001de30    00000034     LED.o (.text._Z8LED_Initv)
                  0001de64    00000034     libc.a : fopen.c.obj (.text.__TI_cleanup)
                  0001de98    00000034     libsysbm.a : trgmsg.c.obj (.text.__TI_readmsg)
                  0001decc    00000034                : trgmsg.c.obj (.text.__TI_writemsg)
                  0001df00    00000034     libc.a : exit.c.obj (.text.exit)
                  0001df34    00000034            : getdevice.c.obj (.text.finddevice)
                  0001df68    00000034            : fopen.c.obj (.text.freopen)
                  0001df9c    00000032     ST7735.o (.text._Z15ST7735_Color565hhh)
                  0001dfce    00000002     --HOLE-- [fill = 0]
                  0001dfd0    00000030     ST7735.o (.text._ZL10commonInitPKh)
                  0001e000    00000030     Lab9HMain.o (.text.__cxx_global_array_dtor)
                  0001e030    00000030     libc.a : fopen.c.obj (.text.fopen)
                  0001e060    0000002e     Lab9HMain.o (.text._ZNKSt3__112basic_stringIcNS_11char_traitsIcEENS_9allocatorIcEEE4sizeB8nn180100Ev)
                  0001e08e    00000002     --HOLE-- [fill = 0]
                  0001e090    0000002c     ST7735.o (.text._Z17ST7735_FillScreent)
                  0001e0bc    0000002c     Lab9HMain.o (.text._ZNSt3__112basic_stringIcNS_11char_traitsIcEENS_9allocatorIcEEEC2B8nn180100ILi0EEEPKc)
                  0001e0e8    0000002c     libclang_rt.builtins.a : floatsidf.S.obj (.text.__floatsidf)
                  0001e114    0000002c     libsysbm.a : unlink.c.obj (.text.unlink)
                  0001e140    00000028     Graphics.o (.text._Z18getBackgroundPixelhh)
                  0001e168    00000028     TExaS.o (.text._Z9ADC_StartP10ADC12_Regs)
                  0001e190    00000028     libc.a : memory.c.obj (.text.free_list_insert)
                  0001e1b8    00000028     libsysbm.a : lseek.c.obj (.text.lseek)
                  0001e1e0    00000028     libc.a : memmov.c.obj (.text.memmove)
                  0001e208    00000028     libsysbm.a : write.c.obj (.text.write)
                  0001e230    00000028     libc.a : boot_cortex_m.c.obj (.text:_c_int00_noargs)
                  0001e258    00000026     libc++abi.a : stdlib_new_delete.cpp.obj (.text._ZL17operator_new_implj)
                  0001e27e    00000026     Lab9HMain.o (.text._ZNSt3__112basic_stringIcNS_11char_traitsIcEENS_9allocatorIcEEEaSB8nn180100EOS5_)
                  0001e2a4    00000026     Puck.o (.text._ZNSt3__117__compressed_pairINS_12basic_stringIcNS_11char_traitsIcEENS_9allocatorIcEEE5__repES5_EC2B8nn180100INS_16__value_init_tagENS_18__default_init_tagEEEOT_OT0_)
                  0001e2ca    00000026     Lab9HMain.o (.text._ZNSt3__117__compressed_pairINS_12basic_stringIcNS_11char_traitsIcEENS_9allocatorIcEEE5__repES5_EC2B8nn180100INS_18__default_init_tagESA_EEOT_OT0_)
                  0001e2f0    00000024     Sound.o (.text._Z11Sound_StartPKtj)
                  0001e314    00000024     ScoreDisplay.o (.text._ZL11push_to_595hh)
                  0001e338    00000022     Lab9HMain.o (.text._ZNSt3__112basic_stringIcNS_11char_traitsIcEENS_9allocatorIcEEE19__move_assign_allocB8nn180100ERS5_)
                  0001e35a    00000022     libc.a : memccpy.c.obj (.text.memccpy)
                  0001e37c    00000020     ScoreDisplay.o (.text._ZL11latch_pulsev)
                  0001e39c    00000020     Puck.o (.text._ZNSt3__112basic_stringIcNS_11char_traitsIcEENS_9allocatorIcEEEC2B8nn180100Ev)
                  0001e3bc    00000020     libc++.a : string.cpp.obj (.text._ZNSt3__112basic_stringIcNS_11char_traitsIcEENS_9allocatorIcEEEC2ERKS5_)
                  0001e3dc    00000020              : verbose_abort.cpp.obj (.text._ZNSt3__122__libcpp_verbose_abortEPKcz)
                  0001e3fc    00000020     libc.a : memcmp.c.obj (.text.memcmp)
                  0001e41c    0000001e     ST7735.o (.text._ZL9pushColort)
                  0001e43a    00000002     --HOLE-- [fill = 0]
                  0001e43c    0000001c     startup_mspm0g3507_ticlang.o (.text.Default_Handler)
                  0001e458    0000001c     startup_mspm0g3507_ticlang.o (.text.HardFault_Handler)
                  0001e474    0000001c     Lab9HMain.o (.text._ZNSt3__112basic_stringIcNS_11char_traitsIcEENS_9allocatorIcEEE19__move_assign_allocB8nn180100ERS5_NS_17integral_constantIbLb1EEE)
                  0001e490    0000001c     libc.a : memory.c.obj (.text.free_list_remove)
                  0001e4ac    00000018     Lab9HMain.o (.text._ZNSt3__116allocator_traitsINS_9allocatorIcEEE10deallocateB8nn180100ERS2_Pcj)
                  0001e4c4    00000018     Lab9HMain.o (.text._ZNSt3__19allocatorIcE10deallocateB8nn180100EPcj)
                  0001e4dc    00000018     Lab9HMain.o (.text.__cxx_global_var_init.2)
                  0001e4f4    00000016     libc.a : k_rem_pio2.c.obj (.text.OUTLINED_FUNCTION_0)
                  0001e50a    00000002     --HOLE-- [fill = 0]
                  0001e50c    00000010     libclang_rt.builtins.a : adddf3.S.obj (.tramp.__aeabi_dadd.1)
                  0001e51c    00000016     ST7735.o (.text._Z11ST7735_openPKcji)
                  0001e532    00000016     ST7735.o (.text._Z11ST7735_readiPcj)
                  0001e548    00000016     Lab9HMain.o (.text._ZN4PuckD2Ev)
                  0001e55e    00000016     Lab9HMain.o (.text._ZNKSt3__112basic_stringIcNS_11char_traitsIcEENS_9allocatorIcEEE14__get_long_capB8nn180100Ev)
                  0001e574    00000016     Lab9HMain.o (.text._ZNKSt3__112basic_stringIcNS_11char_traitsIcEENS_9allocatorIcEEE9__is_longB8nn180100Ev)
                  0001e58a    00000016     Lab9HMain.o (.text._ZNSt3__112basic_stringIcNS_11char_traitsIcEENS_9allocatorIcEEE19__get_short_pointerB8nn180100Ev)
                  0001e5a0    00000016     Lab9HMain.o (.text._ZNSt3__119__libcpp_deallocateB8nn180100EPvjj)
                  0001e5b6    00000016     libc.a : copy_zero_init.c.obj (.text:decompress:ZI:__TI_zero_init_nomemset)
                  0001e5cc    00000014     Sound.o (.text._Z11Sound_Shootv)
                  0001e5e0    00000014     Sound.o (.text._Z12Sound_Winnerv)
                  0001e5f4    00000014     Graphics.o (.text._Z13graphics_initv)
                  0001e608    00000014     Sound.o (.text._Z15Sound_Collisionv)
                  0001e61c    00000014     Sound.o (.text._Z7DAC_Outj)
                  0001e630    00000014     Lab9HMain.o (.text._ZNKSt3__112basic_stringIcNS_11char_traitsIcEENS_9allocatorIcEEE16__get_short_sizeB8nn180100Ev)
                  0001e644    00000014     libc++.a : string.cpp.obj (.text._ZNSt3__112basic_stringIcNS_11char_traitsIcEENS_9allocatorIcEEED2Ev)
                  0001e658    00000014     Lab9HMain.o (.text._ZNSt3__122__compressed_pair_elemINS_9allocatorIcEELi1ELb1EEC2B8nn180100ENS_18__default_init_tagE)
                  0001e66c    00000014     Lab9HMain.o (.text._ZNSt3__19allocatorIcEC2B8nn180100Ev)
                  0001e680    00000014     libc++abi.a : stdlib_new_delete.cpp.obj (.text._Znwj)
                  0001e694    00000014     libc.a : aeabi_atexit.c.obj (.text.__cxa_atexit)
                  0001e6a8    00000012     Lab9HMain.o (.text._ZNKSt3__112basic_stringIcNS_11char_traitsIcEENS_9allocatorIcEEE15__get_long_sizeB8nn180100Ev)
                  0001e6ba    00000012     Lab9HMain.o (.text._ZNSt3__111char_traitsIcE6assignB8nn180100ERcRKc)
                  0001e6cc    00000012     Lab9HMain.o (.text._ZNSt3__112basic_stringIcNS_11char_traitsIcEENS_9allocatorIcEEE18__get_long_pointerB8nn180100Ev)
                  0001e6de    00000012     Puck.o (.text._ZNSt3__122__compressed_pair_elemINS_12basic_stringIcNS_11char_traitsIcEENS_9allocatorIcEEE5__repELi0ELb0EEC2B8nn180100ENS_16__value_init_tagE)
                  0001e6f0    00000012     Lab9HMain.o (.text._ZNSt3__127__do_deallocate_handle_sizeB8nn180100IJEEEvPvjDpT_)
                  0001e702    00000012     libc.a : memcpy16.S.obj (.text:TI_memcpy_small)
                  0001e714    00000012            : copy_decompress_none.c.obj (.text:decompress:none)
                  0001e726    00000010            : k_rem_pio2.c.obj (.text.OUTLINED_FUNCTION_2)
                  0001e736    00000010     Clock.o (.text._Z11Clock_Delayj)
                  0001e746    00000002     --HOLE-- [fill = 0]
                  0001e748    00000010     Lab9HMain.o (.text._Z28TExaS_LaunchPadLogicPB27PB26v)
                  0001e758    00000010     Puck.o (.text._Z3absB8nn180100f)
                  0001e768    00000010     Lab9HMain.o (.text._ZNKSt3__117__compressed_pairINS_12basic_stringIcNS_11char_traitsIcEENS_9allocatorIcEEE5__repES5_E5firstB8nn180100Ev)
                  0001e778    00000010     Lab9HMain.o (.text._ZNSt3__111char_traitsIcE6lengthB8nn180100EPKc)
                  0001e788    00000010     Lab9HMain.o (.text._ZNSt3__112basic_stringIcNS_11char_traitsIcEENS_9allocatorIcEEE7__allocB8nn180100Ev)
                  0001e798    00000010     Lab9HMain.o (.text._ZNSt3__117__compressed_pairINS_12basic_stringIcNS_11char_traitsIcEENS_9allocatorIcEEE5__repES5_E5firstB8nn180100Ev)
                  0001e7a8    00000010     Lab9HMain.o (.text._ZNSt3__117__compressed_pairINS_12basic_stringIcNS_11char_traitsIcEENS_9allocatorIcEEE5__repES5_E6secondB8nn180100Ev)
                  0001e7b8    00000010     Lab9HMain.o (.text._ZNSt3__118__constexpr_strlenB8nn180100EPKc)
                  0001e7c8    00000010     Lab9HMain.o (.text._ZNSt3__124__libcpp_operator_deleteB8nn180100IJPvEEEvDpT_)
                  0001e7d8    00000010     Puck.o (.text._ZNSt3__16__math4sqrtB8nn180100Ef)
                  0001e7e8    0000000e     libc.a : memory.c.obj (.text.OUTLINED_FUNCTION_0)
                  0001e7f6    0000000e     ST7735.o (.text._Z12ST7735_lseekili)
                  0001e804    0000000e     SlidePot.o (.text._ZN8SlidePotC2Ejj)
                  0001e812    00000002     --HOLE-- [fill = 0]
                  0001e814    0000000e     libclang_rt.builtins.a : aeabi_memset.S.obj (.text.__aeabi_memset)
                  0001e822    0000000e     libsysbm.a : hostrename.c.obj (.text.strcpy)
                  0001e830    0000000e     libc.a : _printfi.c.obj (.text.strlen)
                  0001e83e    0000000e            : strlen.c.obj (.text.strlen)
                  0001e84c    0000000e     libsysbm.a : hostrename.c.obj (.text.strlen)
                  0001e85a    0000000e     libc.a : memset16.S.obj (.text:TI_memset_small)
                  0001e868    0000000c     ST7735.o (.text._Z13ST7735_renamePKcS0_)
                  0001e874    0000000c     libc++abi.a : stdlib_new_delete.cpp.obj (.text._Z22__throw_bad_alloc_shimv)
                  0001e880    0000000c     libc++.a : string.cpp.obj (.text._ZNKSt3__112basic_stringIcNS_11char_traitsIcEENS_9allocatorIcEEE20__throw_length_errorB8nn180100Ev)
                  0001e88c    0000000c              : string.cpp.obj (.text._ZNKSt3__112basic_stringIcNS_11char_traitsIcEENS_9allocatorIcEEE20__throw_out_of_rangeB8nn180100Ev)
                  0001e898    0000000c              : string.cpp.obj (.text._ZNSt3__120__throw_length_errorB8nn180100EPKc)
                  0001e8a4    0000000c              : string.cpp.obj (.text._ZNSt3__120__throw_out_of_rangeB8nn180100EPKc)
                  0001e8b0    0000000c     libc++abi.a : cxa_handlers.cpp.obj (.text._ZSt15get_new_handlerv)
                  0001e8bc    0000000c     libclang_rt.builtins.a : aeabi_memset.S.obj (.text.__aeabi_memclr)
                  0001e8c8    0000000c     libc.a : memory.c.obj (.text.malloc)
                  0001e8d4    0000000a            : k_rem_pio2.c.obj (.text.OUTLINED_FUNCTION_1)
                  0001e8de    0000000a            : s_cosf.c.obj (.text.OUTLINED_FUNCTION_3)
                  0001e8e8    0000000a            : s_sinf.c.obj (.text.OUTLINED_FUNCTION_3)
                  0001e8f2    0000000a     ST7735.o (.text._Z12ST7735_closei)
                  0001e8fc    0000000a     ST7735.o (.text._Z13ST7735_unlinkPKc)
                  0001e906    0000000a     Lab9HMain.o (.text._Z8PLL_Initv)
                  0001e910    0000000a     Lab9HMain.o (.text._ZNKSt3__112basic_stringIcNS_11char_traitsIcEENS_9allocatorIcEEE14__annotate_newB8nn180100Ej)
                  0001e91a    0000000a     Lab9HMain.o (.text._ZNKSt3__112basic_stringIcNS_11char_traitsIcEENS_9allocatorIcEEE17__annotate_shrinkB8nn180100Ej)
                  0001e924    0000000a     Lab9HMain.o (.text._ZNKSt3__122__compressed_pair_elemINS_12basic_stringIcNS_11char_traitsIcEENS_9allocatorIcEEE5__repELi0ELb0EE5__getB8nn180100Ev)
                  0001e92e    0000000a     Lab9HMain.o (.text._ZNSt3__114pointer_traitsIPcE10pointer_toB8nn180100ERc)
                  0001e938    0000000a     Lab9HMain.o (.text._ZNSt3__116__non_trivial_ifILb1ENS_9allocatorIcEEEC2B8nn180100Ev)
                  0001e942    0000000a     Lab9HMain.o (.text._ZNSt3__122__compressed_pair_elemINS_12basic_stringIcNS_11char_traitsIcEENS_9allocatorIcEEE5__repELi0ELb0EE5__getB8nn180100Ev)
                  0001e94c    0000000a     Lab9HMain.o (.text._ZNSt3__122__compressed_pair_elemINS_12basic_stringIcNS_11char_traitsIcEENS_9allocatorIcEEE5__repELi0ELb0EEC2B8nn180100ENS_18__default_init_tagE)
                  0001e956    0000000a     Lab9HMain.o (.text._ZNSt3__122__compressed_pair_elemINS_9allocatorIcEELi1ELb1EE5__getB8nn180100Ev)
                  0001e960    00000008     Lab9HMain.o (.text._ZNKSt3__112basic_stringIcNS_11char_traitsIcEENS_9allocatorIcEEE17__annotate_deleteB8nn180100Ev)
                  0001e968    00000008     libc++abi.a : stdlib_new_delete.cpp.obj (.text._ZdlPv)
                  0001e970    00000008     libc.a : aeabi_portable.c.obj (.text.__aeabi_errno_addr)
                  0001e978    00000008     libclang_rt.builtins.a : aeabi_memcpy.S.obj (.text.__aeabi_memcpy)
                  0001e980    00000008                            : aeabi_memmove.S.obj (.text.__aeabi_memmove)
                  0001e988    00000008     libc.a : aeabi_atexit.c.obj (.text.__cxa_ia64_exit)
                  0001e990    00000008            : vfprintf.c.obj (.text._outc)
                  0001e998    00000008            : vfprintf.c.obj (.text._outs)
                  0001e9a0    00000008            : fseek.c.obj (.text.fseek)
                  0001e9a8    00000008     libsysbm.a : remove.c.obj (.text.remove)
                  0001e9b0    00000006     libc.a : s_cosf.c.obj (.text.OUTLINED_FUNCTION_0)
                  0001e9b6    00000002     --HOLE-- [fill = 0]
                  0001e9b8    00000010     libclang_rt.builtins.a : muldf3.S.obj (.tramp.__aeabi_dmul.1)
                  0001e9c8    00000006     libc.a : s_sinf.c.obj (.text.OUTLINED_FUNCTION_0)
                  0001e9ce    00000006            : s_cosf.c.obj (.text.OUTLINED_FUNCTION_1)
                  0001e9d4    00000006            : s_sinf.c.obj (.text.OUTLINED_FUNCTION_1)
                  0001e9da    00000006            : exit.c.obj (.text:abort)
                  0001e9e0    00000004     libsysbm.a : hostexit.c.obj (.text.HOSTexit)
                  0001e9e4    00000004     libc.a : s_cosf.c.obj (.text.OUTLINED_FUNCTION_2)
                  0001e9e8    00000010     libclang_rt.builtins.a : extendsfdf2.S.obj (.tramp.__aeabi_f2d.1)
                  0001e9f8    00000004     libc.a : s_sinf.c.obj (.text.OUTLINED_FUNCTION_2)
                  0001e9fc    00000004     startup_mspm0g3507_ticlang.o (.text.Reset_Handler)
                  0001ea00    00000004     libc.a : pre_init.c.obj (.text._system_pre_init)
                  0001ea04    00000004     libc++abi.a : abort_message.cpp.obj (.text.abort_message)
                  0001ea08    00000008     --HOLE-- [fill = 0]

.cinit     0    0001ea10    00000098     
                  0001ea10    00000070     (.cinit..data.load) [load image, compression = lzss]
                  0001ea80    0000000c     (__TI_handler_table)
                  0001ea8c    00000008     (.cinit..bss.load) [load image, compression = zero_init]
                  0001ea94    00000010     (__TI_cinit_table)
                  0001eaa4    00000004     --HOLE-- [fill = 0]

.rodata    0    000000c0    00017f78     
                  000000c0    0000a000     Graphics.o (.rodata._ZL10background)
                  0000a0c0    00009c40     Sound.o (.rodata._ZL6winner)
                  00013d00    00002d7c     Sound.o (.rodata._ZL5shoot)
                  00016a7c    000007c2     Sound.o (.rodata._ZL9collision)
                  0001723e    000004fb     ST7735.o (.rodata._ZL4Font)
                  00017739    00000001     --HOLE-- [fill = 0]
                  0001773a    000001c2     Puck.o (.rodata._ZL10Puck_Erase)
                  000178fc    000001c2     Puck.o (.rodata._ZL8Red_Puck)
                  00017abe    000001c2     Puck.o (.rodata._ZL9Blue_Puck)
                  00017c80    00000108     libc.a : k_rem_pio2.c.obj (.rodata.ipio2)
                  00017d88    00000042     libc++.a : string.cpp.obj (.rodata.str1.14269992428932311683.1)
                  00017dca    00000042              : string.cpp.obj (.rodata.str1.16321921145748131968.1)
                  00017e0c    00000004     ScoreDisplay.o (.rodata.str1.10133100661268345369.1)
                  00017e10    00000040     libc.a : k_rem_pio2.c.obj (.rodata.PIo2)
                  00017e50    0000003b     ST7735.o (.rodata._ZL5Rcmd1)
                  00017e8b    0000002d     libc++abi.a : stdlib_new_delete.cpp.obj (.rodata.str1.5158325271906132978.1)
                  00017eb8    0000002b     ST7735.o (.rodata._ZL5Rcmd3)
                  00017ee3    00000016     ST7735.o (.rodata.str1.14736978382213673245.1)
                  00017ef9    00000011     libc.a : _printfi.c.obj (.rodata.str1.15363888844622738466.1)
                  00017f0a    00000002     ST7735.o (.rodata.str1.18358205720993799461.1)
                  00017f0c    00000010     libc.a : k_rem_pio2.c.obj (.rodata.cst16)
                  00017f1c    0000000f     Graphics.o (.rodata.str1.12043312915455091764.1)
                  00017f2b    0000000e     ScoreDisplay.o (.rodata.str1.7880299750429249909.1)
                  00017f39    0000000e     Graphics.o (.rodata.str1.911604451862657435.1)
                  00017f47    0000000d     ST7735.o (.rodata._ZL10Rcmd2green)
                  00017f54    0000000d     ST7735.o (.rodata._ZL8Rcmd2red)
                  00017f61    0000000d     libc++.a : string.cpp.obj (.rodata.str1.18206951334841205257.1)
                  00017f6e    0000000d     Graphics.o (.rodata.str1.2028828281091181669.1)
                  00017f7b    0000000d     Graphics.o (.rodata.str1.670921636592097575.1)
                  00017f88    0000000c     ScoreDisplay.o (.rodata.str1.5789640857551667696.1)
                  00017f94    0000000b     ScoreDisplay.o (.rodata.str1.12799594042762420834.1)
                  00017f9f    0000000b     ScoreDisplay.o (.rodata.str1.16716865207057005743.1)
                  00017faa    0000000b     ScoreDisplay.o (.rodata.str1.17124373027845792136.1)
                  00017fb5    0000000a     ScoreDisplay.o (.rodata._ZL4SEG7)
                  00017fbf    0000000a     ScoreDisplay.o (.rodata.str1.12807805925081963758.1)
                  00017fc9    0000000a     Graphics.o (.rodata.str1.6480484306684039692.1)
                  00017fd3    0000000a     Graphics.o (.rodata.str1.8802942603163489210.1)
                  00017fdd    00000009     ScoreDisplay.o (.rodata.str1.11955302464402321280.1)
                  00017fe6    00000009     Graphics.o (.rodata.str1.13780965789783017861.1)
                  00017fef    00000009     Graphics.o (.rodata.str1.17399526933454223328.1)
                  00017ff8    00000009     Graphics.o (.rodata.str1.5311640008663657367.1)
                  00018001    00000009     ScoreDisplay.o (.rodata.str1.682934504294428628.1)
                  0001800a    00000008     ST7735.o (.rodata.str1.7209918599617305731.1)
                  00018012    00000007     ST7735.o (.rodata.str1.10208736415454880443.1)
                  00018019    00000007     ST7735.o (.rodata.str1.8723687351022562626.1)
                  00018020    00000005     Lab9HMain.o (.rodata.str1.11799588374900605218.1)
                  00018025    00000005     Puck.o (.rodata.str1.16151566566393300155.1)
                  0001802a    00000004     Puck.o (.rodata.str1.11581282060741588851.1)
                  0001802e    00000004     Lab9HMain.o (.rodata.str1.17941944938679876980.1)
                  00018032    00000006     --HOLE-- [fill = 0]

.init_array 
*          0    00018038    00000008     
                  00018038    00000004     Lab9HMain.o (.init_array)
                  0001803c    00000004     --HOLE-- [fill = 0]

.data      0    20200000    00000389     UNINITIALIZED
                  20200000    00000168     Lab9HMain.o (.data.pArray)
                  20200168    000000f0     libc.a : defs.c.obj (.data._ftable)
                  20200258    00000078     libsysbm.a : host_device.c.obj (.data._device)
                  202002d0    00000050                : host_device.c.obj (.data._stream)
                  20200320    00000014     Lab9HMain.o (.data.Sensor)
                  20200334    00000008     libc.a : exit.c.obj (.data..L_MergedGlobals)
                  2020033c    00000004     Clock.o (.data.BusFreq)
                  20200340    00000004     Lab9HMain.o (.data.SemaphoreFlag)
                  20200344    00000004     ST7735.o (.data.StX)
                  20200348    00000004     ST7735.o (.data.StY)
                  2020034c    00000004     Sound.o (.data._ZL8SoundEnd)
                  20200350    00000004     Sound.o (.data._ZL8SoundPtr)
                  20200354    00000004     libc.a : defs.c.obj (.data.__TI_ft_end)
                  20200358    00000004            : aeabi_portable.c.obj (.data.__aeabi_errno)
                  2020035c    00000004     libc++abi.a : cxa_default_handlers.cpp.obj (.data.__cxa_new_handler)
                  20200360    00000004     libc.a : exit.c.obj (.data.__dso_handle)
                  20200364    00000004            : _lock.c.obj (.data._lock)
                  20200368    00000004            : _lock.c.obj (.data._unlock)
                  2020036c    00000004     Lab9HMain.o (.data.aim)
                  20200370    00000004     Lab9HMain.o (.data.power)
                  20200374    00000004     Lab9HMain.o (.data.start)
                  20200378    00000002     ST7735.o (.data.StTextColor)
                  2020037a    00000002     ST7735.o (.data._ZL6_width)
                  2020037c    00000002     ST7735.o (.data._ZL7_height)
                  2020037e    00000001     ScoreDisplay.o (.data._ZL5s_red)
                  2020037f    00000001     ScoreDisplay.o (.data._ZL6s_blue)
                  20200380    00000001     libsysbm.a : add_device.c.obj (.data.add_device.device_init)
                  20200381    00000001     Lab9HMain.o (.data.language)
                  20200382    00000002     --HOLE--
                  20200384    00000001     libc.a : memory.c.obj (.data.memory_is_initialized)
                  20200385    00000003     --HOLE--
                  20200388    00000001     libsysbm.a : open.c.obj (.data.open.stream_init)

.bss       0    2020038c    0000026e     UNINITIALIZED
                  2020038c    00000120     libsysbm.a : trgmsg.c.obj (.bss:_CIOBUF_)
                  202004ac    000000a0     libc.a : defs.c.obj (.bss.__TI_tmpnams)
                  2020054c    00000088            : aeabi_atexit.c.obj (.bss.atexit_register.__atexit0)
                  202005d4    00000008     libsysbm.a : hostopen.c.obj (.bss.parmbuf)
                  202005dc    00000004     TExaS.o (.bss.TExaSLogic)
                  202005e0    00000004     TExaS.o (.bss.TExaSadc)
                  202005e4    00000004     libc.a : aeabi_atexit.c.obj (.bss.__atexit)
                  202005e8    00000004            : memory.c.obj (.bss.sys_free)
                  202005ec    00000004     (.common:ResetFlag)
                  202005f0    00000004     (.common:ShootFlag)
                  202005f4    00000001     ST7735.o (.bss._ZL8ColStart)
                  202005f5    00000001     ST7735.o (.bss._ZL8Rotation)
                  202005f6    00000001     ST7735.o (.bss._ZL8RowStart)
                  202005f7    00000001     ST7735.o (.bss._ZL8TabColor)
                  202005f8    00000001     Lab9HMain.o (.bss.blueScore)
                  202005f9    00000001     Lab9HMain.o (.bss.redScore)

.sysmem    0    20200600    00000200     UNINITIALIZED
                  20200600    00000010     libc.a : memory.c.obj (.sysmem)
                  20200610    000001f0     --HOLE--

.stack     0    20207e00    00000200     UNINITIALIZED
                  20207e00    00000004     libc.a : boot_cortex_m.c.obj (.stack)
                  20207e04    000001fc     --HOLE--

__llvm_prf_cnts 
*          0    20200000    00000000     UNINITIALIZED

__llvm_prf_bits 
*          0    20200000    00000000     UNINITIALIZED

MODULE SUMMARY

       Module                         code    ro data   rw data
       ------                         ----    -------   -------
    ./
       Sound.o                        432     53630     8      
       Graphics.o                     2142    41062     0      
       Lab9HMain.o                    3634    13        399    
       ST7735.o                       2368    1449      18     
       Puck.o                         1622    1359      0      
       ScoreDisplay.o                 1540    101       2      
       TExaS.o                        720     0         8      
       Clock.o                        516     0         4      
       SPI.o                          440     0         0      
       Timer.o                        316     0         0      
       LaunchPad.o                    180     0         0      
       Button.o                       160     0         8      
       SlidePot.o                     138     0         0      
       LED.o                          52      0         0      
    +--+------------------------------+-------+---------+---------+
       Total:                         14260   97614     447    
                                                               
    ./ticlang/
       startup_mspm0g3507_ticlang.o   60      192       0      
    +--+------------------------------+-------+---------+---------+
       Total:                         60      192       0      
                                                               
    /Applications/ti/ccs2040/ccs/tools/compiler/ti-cgt-armllvm_4.0.4.LTS/lib/armv6m-ti-none-eabi/c/libc.a
       k_rem_pio2.c.obj               1652    344       0      
       s_cosf.c.obj                   822     0         0      
       s_sinf.c.obj                   810     0         0      
       memory.c.obj                   702     0         5      
       _printfi.c.obj                 658     17        0      
       fopen.c.obj                    556     0         0      
       aeabi_atexit.c.obj             292     0         140    
       defs.c.obj                     0       0         404    
       s_floor.c.obj                  324     0         0      
       fputs.c.obj                    248     0         0      
       setvbuf.c.obj                  224     0         0      
       s_scalbn.c.obj                 216     0         0      
       e_sqrtf.c.obj                  160     0         0      
       getdevice.c.obj                160     0         0      
       fputc.c.obj                    156     0         0      
       strcmp-armv6m.S.obj            136     0         0      
       copy_decompress_lzss.c.obj     124     0         0      
       fclose.c.obj                   124     0         0      
       fseek.c.obj                    116     0         0      
       _io_perm.c.obj                 100     0         0      
       vfprintf.c.obj                 92      0         0      
       autoinit.c.obj                 84      0         0      
       fflush.c.obj                   82      0         0      
       exit.c.obj                     58      0         12     
       boot_cortex_m.c.obj            40      0         0      
       memmov.c.obj                   40      0         0      
       memccpy.c.obj                  34      0         0      
       memcmp.c.obj                   32      0         0      
       copy_zero_init.c.obj           22      0         0      
       copy_decompress_none.c.obj     18      0         0      
       memcpy16.S.obj                 18      0         0      
       memset16.S.obj                 14      0         0      
       strlen.c.obj                   14      0         0      
       aeabi_portable.c.obj           8       0         4      
       _lock.c.obj                    2       0         8      
       pre_init.c.obj                 4       0         0      
    +--+------------------------------+-------+---------+---------+
       Total:                         8142    361       573    
                                                               
    /Applications/ti/ccs2040/ccs/tools/compiler/ti-cgt-armllvm_4.0.4.LTS/lib/armv6m-ti-none-eabi/c/libsysbm.a
       trgmsg.c.obj                   104     0         288    
       add_device.c.obj               236     0         1      
       host_device.c.obj              0       0         200    
       open.c.obj                     160     0         1      
       hostrename.c.obj               136     0         0      
       hostlseek.c.obj                108     0         0      
       hostopen.c.obj                 96      0         8      
       hostread.c.obj                 88      0         0      
       hostwrite.c.obj                88      0         0      
       close.c.obj                    80      0         0      
       hostclose.c.obj                72      0         0      
       hostunlink.c.obj               72      0         0      
       unlink.c.obj                   44      0         0      
       lseek.c.obj                    40      0         0      
       write.c.obj                    40      0         0      
       remove.c.obj                   8       0         0      
       hostexit.c.obj                 4       0         0      
    +--+------------------------------+-------+---------+---------+
       Total:                         1376    0         498    
                                                               
    /Applications/ti/ccs2040/ccs/tools/compiler/ti-cgt-armllvm_4.0.4.LTS/lib/armv6m-ti-none-eabi/libc++.a
       string.cpp.obj                 714     145       0      
       verbose_abort.cpp.obj          32      0         0      
    +--+------------------------------+-------+---------+---------+
       Total:                         746     145       0      
                                                               
    /Applications/ti/ccs2040/ccs/tools/compiler/ti-cgt-armllvm_4.0.4.LTS/lib/armv6m-ti-none-eabi/libc++abi.a
       stdlib_new_delete.cpp.obj      78      45        0      
       cxa_handlers.cpp.obj           12      0         0      
       abort_message.cpp.obj          4       0         0      
       cxa_default_handlers.cpp.obj   0       0         4      
    +--+------------------------------+-------+---------+---------+
       Total:                         94      45        4      
                                                               
    /Applications/ti/ccs2040/ccs/tools/compiler/ti-cgt-armllvm_4.0.4.LTS/lib/armv6m-ti-none-eabi/libclang_rt.builtins.a
       adddf3.S.obj                   418     0         0      
       muldf3.S.obj                   244     0         0      
       comparedf2.c.obj               220     0         0      
       addsf3.S.obj                   216     0         0      
       mulsf3.S.obj                   140     0         0      
       divsf3.S.obj                   130     0         0      
       comparesf2.S.obj               118     0         0      
       truncdfsf2.S.obj               116     0         0      
       aeabi_dcmp.S.obj               98      0         0      
       aeabi_fcmp.S.obj               98      0         0      
       aeabi_idivmod.S.obj            86      0         0      
       extendsfdf2.S.obj              80      0         0      
       fixdfsi.S.obj                  74      0         0      
       aeabi_uidivmod.S.obj           64      0         0      
       floatsisf.S.obj                60      0         0      
       muldsi3.S.obj                  58      0         0      
       fixsfsi.S.obj                  56      0         0      
       floatsidf.S.obj                44      0         0      
       aeabi_memset.S.obj             26      0         0      
       aeabi_memcpy.S.obj             8       0         0      
       aeabi_memmove.S.obj            8       0         0      
       aeabi_div0.c.obj               2       0         0      
    +--+------------------------------+-------+---------+---------+
       Total:                         2364    0         0      
                                                               
       Heap:                          0       0         512    
       Stack:                         0       0         512    
       Linker Generated:              0       148       0      
    +--+------------------------------+-------+---------+---------+
       Grand Total:                   27042   98505     2546   


LINKER GENERATED COPY TABLES

__TI_cinit_table @ 0001ea94 records: 2, size/record: 8, table size: 16
	.data: load addr=0001ea10, load size=00000070 bytes, run addr=20200000, run size=00000389 bytes, compression=lzss
	.bss: load addr=0001ea8c, load size=00000008 bytes, run addr=2020038c, run size=0000026e bytes, compression=zero_init


LINKER GENERATED HANDLER TABLE

__TI_handler_table @ 0001ea80 records: 3, size/record: 4, table size: 12
	index: 0, handler: __TI_decompress_lzss
	index: 1, handler: __TI_decompress_none
	index: 2, handler: __TI_zero_init


FAR CALL TRAMPOLINES

callee name               trampoline name
   callee addr  tramp addr   call addr  call info
--------------  -----------  ---------  ----------------
__aeabi_dadd              $Tramp$TT$L$PI$$__aeabi_dadd
   0001a0bb     0001e50c     0001e508   libc.a : k_rem_pio2.c.obj (.text.OUTLINED_FUNCTION_0)
                             0001e8dc          : k_rem_pio2.c.obj (.text.OUTLINED_FUNCTION_1)
                             0001e8e6          : s_cosf.c.obj (.text.OUTLINED_FUNCTION_3)
                             0001e8f0          : s_sinf.c.obj (.text.OUTLINED_FUNCTION_3)
__aeabi_dmul              $Tramp$TT$L$PI$$__aeabi_dmul
   0001b455     0001e9b8     0001e9b4   libc.a : s_cosf.c.obj (.text.OUTLINED_FUNCTION_0)
                             0001e9cc          : s_sinf.c.obj (.text.OUTLINED_FUNCTION_0)
                             0001e9d2          : s_cosf.c.obj (.text.OUTLINED_FUNCTION_1)
                             0001e9d8          : s_sinf.c.obj (.text.OUTLINED_FUNCTION_1)
__aeabi_f2d               $Tramp$TT$L$PI$$__aeabi_f2d
   0001d9e1     0001e9e8     0001e9e6   libc.a : s_cosf.c.obj (.text.OUTLINED_FUNCTION_2)
                             0001e9fa          : s_sinf.c.obj (.text.OUTLINED_FUNCTION_2)

[3 trampolines]
[10 trampoline calls]


GLOBAL SYMBOLS: SORTED ALPHABETICALLY BY Name 

address   name                                                                                                                                                                 
-------   ----                                                                                                                                                                 
0001e43d  ADC0_IRQHandler                                                                                                                                                      
0001e43d  ADC1_IRQHandler                                                                                                                                                      
0001e43d  AES_IRQHandler                                                                                                                                                       
2020033c  BusFreq                                                                                                                                                              
0001d211  Button_Init                                                                                                                                                          
0001e9e0  C$$EXIT                                                                                                                                                              
0001def9  C$$IO$$                                                                                                                                                              
0001e43d  CANFD0_IRQHandler                                                                                                                                                    
0001e43d  DAC0_IRQHandler                                                                                                                                                      
0001e43d  DMA_IRQHandler                                                                                                                                                       
0001e43d  Default_Handler                                                                                                                                                      
0001e43d  GROUP0_IRQHandler                                                                                                                                                    
0001d6f5  GROUP1_IRQHandler                                                                                                                                                    
0001d73d  HOSTclose                                                                                                                                                            
0001e9e1  HOSTexit                                                                                                                                                             
0001cc25  HOSTlseek                                                                                                                                                            
0001d039  HOSTopen                                                                                                                                                             
0001d269  HOSTread                                                                                                                                                             
0001cc91  HOSTrename                                                                                                                                                           
0001d785  HOSTunlink                                                                                                                                                           
0001d2c1  HOSTwrite                                                                                                                                                            
0001e459  HardFault_Handler                                                                                                                                                    
0001e43d  I2C0_IRQHandler                                                                                                                                                      
0001e43d  I2C1_IRQHandler                                                                                                                                                      
0001e43d  NMI_Handler                                                                                                                                                          
0001e43d  PendSV_Handler                                                                                                                                                       
0001e43d  RTC_IRQHandler                                                                                                                                                       
202005ec  ResetFlag                                                                                                                                                            
0001e9fd  Reset_Handler                                                                                                                                                        
00018038  SHT$$INIT_ARRAY$$Base                                                                                                                                                
0001803c  SHT$$INIT_ARRAY$$Limit                                                                                                                                               
0001e43d  SPI0_IRQHandler                                                                                                                                                      
0001e43d  SPI1_IRQHandler                                                                                                                                                      
0001e43d  SVC_Handler                                                                                                                                                          
20200340  SemaphoreFlag                                                                                                                                                        
20200320  Sensor                                                                                                                                                               
202005f0  ShootFlag                                                                                                                                                            
20200378  StTextColor                                                                                                                                                          
20200344  StX                                                                                                                                                                  
20200348  StY                                                                                                                                                                  
0001d8a1  SysTick_Handler                                                                                                                                                      
202005dc  TExaSLogic                                                                                                                                                           
202005e0  TExaSadc                                                                                                                                                             
0001e43d  TIMA0_IRQHandler                                                                                                                                                     
0001e43d  TIMA1_IRQHandler                                                                                                                                                     
0001e43d  TIMG0_IRQHandler                                                                                                                                                     
0001b19d  TIMG12_IRQHandler                                                                                                                                                    
0001e43d  TIMG6_IRQHandler                                                                                                                                                     
0001d8e1  TIMG7_IRQHandler                                                                                                                                                     
0001e43d  TIMG8_IRQHandler                                                                                                                                                     
0001e703  TI_memcpy_small                                                                                                                                                      
0001e85b  TI_memset_small                                                                                                                                                      
0001e43d  UART0_IRQHandler                                                                                                                                                     
0001e43d  UART1_IRQHandler                                                                                                                                                     
0001e43d  UART2_IRQHandler                                                                                                                                                     
0001e43d  UART3_IRQHandler                                                                                                                                                     
2020038c  _CIOBUF_                                                                                                                                                             
0001cac5  _Z10Clock_Freqv                                                                                                                                                      
0001d421  _Z10Sound_Initv                                                                                                                                                      
0001d319  _Z10TExaS_InitP10ADC12_RegsjPFhvE                                                                                                                                    
00018ec5  _Z10renderPuck4Puck                                                                                                                                                  
0001e737  _Z11Clock_Delayj                                                                                                                                                     
0001dcb5  _Z11SPI_OutDatac                                                                                                                                                     
0001e51d  _Z11ST7735_openPKcji                                                                                                                                                 
0001e533  _Z11ST7735_readiPcj                                                                                                                                                  
0001e5cd  _Z11Sound_Shootv                                                                                                                                                     
0001e2f1  _Z11Sound_StartPKtj                                                                                                                                                  
0001c3f5  _Z12ST7735_InitR10initRFlags                                                                                                                                         
0001e8f3  _Z12ST7735_closei                                                                                                                                                    
0001e7f7  _Z12ST7735_lseekili                                                                                                                                                  
0001dd95  _Z12ST7735_writeiPKcj                                                                                                                                                
0001e5e1  _Z12Sound_Winnerv                                                                                                                                                    
0001e869  _Z13ST7735_renamePKcS0_                                                                                                                                              
0001e8fd  _Z13ST7735_unlinkPKc                                                                                                                                                 
0001e5f5  _Z13graphics_initv                                                                                                                                                   
0001ddc9  _Z14Clock_Delay1msj                                                                                                                                                  
0001c861  _Z14LaunchPad_Initv                                                                                                                                                  
0001d7cd  _Z14SPI_OutCommandc                                                                                                                                                  
0001b7c9  _Z14ST7735_OutCharc                                                                                                                                                  
0001bd09  _Z14TimerG7_IntArmtjj                                                                                                                                                
0001b969  _Z14calculateScorePhS_P4Puck                                                                                                                                         
0001d371  _Z14drawBackgroundv                                                                                                                                                  
0001dced  _Z15ActivatePortA_Bv                                                                                                                                                 
00019879  _Z15Clock_Init80MHzi                                                                                                                                                 
0001df9d  _Z15ST7735_Color565hhh                                                                                                                                               
0001a77d  _Z15ST7735_FillRectsssst                                                                                                                                             
0001e609  _Z15Sound_Collisionv                                                                                                                                                 
0001c48d  _Z15TimerG12_IntArmjj                                                                                                                                                
00019bd9  _Z16ST7735_DrawCharSsscssh                                                                                                                                           
0001cb45  _Z16ST7735_DrawPixelsst                                                                                                                                              
0001ddfd  _Z16ST7735_SetCursorjj                                                                                                                                               
00019f19  _Z16drawWinnerBannerhhh                                                                                                                                              
0001c759  _Z17ST7735_DrawStringttPcs                                                                                                                                           
0001e091  _Z17ST7735_FillScreent                                                                                                                                               
0001bfa5  _Z17ST7735_InitPrintf10initRFlags                                                                                                                                    
0001da61  _Z17scoreDisplay_initv                                                                                                                                               
0001aec9  _Z18ST7735_SetRotationh                                                                                                                                              
00019101  _Z18drawLanguageScreenh                                                                                                                                              
0001e141  _Z18getBackgroundPixelhh                                                                                                                                             
0001a895  _Z18updateScoreDisplayhh                                                                                                                                             
0001e875  _Z22__throw_bad_alloc_shimv                                                                                                                                          
0001e749  _Z28TExaS_LaunchPadLogicPB27PB26v                                                                                                                                    
0001e759  _Z3absB8nn180100f                                                                                                                                                    
0001b899  _Z5ADCinPVfS0_S0_Ph                                                                                                                                                  
0001c521  _Z7ADCinitv                                                                                                                                                          
0001e61d  _Z7DAC_Outj                                                                                                                                                          
0001a655  _Z8ADC_InitP10ADC12_Regsjj                                                                                                                                           
0001bdb1  _Z8DAC_Initv                                                                                                                                                         
0001de31  _Z8LED_Initv                                                                                                                                                         
0001e907  _Z8PLL_Initv                                                                                                                                                         
0001acd9  _Z8SPI_Initv                                                                                                                                                         
0001e169  _Z9ADC_StartP10ADC12_Regs                                                                                                                                            
0001d921  _Z9SPI_Resetv                                                                                                                                                        
0001b285  _Z9UART_Initv                                                                                                                                                        
00019d79  _Z9drawArrowssffb                                                                                                                                                    
0001d475  _ZN4Puck12set_VelocityEff                                                                                                                                            
00019a2d  _ZN4Puck16check_CollisionsEh                                                                                                                                         
0001a9a9  _ZN4Puck16process_MovementEv                                                                                                                                         
00019309  _ZN4Puck17process_CollisionEhhf                                                                                                                                      
0001be59  _ZN4PuckC1EffNSt3__112basic_stringIcNS0_11char_traitsIcEENS0_9allocatorIcEEEEh                                                                                       
0001dbc9  _ZN4PuckC2ERKS_                                                                                                                                                      
0001be59  _ZN4PuckC2EffNSt3__112basic_stringIcNS0_11char_traitsIcEENS0_9allocatorIcEEEEh                                                                                       
0001e549  _ZN4PuckD2Ev                                                                                                                                                         
0001dc03  _ZN4PuckaSEOS_                                                                                                                                                       
0001c8dd  _ZN8SlidePot4InitEv                                                                                                                                                  
0001e805  _ZN8SlidePotC1Ejj                                                                                                                                                    
0001e805  _ZN8SlidePotC2Ejj                                                                                                                                                    
0001e911  _ZNKSt3__112basic_stringIcNS_11char_traitsIcEENS_9allocatorIcEEE14__annotate_newB8nn180100Ej                                                                         
0001e55f  _ZNKSt3__112basic_stringIcNS_11char_traitsIcEENS_9allocatorIcEEE14__get_long_capB8nn180100Ev                                                                         
0001e6a9  _ZNKSt3__112basic_stringIcNS_11char_traitsIcEENS_9allocatorIcEEE15__get_long_sizeB8nn180100Ev                                                                        
0001e631  _ZNKSt3__112basic_stringIcNS_11char_traitsIcEENS_9allocatorIcEEE16__get_short_sizeB8nn180100Ev                                                                       
0001e961  _ZNKSt3__112basic_stringIcNS_11char_traitsIcEENS_9allocatorIcEEE17__annotate_deleteB8nn180100Ev                                                                      
0001e91b  _ZNKSt3__112basic_stringIcNS_11char_traitsIcEENS_9allocatorIcEEE17__annotate_shrinkB8nn180100Ej                                                                      
0001e881  _ZNKSt3__112basic_stringIcNS_11char_traitsIcEENS_9allocatorIcEEE20__throw_length_errorB8nn180100Ev                                                                   
0001e88d  _ZNKSt3__112basic_stringIcNS_11char_traitsIcEENS_9allocatorIcEEE20__throw_out_of_rangeB8nn180100Ev                                                                   
0001e061  _ZNKSt3__112basic_stringIcNS_11char_traitsIcEENS_9allocatorIcEEE4sizeB8nn180100Ev                                                                                    
0001d0f9  _ZNKSt3__112basic_stringIcNS_11char_traitsIcEENS_9allocatorIcEEE7compareEjjPKcj                                                                                      
0001e575  _ZNKSt3__112basic_stringIcNS_11char_traitsIcEENS_9allocatorIcEEE9__is_longB8nn180100Ev                                                                               
0001e769  _ZNKSt3__117__compressed_pairINS_12basic_stringIcNS_11char_traitsIcEENS_9allocatorIcEEE5__repES5_E5firstB8nn180100Ev                                                 
0001e925  _ZNKSt3__122__compressed_pair_elemINS_12basic_stringIcNS_11char_traitsIcEENS_9allocatorIcEEE5__repELi0ELb0EE5__getB8nn180100Ev                                       
0001e6bb  _ZNSt3__111char_traitsIcE6assignB8nn180100ERcRKc                                                                                                                     
0001e779  _ZNSt3__111char_traitsIcE6lengthB8nn180100EPKc                                                                                                                       
0001afbd  _ZNSt3__112basic_stringIcNS_11char_traitsIcEENS_9allocatorIcEEE13__move_assignB8nn180100ERS5_NS_17integral_constantIbLb1EEE                                          
0001dd25  _ZNSt3__112basic_stringIcNS_11char_traitsIcEENS_9allocatorIcEEE16__set_short_sizeB8nn180100Ej                                                                        
0001d815  _ZNSt3__112basic_stringIcNS_11char_traitsIcEENS_9allocatorIcEEE17__assign_no_aliasILb0EEERS5_PKcj                                                                    
0001d961  _ZNSt3__112basic_stringIcNS_11char_traitsIcEENS_9allocatorIcEEE17__assign_no_aliasILb1EEERS5_PKcj                                                                    
0001e6cd  _ZNSt3__112basic_stringIcNS_11char_traitsIcEENS_9allocatorIcEEE18__get_long_pointerB8nn180100Ev                                                                      
0001e58b  _ZNSt3__112basic_stringIcNS_11char_traitsIcEENS_9allocatorIcEEE19__get_short_pointerB8nn180100Ev                                                                     
0001e339  _ZNSt3__112basic_stringIcNS_11char_traitsIcEENS_9allocatorIcEEE19__move_assign_allocB8nn180100ERS5_                                                                  
0001e475  _ZNSt3__112basic_stringIcNS_11char_traitsIcEENS_9allocatorIcEEE19__move_assign_allocB8nn180100ERS5_NS_17integral_constantIbLb1EEE                                    
0001ba35  _ZNSt3__112basic_stringIcNS_11char_traitsIcEENS_9allocatorIcEEE21__grow_by_and_replaceEjjjjjjPKc                                                                     
0001dad9  _ZNSt3__112basic_stringIcNS_11char_traitsIcEENS_9allocatorIcEEE25__init_copy_ctor_externalEPKcj                                                                      
0001d85b  _ZNSt3__112basic_stringIcNS_11char_traitsIcEENS_9allocatorIcEEE6__initEPKcj                                                                                          
0001e789  _ZNSt3__112basic_stringIcNS_11char_traitsIcEENS_9allocatorIcEEE7__allocB8nn180100Ev                                                                                  
0001e3bd  _ZNSt3__112basic_stringIcNS_11char_traitsIcEENS_9allocatorIcEEEC1ERKS5_                                                                                              
0001e39d  _ZNSt3__112basic_stringIcNS_11char_traitsIcEENS_9allocatorIcEEEC2B8nn180100Ev                                                                                        
0001e0bd  _ZNSt3__112basic_stringIcNS_11char_traitsIcEENS_9allocatorIcEEEC2B8nn180100ILi0EEEPKc                                                                                
0001e3bd  _ZNSt3__112basic_stringIcNS_11char_traitsIcEENS_9allocatorIcEEEC2ERKS5_                                                                                              
0001e645  _ZNSt3__112basic_stringIcNS_11char_traitsIcEENS_9allocatorIcEEED1Ev                                                                                                  
0001e645  _ZNSt3__112basic_stringIcNS_11char_traitsIcEENS_9allocatorIcEEED2Ev                                                                                                  
0001e27f  _ZNSt3__112basic_stringIcNS_11char_traitsIcEENS_9allocatorIcEEEaSB8nn180100EOS5_                                                                                     
0001db15  _ZNSt3__112basic_stringIcNS_11char_traitsIcEENS_9allocatorIcEEEaSERKS5_                                                                                              
0001e92f  _ZNSt3__114pointer_traitsIPcE10pointer_toB8nn180100ERc                                                                                                               
[...]
0001e6f1  _ZNSt3__127__do_deallocate_handle_sizeB8nn180100IJEEEvPvjDpT_                                                                                                        
0001e703  TI_memcpy_small                                                                                                                                                      
0001e715  __TI_decompress_none                                                                                                                                                 
0001e737  _Z11Clock_Delayj                                                                                                                                                     
0001e749  _Z28TExaS_LaunchPadLogicPB27PB26v                                                                                                                                    
0001e759  _Z3absB8nn180100f                                                                                                                                                    
0001e769  _ZNKSt3__117__compressed_pairINS_12basic_stringIcNS_11char_traitsIcEENS_9allocatorIcEEE5__repES5_E5firstB8nn180100Ev                                                 
0001e779  _ZNSt3__111char_traitsIcE6lengthB8nn180100EPKc                                                                                                                       
0001e789  _ZNSt3__112basic_stringIcNS_11char_traitsIcEENS_9allocatorIcEEE7__allocB8nn180100Ev                                                                                  
0001e799  _ZNSt3__117__compressed_pairINS_12basic_stringIcNS_11char_traitsIcEENS_9allocatorIcEEE5__repES5_E5firstB8nn180100Ev                                                  
0001e7a9  _ZNSt3__117__compressed_pairINS_12basic_stringIcNS_11char_traitsIcEENS_9allocatorIcEEE5__repES5_E6secondB8nn180100Ev                                                 
0001e7b9  _ZNSt3__118__constexpr_strlenB8nn180100EPKc                                                                                                                          
0001e7c9  _ZNSt3__124__libcpp_operator_deleteB8nn180100IJPvEEEvDpT_                                                                                                            
0001e7d9  _ZNSt3__16__math4sqrtB8nn180100Ef                                                                                                                                    
0001e7f7  _Z12ST7735_lseekili                                                                                                                                                  
0001e805  _ZN8SlidePotC1Ejj                                                                                                                                                    
0001e805  _ZN8SlidePotC2Ejj                                                                                                                                                    
0001e815  __aeabi_memset                                                                                                                                                       
0001e815  __aeabi_memset4                                                                                                                                                      
0001e815  __aeabi_memset8                                                                                                                                                      
0001e83f  strlen                                                                                                                                                               
0001e85b  TI_memset_small                                                                                                                                                      
0001e869  _Z13ST7735_renamePKcS0_                                                                                                                                              
0001e875  _Z22__throw_bad_alloc_shimv                                                                                                                                          
0001e881  _ZNKSt3__112basic_stringIcNS_11char_traitsIcEENS_9allocatorIcEEE20__throw_length_errorB8nn180100Ev                                                                   
0001e88d  _ZNKSt3__112basic_stringIcNS_11char_traitsIcEENS_9allocatorIcEEE20__throw_out_of_rangeB8nn180100Ev                                                                   
0001e899  _ZNSt3__120__throw_length_errorB8nn180100EPKc                                                                                                                        
0001e8a5  _ZNSt3__120__throw_out_of_rangeB8nn180100EPKc                                                                                                                        
0001e8b1  _ZSt15get_new_handlerv                                                                                                                                               
0001e8bd  __aeabi_memclr                                                                                                                                                       
0001e8bd  __aeabi_memclr4                                                                                                                                                      
0001e8bd  __aeabi_memclr8                                                                                                                                                      
0001e8c9  malloc                                                                                                                                                               
0001e8f3  _Z12ST7735_closei                                                                                                                                                    
0001e8fd  _Z13ST7735_unlinkPKc                                                                                                                                                 
0001e907  _Z8PLL_Initv                                                                                                                                                         
0001e911  _ZNKSt3__112basic_stringIcNS_11char_traitsIcEENS_9allocatorIcEEE14__annotate_newB8nn180100Ej                                                                         
0001e91b  _ZNKSt3__112basic_stringIcNS_11char_traitsIcEENS_9allocatorIcEEE17__annotate_shrinkB8nn180100Ej                                                                      
0001e925  _ZNKSt3__122__compressed_pair_elemINS_12basic_stringIcNS_11char_traitsIcEENS_9allocatorIcEEE5__repELi0ELb0EE5__getB8nn180100Ev                                       
0001e92f  _ZNSt3__114pointer_traitsIPcE10pointer_toB8nn180100ERc                                                                                                               
0001e939  _ZNSt3__116__non_trivial_ifILb1ENS_9allocatorIcEEEC2B8nn180100Ev                                                                                                     
0001e943  _ZNSt3__122__compressed_pair_elemINS_12basic_stringIcNS_11char_traitsIcEENS_9allocatorIcEEE5__repELi0ELb0EE5__getB8nn180100Ev                                        
0001e94d  _ZNSt3__122__compressed_pair_elemINS_12basic_stringIcNS_11char_traitsIcEENS_9allocatorIcEEE5__repELi0ELb0EEC2B8nn180100ENS_18__default_init_tagE                     
0001e957  _ZNSt3__122__compressed_pair_elemINS_9allocatorIcEELi1ELb1EE5__getB8nn180100Ev                                                                                       
0001e961  _ZNKSt3__112basic_stringIcNS_11char_traitsIcEENS_9allocatorIcEEE17__annotate_deleteB8nn180100Ev                                                                      
0001e969  _ZdlPv                                                                                                                                                               
0001e971  __aeabi_errno_addr                                                                                                                                                   
0001e979  __aeabi_memcpy                                                                                                                                                       
0001e979  __aeabi_memcpy4                                                                                                                                                      
0001e979  __aeabi_memcpy8                                                                                                                                                      
0001e981  __aeabi_memmove                                                                                                                                                      
0001e981  __aeabi_memmove4                                                                                                                                                     
0001e981  __aeabi_memmove8                                                                                                                                                     
0001e989  __cxa_ia64_exit                                                                                                                                                      
0001e9a1  fseek                                                                                                                                                                
0001e9a9  remove                                                                                                                                                               
0001e9db  abort                                                                                                                                                                
0001e9e0  C$$EXIT                                                                                                                                                              
0001e9e1  HOSTexit                                                                                                                                                             
0001e9fd  Reset_Handler                                                                                                                                                        
0001ea01  _system_pre_init                                                                                                                                                     
0001ea05  abort_message                                                                                                                                                        
0001ea80  __TI_Handler_Table_Base                                                                                                                                              
0001ea8c  __TI_Handler_Table_Limit                                                                                                                                             
0001ea94  __TI_CINIT_Base                                                                                                                                                      
0001eaa4  __TI_CINIT_Limit                                                                                                                                                     
0001eaa4  __TI_CINIT_Warm                                                                                                                                                      
20200000  __start___llvm_prf_bits                                                                                                                                              
20200000  __start___llvm_prf_cnts                                                                                                                                              
20200000  __stop___llvm_prf_bits                                                                                                                                               
20200000  __stop___llvm_prf_cnts                                                                                                                                               
20200000  pArray                                                                                                                                                               
20200168  _ftable                                                                                                                                                              
20200258  _device                                                                                                                                                              
202002d0  _stream                                                                                                                                                              
20200320  Sensor                                                                                                                                                               
20200334  __TI_cleanup_ptr                                                                                                                                                     
20200338  __TI_dtors_ptr                                                                                                                                                       
2020033c  BusFreq                                                                                                                                                              
20200340  SemaphoreFlag                                                                                                                                                        
20200344  StX                                                                                                                                                                  
20200348  StY                                                                                                                                                                  
20200354  __TI_ft_end                                                                                                                                                          
20200358  __aeabi_errno                                                                                                                                                        
2020035c  __cxa_new_handler                                                                                                                                                    
20200360  __dso_handle                                                                                                                                                         
20200364  _lock                                                                                                                                                                
20200368  _unlock                                                                                                                                                              
2020036c  aim                                                                                                                                                                  
20200370  power                                                                                                                                                                
20200374  start                                                                                                                                                                
20200378  StTextColor                                                                                                                                                          
20200381  language                                                                                                                                                             
2020038c  _CIOBUF_                                                                                                                                                             
2020038c  __CIOBUF_                                                                                                                                                            
202004ac  __TI_tmpnams                                                                                                                                                         
202005d4  parmbuf                                                                                                                                                              
202005dc  TExaSLogic                                                                                                                                                           
202005e0  TExaSadc                                                                                                                                                             
202005ec  ResetFlag                                                                                                                                                            
202005f0  ShootFlag                                                                                                                                                            
202005f8  blueScore                                                                                                                                                            
202005f9  redScore                                                                                                                                                             
20200600  _sys_memory                                                                                                                                                          
20207e00  __stack                                                                                                                                                              
20208000  __STACK_END                                                                                                                                                          
ffffffff  __TI_pprof_out_hndl                                                                                                                                                  
ffffffff  __TI_prof_data_size                                                                                                                                                  
ffffffff  __TI_prof_data_start                                                                                                                                                 
ffffffff  __binit__                                                                                                                                                            
ffffffff  binit                                                                                                                                                                
UNDEFED   __mpu_init                                                                                                                                                           
UNDEFED   _system_post_cinit                                                                                                                                                   

[367 symbols]
